 Organizado2_sfun

 Timestamp is 568c7c71 (Tue Jan 05 21:31:13 2016)

 Preferred load address is 0000000180000000

 Start         Length     Name                   Class
 0001:00000000 00024b64H .text                   CODE
 0001:00024b70 00000092H .text$x                 CODE
 0002:00000000 000004c0H .idata$5                DATA
 0002:000004c0 00000008H .CRT$XCA                DATA
 0002:000004c8 00000008H .CRT$XCZ                DATA
 0002:000004d0 00000008H .CRT$XIA                DATA
 0002:000004d8 00000008H .CRT$XIAA               DATA
 0002:000004e0 00000008H .CRT$XIZ                DATA
 0002:000004f0 0000079cH .rdata                  DATA
 0002:00000c90 00000008H .rtc$IAA                DATA
 0002:00000c98 00000008H .rtc$IZZ                DATA
 0002:00000ca0 00000008H .rtc$TAA                DATA
 0002:00000ca8 00000008H .rtc$TZZ                DATA
 0002:00000cb0 00000860H .xdata                  DATA
 0002:00001510 0000008cH .idata$2                DATA
 0002:0000159c 00000014H .idata$3                DATA
 0002:000015b0 000004c0H .idata$4                DATA
 0002:00001a70 00000d1eH .idata$6                DATA
 0002:00002790 00000056H .edata                  DATA
 0003:00000000 0000ae28H .data                   DATA
 0003:0000ae30 000006c8H .bss                    DATA
 0004:00000000 00000a50H .pdata                  DATA

  Address         Publics by Value              Rva+Base               Lib:Object

 0000:00000000       ___safe_se_handler_table   0000000000000000     <absolute>
 0000:00000000       ___safe_se_handler_count   0000000000000000     <absolute>
 0000:00000000       __ImageBase                0000000180000000     <linker-defined>
 0001:00000000       Organizado2_initializer    0000000180001000 f   Organizado2_sfun.obj
 0001:00000010       Organizado2_terminator     0000000180001010 f   Organizado2_sfun.obj
 0001:00000020       sf_Organizado2_method_dispatcher 0000000180001020 f   Organizado2_sfun.obj
 0001:00000090       sf_Organizado2_process_check_sum_call 0000000180001090 f   Organizado2_sfun.obj
 0001:000004b0       sf_Organizado2_autoinheritance_info 00000001800014b0 f   Organizado2_sfun.obj
 0001:00000670       sf_Organizado2_get_eml_resolved_functions_info 0000000180001670 f   Organizado2_sfun.obj
 0001:000007e0       sf_Organizado2_third_party_uses_info 00000001800017e0 f   Organizado2_sfun.obj
 0001:00000960       sf_Organizado2_updateBuildInfo_args_info 0000000180001960 f   Organizado2_sfun.obj
 0001:00000ae0       Organizado2_debug_initialize 0000000180001ae0 f   Organizado2_sfun.obj
 0001:00000b60       Organizado2_register_exported_symbols 0000000180001b60 f   Organizado2_sfun.obj
 0001:00000b70       load_Organizado2_optimization_info 0000000180001b70 f   Organizado2_sfun.obj
 0001:00000bc0       unload_Organizado2_optimization_info 0000000180001bc0 f   Organizado2_sfun.obj
 0001:00000bf0       sf_c1_Organizado2_get_eml_resolved_functions_info 0000000180001bf0 f   c1_Organizado2.obj
 0001:0000c200       sf_c1_Organizado2_get_check_sum 000000018000d200 f   c1_Organizado2.obj
 0001:0000c280       sf_c1_Organizado2_get_autoinheritance_info 000000018000d280 f   c1_Organizado2.obj
 0001:0000cbd0       sf_c1_Organizado2_third_party_uses_info 000000018000dbd0 f   c1_Organizado2.obj
 0001:0000cc00       sf_c1_Organizado2_updateBuildInfo_args_info 000000018000dc00 f   c1_Organizado2.obj
 0001:0000cc30       sf_internal_get_sim_state_c1_Organizado2 000000018000dc30 f   c1_Organizado2.obj
 0001:0000d120       sf_internal_set_sim_state_c1_Organizado2 000000018000e120 f   c1_Organizado2.obj
 0001:0000d5a0       c1_Organizado2_method_dispatcher 000000018000e5a0 f   c1_Organizado2.obj
 0001:00015320       sf_c2_Organizado2_get_eml_resolved_functions_info 0000000180016320 f   c2_Organizado2.obj
 0001:00018540       sf_c2_Organizado2_get_check_sum 0000000180019540 f   c2_Organizado2.obj
 0001:000185c0       sf_c2_Organizado2_get_autoinheritance_info 00000001800195c0 f   c2_Organizado2.obj
 0001:00018c80       sf_c2_Organizado2_third_party_uses_info 0000000180019c80 f   c2_Organizado2.obj
 0001:00018cb0       sf_c2_Organizado2_updateBuildInfo_args_info 0000000180019cb0 f   c2_Organizado2.obj
 0001:00018ce0       sf_internal_get_sim_state_c2_Organizado2 0000000180019ce0 f   c2_Organizado2.obj
 0001:000191e0       sf_internal_set_sim_state_c2_Organizado2 000000018001a1e0 f   c2_Organizado2.obj
 0001:00019660       c2_Organizado2_method_dispatcher 000000018001a660 f   c2_Organizado2.obj
 0001:0001d9f0       sf_process_check_sum_call  000000018001e9f0 f   Organizado2_sfun_registry.obj
 0001:0001da40       sf_process_autoinheritance_call 000000018001ea40 f   Organizado2_sfun_registry.obj
 0001:0001dbe0       sf_process_get_third_party_uses_info_call 000000018001ebe0 f   Organizado2_sfun_registry.obj
 0001:0001dd80       sf_process_get_updateBuildInfo_args_info_call 000000018001ed80 f   Organizado2_sfun_registry.obj
 0001:0001df20       sf_process_get_eml_resolved_functions_info_call 000000018001ef20 f   Organizado2_sfun_registry.obj
 0001:0001e0a0       sf_mex_unlock_call         000000018001f0a0 f   Organizado2_sfun_registry.obj
 0001:0001e150       sf_machine_global_initializer_called 000000018001f150 f   Organizado2_sfun_registry.obj
 0001:0001e180       sf_machine_global_method_dispatcher 000000018001f180 f   Organizado2_sfun_registry.obj
 0001:0001e1e0       sf_machine_global_terminator 000000018001f1e0 f   Organizado2_sfun_registry.obj
 0001:0001e230       sf_register_machine_exported_symbols 000000018001f230 f   Organizado2_sfun_registry.obj
 0001:0001e250       callCustomFcn              000000018001f250 f   Organizado2_sfun_registry.obj
 0001:0001e260       sf_machine_global_initializer 000000018001f260 f   Organizado2_sfun_registry.obj
 0001:0001e2e0       mdlGetSimState             000000018001f2e0 f   Organizado2_sfun_registry.obj
 0001:0001e360       mdlSetSimState             000000018001f360 f   Organizado2_sfun_registry.obj
 0001:0001e3a0       _ssSetStateAbsTol          000000018001f3a0 f   Organizado2_sfun_registry.obj
 0001:0001e480       _ssGetAbsTol               000000018001f480 f   Organizado2_sfun_registry.obj
 0001:0001e4f0       _ssSetInputPortMatrixDimensions 000000018001f4f0 f   Organizado2_sfun_registry.obj
 0001:0001e600       _ssSetOutputPortMatrixDimensions 000000018001f600 f   Organizado2_sfun_registry.obj
 0001:0001e710       _ssSetInputPortVectorDimension 000000018001f710 f   Organizado2_sfun_registry.obj
 0001:0001e7e0       _ssSetOutputPortVectorDimension 000000018001f7e0 f   Organizado2_sfun_registry.obj
 0001:0001e8b0       ssIsRunTimeParamTunable    000000018001f8b0 f   Organizado2_sfun_registry.obj
 0001:0001e920       ssGetSFuncBlockHandle      000000018001f920 f   Organizado2_sfun_registry.obj
 0001:0001e990       _ssGetCurrentInputPortWidth 000000018001f990 f   Organizado2_sfun_registry.obj
 0001:0001eab0       _ssGetCurrentOutputPortWidth 000000018001fab0 f   Organizado2_sfun_registry.obj
 0001:0001ebd0       _ssGetCallSystemNumFcnCallDestinations 000000018001fbd0 f   Organizado2_sfun_registry.obj
 0001:0001ec40       ssWarning                  000000018001fc40 f   Organizado2_sfun_registry.obj
 0001:0001ed50       ssGetIsZeroCrossControlDisabled 000000018001fd50 f   Organizado2_sfun_registry.obj
 0001:0001edc0       ssSetIsInputPortUsedForContZcSignal 000000018001fdc0 f   Organizado2_sfun_registry.obj
 0001:0001ee30       ssSetZcSignalIsZcElementDisc 000000018001fe30 f   Organizado2_sfun_registry.obj
 0001:0001eee0       ssSetZcSignalName          000000018001fee0 f   Organizado2_sfun_registry.obj
 0001:0001ef50       ssSetZcSignalWidth         000000018001ff50 f   Organizado2_sfun_registry.obj
 0001:0001efc0       ssSetZcSignalZcEventType   000000018001ffc0 f   Organizado2_sfun_registry.obj
 0001:0001f030       ssSetZcSignalType          0000000180020030 f   Organizado2_sfun_registry.obj
 0001:0001f0a0       ssSetZcSignalZcTol         00000001800200a0 f   Organizado2_sfun_registry.obj
 0001:0001f110       ssSetZcSignalNeedsEventNotification 0000000180020110 f   Organizado2_sfun_registry.obj
 0001:0001f180       ssCreateAndAddZcSignalInfo 0000000180020180 f   Organizado2_sfun_registry.obj
 0001:0001f1f0       ssCloneAndAddZcSignalInfo  00000001800201f0 f   Organizado2_sfun_registry.obj
 0001:0001f260       ssGetNumZcSignals          0000000180020260 f   Organizado2_sfun_registry.obj
 0001:0001f2d0       ssGetZcSignalVector        00000001800202d0 f   Organizado2_sfun_registry.obj
 0001:0001f340       ssGetZcSignalZcEvents      0000000180020340 f   Organizado2_sfun_registry.obj
 0001:0001f3b0       ssGetZcSignalName          00000001800203b0 f   Organizado2_sfun_registry.obj
 0001:0001f420       ssGetZcSignalWidth         0000000180020420 f   Organizado2_sfun_registry.obj
 0001:0001f490       ssGetZcSignalZcEventType   0000000180020490 f   Organizado2_sfun_registry.obj
 0001:0001f500       ssGetZcSignalType          0000000180020500 f   Organizado2_sfun_registry.obj
 0001:0001f570       ssGetZcSignalZcTol         0000000180020570 f   Organizado2_sfun_registry.obj
 0001:0001f5f0       ssGetZcSignalNeedsEventNotification 00000001800205f0 f   Organizado2_sfun_registry.obj
 0001:0001f660       ssGetZcSignalIsZcElementDisc 0000000180020660 f   Organizado2_sfun_registry.obj
 0001:0001f700       ssGetIsInputPortElementContinuous 0000000180020700 f   Organizado2_sfun_registry.obj
 0001:0001f7a0       _ssGetInputPortSignalPtrsFcn 00000001800207a0 f   Organizado2_sfun_registry.obj
 0001:0001fa60       _ssGetInputPortSignalFcn   0000000180020a60 f   Organizado2_sfun_registry.obj
 0001:0001fc80       _ssSetInputPortDirectFeedThroughFcn 0000000180020c80 f   Organizado2_sfun_registry.obj
 0001:0001fde0       _ssSetInputPortReusableFcn 0000000180020de0 f   Organizado2_sfun_registry.obj
 0001:0001fed0       _ssSetOutputPortReusableFcn 0000000180020ed0 f   Organizado2_sfun_registry.obj
 0001:0001ffb0       ssGetDTypeIdFromMxArray    0000000180020fb0 f   Organizado2_sfun_registry.obj
 0001:000200d0       ssWriteRTWStr              00000001800210d0 f   Organizado2_sfun_registry.obj
 0001:00020130       ssWriteRTWMxVectParam      0000000180021130 f   Organizado2_sfun_registry.obj
 0001:00020190       ssWriteRTWMx2dMatParam     0000000180021190 f   Organizado2_sfun_registry.obj
 0001:00020210       ssWriteRTWNameValuePair    0000000180021210 f   Organizado2_sfun_registry.obj
 0001:00020700       ssWriteRTWParameters       0000000180021700 f   Organizado2_sfun_registry.obj
 0001:00020d00       ssWriteRTWParamSettings    0000000180021d00 f   Organizado2_sfun_registry.obj
 0001:000213d0       ssWriteRTWWorkVect         00000001800223d0 f   Organizado2_sfun_registry.obj
 0001:000218d0       mexFunction                00000001800228d0 f   Organizado2_sfun_registry.obj
 0001:00023d50       ProcessMexSfunctionEveryCall 0000000180024d50 f   Organizado2_sfun_registry.obj
 0001:00023ed2       sf_debug_set_machine_data_thresholds 0000000180024ed2 f   sf_runtime:sf_runtime.dll
 0001:00023ed8       sf_debug_set_machine_event_thresholds 0000000180024ed8 f   sf_runtime:sf_runtime.dll
 0001:00023ede       sf_debug_initialize_machine 0000000180024ede f   sf_runtime:sf_runtime.dll
 0001:00023ee4       sf_load_rtw_optimization_info 0000000180024ee4 f   sf_runtime:sf_runtime.dll
 0001:00023eea       sf_mex_emlrtNameCapturePostProcessR2012a 0000000180024eea f   sf_runtime:sf_runtime.dll
 0001:00023ef0       sf_mex_assign              0000000180024ef0 f   sf_runtime:sf_runtime.dll
 0001:00023ef6       sf_mex_createstruct        0000000180024ef6 f   sf_runtime:sf_runtime.dll
 0001:00023efc       sf_mex_destroy             0000000180024efc f   sf_runtime:sf_runtime.dll
 0001:00023f02       sf_mex_duplicatearraysafe  0000000180024f02 f   sf_runtime:sf_runtime.dll
 0001:00023f08       sf_mex_createcellmatrix    0000000180024f08 f   sf_runtime:sf_runtime.dll
 0001:00023f0e       sf_mex_addfield            0000000180024f0e f   sf_runtime:sf_runtime.dll
 0001:00023f14       sf_mex_create              0000000180024f14 f   sf_runtime:sf_runtime.dll
 0001:00023f1a       sf_mex_error_message       0000000180024f1a f   sf_runtime:sf_runtime.dll
 0001:00023f20       sf_mex_call_matlab         0000000180024f20 f   sf_runtime:sf_runtime.dll
 0001:00023f26       sf_mex_setcell             0000000180024f26 f   sf_runtime:sf_runtime.dll
 0001:00023f2c       sf_mex_decode_encoded_mx_struct_array 0000000180024f2c f   sf_runtime:sf_runtime.dll
 0001:00023f32       sf_mex_getcell             0000000180024f32 f   sf_runtime:sf_runtime.dll
 0001:00023f38       sf_mex_dup                 0000000180024f38 f   sf_runtime:sf_runtime.dll
 0001:00023f3e       sf_mex_import              0000000180024f3e f   sf_runtime:sf_runtime.dll
 0001:00023f44       sf_set_rtw_dwork_info      0000000180024f44 f   sf_runtime:sf_runtime.dll
 0001:00023f4a       sf_mark_chart_reusable_outputs 0000000180024f4a f   sf_runtime:sf_runtime.dll
 0001:00023f50       sf_mark_chart_expressionable_inputs 0000000180024f50 f   sf_runtime:sf_runtime.dll
 0001:00023f56       sf_update_buildInfo        0000000180024f56 f   sf_runtime:sf_runtime.dll
 0001:00023f5c       sf_rtw_info_uint_prop      0000000180024f5c f   sf_runtime:sf_runtime.dll
 0001:00023f62       sf_is_chart_inlinable      0000000180024f62 f   sf_runtime:sf_runtime.dll
 0001:00023f68       sim_mode_is_external       0000000180024f68 f   sf_runtime:sf_runtime.dll
 0001:00023f6e       sim_mode_is_rtw_gen        0000000180024f6e f   sf_runtime:sf_runtime.dll
 0001:00023f74       sf_debug_reset_current_state_configuration 0000000180024f74 f   sf_runtime:sf_runtime.dll
 0001:00023f7a       sf_debug_set_instance_data_value_ptr 0000000180024f7a f   sf_runtime:sf_runtime.dll
 0001:00023f80       sf_debug_set_chart_data_compiled_props 0000000180024f80 f   sf_runtime:sf_runtime.dll
 0001:00023f86       cv_script_init_mcdc        0000000180024f86 f   sf_runtime:sf_runtime.dll
 0001:00023f8c       cv_script_init_if          0000000180024f8c f   sf_runtime:sf_runtime.dll
 0001:00023f92       cv_script_init_fcn         0000000180024f92 f   sf_runtime:sf_runtime.dll
 0001:00023f98       cv_script_init_script      0000000180024f98 f   sf_runtime:sf_runtime.dll
 0001:00023f9e       cv_eml_init_mcdc           0000000180024f9e f   sf_runtime:sf_runtime.dll
 0001:00023fa4       cv_eml_init_if             0000000180024fa4 f   sf_runtime:sf_runtime.dll
 0001:00023faa       cv_eml_init_fcn            0000000180024faa f   sf_runtime:sf_runtime.dll
 0001:00023fb0       cv_eml_init_script         0000000180024fb0 f   sf_runtime:sf_runtime.dll
 0001:00023fb6       sf_debug_cv_init_trans     0000000180024fb6 f   sf_runtime:sf_runtime.dll
 0001:00023fbc       sf_debug_cv_init_state     0000000180024fbc f   sf_runtime:sf_runtime.dll
 0001:00023fc2       sf_debug_cv_init_chart     0000000180024fc2 f   sf_runtime:sf_runtime.dll
 0001:00023fc8       sf_debug_set_chart_decomposition 0000000180024fc8 f   sf_runtime:sf_runtime.dll
 0001:00023fce       sf_debug_set_chart_substate_count 0000000180024fce f   sf_runtime:sf_runtime.dll
 0001:00023fd4       sf_debug_set_chart_state_info 0000000180024fd4 f   sf_runtime:sf_runtime.dll
 0001:00023fda       sf_debug_set_chart_data_props 0000000180024fda f   sf_runtime:sf_runtime.dll
 0001:00023fe0       sf_debug_set_chart_event_thresholds 0000000180024fe0 f   sf_runtime:sf_runtime.dll
 0001:00023fe6       sf_debug_set_chart_disable_implicit_casting 0000000180024fe6 f   sf_runtime:sf_runtime.dll
 0001:00023fec       sf_debug_initialize_chart  0000000180024fec f   sf_runtime:sf_runtime.dll
 0001:00023ff2       sf_debug_set_script_translation 0000000180024ff2 f   sf_runtime:sf_runtime.dll
 0001:00023ff8       sf_debug_get_script_id     0000000180024ff8 f   sf_runtime:sf_runtime.dll
 0001:00023ffe       sf_get_time                0000000180024ffe f   sf_runtime:sf_runtime.dll
 0001:00024004       sf_debug_check_for_state_inconsistency 0000000180025004 f   sf_runtime:sf_runtime.dll
 0001:0002400a       sf_debug_symbol_scope_pop  000000018002500a f   sf_runtime:sf_runtime.dll
 0001:00024010       sf_debug_data_range_wrapper 0000000180025010 f   sf_runtime:sf_runtime.dll
 0001:00024016       sf_debug_call              0000000180025016 f   sf_runtime:sf_runtime.dll
 0001:0002401c       sf_debug_symbol_scope_push 000000018002501c f   sf_runtime:sf_runtime.dll
 0001:00024022       eml_debug_line_call        0000000180025022 f   sf_runtime:sf_runtime.dll
 0001:00024028       cv_eml_eval                0000000180025028 f   sf_runtime:sf_runtime.dll
 0001:0002402e       sf_debug_symbol_scope_add_eml 000000018002502e f   sf_runtime:sf_runtime.dll
 0001:00024034       sf_debug_symbol_scope_add_eml_importable 0000000180025034 f   sf_runtime:sf_runtime.dll
 0001:0002403a       sf_debug_symbol_scope_push_eml 000000018002503a f   sf_runtime:sf_runtime.dll
 0001:00024040       sf_mex_call_debug          0000000180025040 f   sf_runtime:sf_runtime.dll
 0001:00024046       sf_debug_eml_data_array_bounds_error_check 0000000180025046 f   sf_runtime:sf_runtime.dll
 0001:0002404c       sf_debug_integer_check     000000018002504c f   sf_runtime:sf_runtime.dll
 0001:00024052       sf_clear_rtw_identifier    0000000180025052 f   sf_runtime:sf_runtime.dll
 0001:00024058       sf_debug_terminate         0000000180025058 f   sf_runtime:sf_runtime.dll
 0001:0002405e       sf_debug_create_debug_instance_struct 000000018002505e f   sf_runtime:sf_runtime.dll
 0001:00024064       sf_debug_api               0000000180025064 f   sf_runtime:sf_runtime.dll
 0001:0002406a       callMdlMethodAndReportError 000000018002506a f   sf_runtime:sf_runtime.dll
 0001:00024070       call_sf_machine_global_method_dispatcher 0000000180025070 f   sf_runtime:sf_runtime.dll
 0001:00024076       sf_clear_error_manager_info 0000000180025076 f   sf_runtime:sf_runtime.dll
 0001:0002407c       sf_mex_error_direct_call   000000018002507c f   sf_runtime:sf_runtime.dll
 0001:00024082       mxGetScalar                0000000180025082 f   libmx:libmx.dll
 0001:00024088       mxGetPr                    0000000180025088 f   libmx:libmx.dll
 0001:0002408e       mxCreateDoubleMatrix_730   000000018002508e f   libmx:libmx.dll
 0001:00024094       mxGetString_730            0000000180025094 f   libmx:libmx.dll
 0001:0002409a       mxIsChar                   000000018002509a f   libmx:libmx.dll
 0001:000240a0       mxDestroyArray             00000001800250a0 f   libmx:libmx.dll
 0001:000240a6       mxDuplicateArray           00000001800250a6 f   libmx:libmx.dll
 0001:000240ac       mxCreateDoubleScalar       00000001800250ac f   libmx:libmx.dll
 0001:000240b2       mxSetField_730             00000001800250b2 f   libmx:libmx.dll
 0001:000240b8       mxCreateString             00000001800250b8 f   libmx:libmx.dll
 0001:000240be       mxCreateStructMatrix_730   00000001800250be f   libmx:libmx.dll
 0001:000240c4       mxCreateCellMatrix_730     00000001800250c4 f   libmx:libmx.dll
 0001:000240ca       mxGetNaN                   00000001800250ca f   libmx:libmx.dll
 0001:000240d0       mxGetClassID               00000001800250d0 f   libmx:libmx.dll
 0001:000240d6       mxIsNumeric                00000001800250d6 f   libmx:libmx.dll
 0001:000240dc       mxIsComplex                00000001800250dc f   libmx:libmx.dll
 0001:000240e2       mxGetN                     00000001800250e2 f   libmx:libmx.dll
 0001:000240e8       mxGetM                     00000001800250e8 f   libmx:libmx.dll
 0001:000240ee       mxCalloc                   00000001800250ee f   libmx:libmx.dll
 0001:000240f4       mexMakeArrayPersistent     00000001800250f4 f   libmex:libmex.dll
 0001:000240fa       mexUnlock                  00000001800250fa f   libmex:libmex.dll
 0001:00024100       mexIsLocked                0000000180025100 f   libmex:libmex.dll
 0001:00024106       mexWarnMsgTxt              0000000180025106 f   libmex:libmex.dll
 0001:0002410c       mexCallMATLAB              000000018002510c f   libmex:libmex.dll
 0001:00024112       mexErrMsgTxt               0000000180025112 f   libmex:libmex.dll
 0001:00024118       mexLock                    0000000180025118 f   libmex:libmex.dll
 0001:0002411e       utMalloc                   000000018002511e f   libut:libut.dll
 0001:00024124       utFree                     0000000180025124 f   libut:libut.dll
 0001:0002412a       muDoubleScalarCos          000000018002512a f   libmwmathutil:libmwmathutil.dll
 0001:00024130       muDoubleScalarSin          0000000180025130 f   libmwmathutil:libmwmathutil.dll
 0001:00024136       muDoubleScalarAtan2        0000000180025136 f   libmwmathutil:libmwmathutil.dll
 0001:0002413c       muDoubleScalarIsNaN        000000018002513c f   libmwmathutil:libmwmathutil.dll
 0001:00024142       muDoubleScalarAbs          0000000180025142 f   libmwmathutil:libmwmathutil.dll
 0001:00024148       muDoubleScalarSqrt         0000000180025148 f   libmwmathutil:libmwmathutil.dll
 0001:0002414e       muDoubleScalarPower        000000018002514e f   libmwmathutil:libmwmathutil.dll
 0001:00024154       __GSHandlerCheckCommon     0000000180025154 f   MSVCRT:gshandler.obj
 0001:000241b8       __GSHandlerCheck           00000001800251b8 f   MSVCRT:gshandler.obj
 0001:000241d6       strcmp                     00000001800251d6 f   MSVCRT:MSVCR100.dll
 0001:000241f0       __security_check_cookie    00000001800251f0 f   MSVCRT:amdsecgs.obj
 0001:00024210       strlen                     0000000180025210 f   MSVCRT:MSVCR100.dll
 0001:00024216       memset                     0000000180025216 f   MSVCRT:MSVCR100.dll
 0001:0002421c       free                       000000018002521c f   MSVCRT:MSVCR100.dll
 0001:00024222       sprintf                    0000000180025222 f   MSVCRT:MSVCR100.dll
 0001:00024228       malloc                     0000000180025228 f   MSVCRT:MSVCR100.dll
 0001:0002422e       strcat                     000000018002522e f   MSVCRT:MSVCR100.dll
 0001:00024234       memcpy                     0000000180025234 f   MSVCRT:MSVCR100.dll
 0001:0002423c       NtCurrentTeb               000000018002523c f i MSVCRT:crtdll.obj
 0001:000242a8       _CRT_INIT                  00000001800252a8 f   MSVCRT:crtdll.obj
 0001:00024640       _DllMainCRTStartup         0000000180025640 f   MSVCRT:crtdll.obj
 0001:00024680       __report_gsfailure         0000000180025680 f   MSVCRT:gs_report.obj
 0001:000247cc       __clean_type_info_names    00000001800257cc f   MSVCRT:tncleanup.obj
 0001:000247d8       _onexit                    00000001800257d8 f   MSVCRT:atonexit.obj
 0001:00024888       atexit                     0000000180025888 f   MSVCRT:atonexit.obj
 0001:000248a0       _RTC_Initialize            00000001800258a0 f   MSVCRT:_initsect_.obj
 0001:000248d8       _RTC_Terminate             00000001800258d8 f   MSVCRT:_initsect_.obj
 0001:00024910       _malloc_crt                0000000180025910 f   MSVCRT:MSVCR100.dll
 0001:00024920       _ValidateImageBase         0000000180025920 f   MSVCRT:pesect.obj
 0001:00024950       _FindPESection             0000000180025950 f   MSVCRT:pesect.obj
 0001:000249a0       _IsNonwritableInCurrentImage 00000001800259a0 f   MSVCRT:pesect.obj
 0001:000249e2       _initterm                  00000001800259e2 f   MSVCRT:MSVCR100.dll
 0001:000249e8       _initterm_e                00000001800259e8 f   MSVCRT:MSVCR100.dll
 0001:000249ee       _encoded_null              00000001800259ee f   MSVCRT:MSVCR100.dll
 0001:000249f4       _amsg_exit                 00000001800259f4 f   MSVCRT:MSVCR100.dll
 0001:000249fa       __C_specific_handler       00000001800259fa f   MSVCRT:MSVCR100.dll
 0001:00024a00       __CppXcptFilter            0000000180025a00 f   MSVCRT:MSVCR100.dll
 0001:00024a08       DllMain                    0000000180025a08 f   MSVCRT:dllmain.obj
 0001:00024a2c       __security_init_cookie     0000000180025a2c f   MSVCRT:gs_support.obj
 0001:00024ae0       __crt_debugger_hook        0000000180025ae0 f   MSVCRT:MSVCR100.dll
 0001:00024ae6       __clean_type_info_names_internal 0000000180025ae6 f   MSVCRT:MSVCR100.dll
 0001:00024aec       _unlock                    0000000180025aec f   MSVCRT:MSVCR100.dll
 0001:00024af2       __dllonexit                0000000180025af2 f   MSVCRT:MSVCR100.dll
 0001:00024af8       _lock                      0000000180025af8 f   MSVCRT:MSVCR100.dll
 0001:00024afe       EncodePointer              0000000180025afe f   kernel32:KERNEL32.dll
 0001:00024b04       DecodePointer              0000000180025b04 f   kernel32:KERNEL32.dll
 0001:00024b0a       Sleep                      0000000180025b0a f   kernel32:KERNEL32.dll
 0001:00024b10       TerminateProcess           0000000180025b10 f   kernel32:KERNEL32.dll
 0001:00024b16       GetCurrentProcess          0000000180025b16 f   kernel32:KERNEL32.dll
 0001:00024b1c       UnhandledExceptionFilter   0000000180025b1c f   kernel32:KERNEL32.dll
 0001:00024b22       SetUnhandledExceptionFilter 0000000180025b22 f   kernel32:KERNEL32.dll
 0001:00024b28       IsDebuggerPresent          0000000180025b28 f   kernel32:KERNEL32.dll
 0001:00024b2e       RtlVirtualUnwind           0000000180025b2e f   kernel32:KERNEL32.dll
 0001:00024b34       RtlLookupFunctionEntry     0000000180025b34 f   kernel32:KERNEL32.dll
 0001:00024b3a       RtlCaptureContext          0000000180025b3a f   kernel32:KERNEL32.dll
 0001:00024b40       DisableThreadLibraryCalls  0000000180025b40 f   kernel32:KERNEL32.dll
 0001:00024b46       QueryPerformanceCounter    0000000180025b46 f   kernel32:KERNEL32.dll
 0001:00024b4c       GetTickCount               0000000180025b4c f   kernel32:KERNEL32.dll
 0001:00024b52       GetCurrentThreadId         0000000180025b52 f   kernel32:KERNEL32.dll
 0001:00024b58       GetCurrentProcessId        0000000180025b58 f   kernel32:KERNEL32.dll
 0001:00024b5e       GetSystemTimeAsFileTime    0000000180025b5e f   kernel32:KERNEL32.dll
 0002:00000000       __imp_GetSystemTimeAsFileTime 0000000180026000     kernel32:KERNEL32.dll
 0002:00000008       __imp_GetCurrentProcessId  0000000180026008     kernel32:KERNEL32.dll
 0002:00000010       __imp_GetCurrentThreadId   0000000180026010     kernel32:KERNEL32.dll
 0002:00000018       __imp_GetTickCount         0000000180026018     kernel32:KERNEL32.dll
 0002:00000020       __imp_QueryPerformanceCounter 0000000180026020     kernel32:KERNEL32.dll
 0002:00000028       __imp_DisableThreadLibraryCalls 0000000180026028     kernel32:KERNEL32.dll
 0002:00000030       __imp_RtlCaptureContext    0000000180026030     kernel32:KERNEL32.dll
 0002:00000038       __imp_RtlLookupFunctionEntry 0000000180026038     kernel32:KERNEL32.dll
 0002:00000040       __imp_RtlVirtualUnwind     0000000180026040     kernel32:KERNEL32.dll
 0002:00000048       __imp_IsDebuggerPresent    0000000180026048     kernel32:KERNEL32.dll
 0002:00000050       __imp_SetUnhandledExceptionFilter 0000000180026050     kernel32:KERNEL32.dll
 0002:00000058       __imp_UnhandledExceptionFilter 0000000180026058     kernel32:KERNEL32.dll
 0002:00000060       __imp_GetCurrentProcess    0000000180026060     kernel32:KERNEL32.dll
 0002:00000068       __imp_TerminateProcess     0000000180026068     kernel32:KERNEL32.dll
 0002:00000070       __imp_Sleep                0000000180026070     kernel32:KERNEL32.dll
 0002:00000078       __imp_DecodePointer        0000000180026078     kernel32:KERNEL32.dll
 0002:00000080       __imp_EncodePointer        0000000180026080     kernel32:KERNEL32.dll
 0002:00000088       \177KERNEL32_NULL_THUNK_DATA 0000000180026088     kernel32:KERNEL32.dll
 0002:00000090       __imp__onexit              0000000180026090     MSVCRT:MSVCR100.dll
 0002:00000098       __imp__lock                0000000180026098     MSVCRT:MSVCR100.dll
 0002:000000a0       __imp___dllonexit          00000001800260a0     MSVCRT:MSVCR100.dll
 0002:000000a8       __imp__unlock              00000001800260a8     MSVCRT:MSVCR100.dll
 0002:000000b0       __imp___clean_type_info_names_internal 00000001800260b0     MSVCRT:MSVCR100.dll
 0002:000000b8       __imp___crt_debugger_hook  00000001800260b8     MSVCRT:MSVCR100.dll
 0002:000000c0       __imp___CppXcptFilter      00000001800260c0     MSVCRT:MSVCR100.dll
 0002:000000c8       __imp___C_specific_handler 00000001800260c8     MSVCRT:MSVCR100.dll
 0002:000000d0       __imp__amsg_exit           00000001800260d0     MSVCRT:MSVCR100.dll
 0002:000000d8       __imp__encoded_null        00000001800260d8     MSVCRT:MSVCR100.dll
 0002:000000e0       __imp__initterm_e          00000001800260e0     MSVCRT:MSVCR100.dll
 0002:000000e8       __imp__initterm            00000001800260e8     MSVCRT:MSVCR100.dll
 0002:000000f0       __imp__malloc_crt          00000001800260f0     MSVCRT:MSVCR100.dll
 0002:000000f8       __imp_memcpy               00000001800260f8     MSVCRT:MSVCR100.dll
 0002:00000100       __imp_strcat               0000000180026100     MSVCRT:MSVCR100.dll
 0002:00000108       __imp_malloc               0000000180026108     MSVCRT:MSVCR100.dll
 0002:00000110       __imp_sprintf              0000000180026110     MSVCRT:MSVCR100.dll
 0002:00000118       __imp_free                 0000000180026118     MSVCRT:MSVCR100.dll
 0002:00000120       __imp_memset               0000000180026120     MSVCRT:MSVCR100.dll
 0002:00000128       __imp_strlen               0000000180026128     MSVCRT:MSVCR100.dll
 0002:00000130       __imp_strcmp               0000000180026130     MSVCRT:MSVCR100.dll
 0002:00000138       \177MSVCR100_NULL_THUNK_DATA 0000000180026138     MSVCRT:MSVCR100.dll
 0002:00000140       __imp_mexUnlock            0000000180026140     libmex:libmex.dll
 0002:00000148       __imp_mexIsLocked          0000000180026148     libmex:libmex.dll
 0002:00000150       __imp_mexWarnMsgTxt        0000000180026150     libmex:libmex.dll
 0002:00000158       __imp_mexCallMATLAB        0000000180026158     libmex:libmex.dll
 0002:00000160       __imp_mexErrMsgTxt         0000000180026160     libmex:libmex.dll
 0002:00000168       __imp_mexLock              0000000180026168     libmex:libmex.dll
 0002:00000170       __imp_mexMakeArrayPersistent 0000000180026170     libmex:libmex.dll
 0002:00000178       \177libmex_NULL_THUNK_DATA 0000000180026178     libmex:libmex.dll
 0002:00000180       __imp_muDoubleScalarSin    0000000180026180     libmwmathutil:libmwmathutil.dll
 0002:00000188       __imp_muDoubleScalarAtan2  0000000180026188     libmwmathutil:libmwmathutil.dll
 0002:00000190       __imp_muDoubleScalarIsNaN  0000000180026190     libmwmathutil:libmwmathutil.dll
 0002:00000198       __imp_muDoubleScalarAbs    0000000180026198     libmwmathutil:libmwmathutil.dll
 0002:000001a0       __imp_muDoubleScalarSqrt   00000001800261a0     libmwmathutil:libmwmathutil.dll
 0002:000001a8       __imp_muDoubleScalarPower  00000001800261a8     libmwmathutil:libmwmathutil.dll
 0002:000001b0       __imp_muDoubleScalarCos    00000001800261b0     libmwmathutil:libmwmathutil.dll
 0002:000001b8       \177libmwmathutil_NULL_THUNK_DATA 00000001800261b8     libmwmathutil:libmwmathutil.dll
 0002:000001c0       __imp_mxCalloc             00000001800261c0     libmx:libmx.dll
 0002:000001c8       __imp_mxGetM               00000001800261c8     libmx:libmx.dll
 0002:000001d0       __imp_mxGetN               00000001800261d0     libmx:libmx.dll
 0002:000001d8       __imp_mxIsComplex          00000001800261d8     libmx:libmx.dll
 0002:000001e0       __imp_mxIsNumeric          00000001800261e0     libmx:libmx.dll
 0002:000001e8       __imp_mxGetClassID         00000001800261e8     libmx:libmx.dll
 0002:000001f0       __imp_mxGetNaN             00000001800261f0     libmx:libmx.dll
 0002:000001f8       __imp_mxCreateCellMatrix_730 00000001800261f8     libmx:libmx.dll
 0002:00000200       __imp_mxCreateStructMatrix_730 0000000180026200     libmx:libmx.dll
 0002:00000208       __imp_mxCreateString       0000000180026208     libmx:libmx.dll
 0002:00000210       __imp_mxSetField_730       0000000180026210     libmx:libmx.dll
 0002:00000218       __imp_mxCreateDoubleScalar 0000000180026218     libmx:libmx.dll
 0002:00000220       __imp_mxDuplicateArray     0000000180026220     libmx:libmx.dll
 0002:00000228       __imp_mxDestroyArray       0000000180026228     libmx:libmx.dll
 0002:00000230       __imp_mxIsChar             0000000180026230     libmx:libmx.dll
 0002:00000238       __imp_mxGetString_730      0000000180026238     libmx:libmx.dll
 0002:00000240       __imp_mxGetScalar          0000000180026240     libmx:libmx.dll
 0002:00000248       __imp_mxGetPr              0000000180026248     libmx:libmx.dll
 0002:00000250       __imp_mxCreateDoubleMatrix_730 0000000180026250     libmx:libmx.dll
 0002:00000258       \177libmx_NULL_THUNK_DATA  0000000180026258     libmx:libmx.dll
 0002:00000260       __imp_utMalloc             0000000180026260     libut:libut.dll
 0002:00000268       __imp_utFree               0000000180026268     libut:libut.dll
 0002:00000270       \177libut_NULL_THUNK_DATA  0000000180026270     libut:libut.dll
 0002:00000278       __imp_call_sf_machine_global_method_dispatcher 0000000180026278     sf_runtime:sf_runtime.dll
 0002:00000280       __imp_callMdlMethodAndReportError 0000000180026280     sf_runtime:sf_runtime.dll
 0002:00000288       __imp_sf_debug_api         0000000180026288     sf_runtime:sf_runtime.dll
 0002:00000290       __imp_sf_debug_create_debug_instance_struct 0000000180026290     sf_runtime:sf_runtime.dll
 0002:00000298       __imp_sf_debug_terminate   0000000180026298     sf_runtime:sf_runtime.dll
 0002:000002a0       __imp_sf_clear_rtw_identifier 00000001800262a0     sf_runtime:sf_runtime.dll
 0002:000002a8       __imp_sf_debug_integer_check 00000001800262a8     sf_runtime:sf_runtime.dll
 0002:000002b0       __imp_sf_debug_eml_data_array_bounds_error_check 00000001800262b0     sf_runtime:sf_runtime.dll
 0002:000002b8       __imp_sf_mex_call_debug    00000001800262b8     sf_runtime:sf_runtime.dll
 0002:000002c0       __imp_sf_debug_symbol_scope_push_eml 00000001800262c0     sf_runtime:sf_runtime.dll
 0002:000002c8       __imp_sf_clear_error_manager_info 00000001800262c8     sf_runtime:sf_runtime.dll
 0002:000002d0       __imp_sf_debug_symbol_scope_add_eml 00000001800262d0     sf_runtime:sf_runtime.dll
 0002:000002d8       __imp_cv_eml_eval          00000001800262d8     sf_runtime:sf_runtime.dll
 0002:000002e0       __imp_eml_debug_line_call  00000001800262e0     sf_runtime:sf_runtime.dll
 0002:000002e8       __imp_sf_debug_symbol_scope_push 00000001800262e8     sf_runtime:sf_runtime.dll
 0002:000002f0       __imp_sf_debug_call        00000001800262f0     sf_runtime:sf_runtime.dll
 0002:000002f8       __imp_sf_debug_data_range_wrapper 00000001800262f8     sf_runtime:sf_runtime.dll
 0002:00000300       __imp_sf_debug_symbol_scope_pop 0000000180026300     sf_runtime:sf_runtime.dll
 0002:00000308       __imp_sf_debug_check_for_state_inconsistency 0000000180026308     sf_runtime:sf_runtime.dll
 0002:00000310       __imp_sf_get_time          0000000180026310     sf_runtime:sf_runtime.dll
 0002:00000318       __imp_sf_debug_get_script_id 0000000180026318     sf_runtime:sf_runtime.dll
 0002:00000320       __imp_sf_debug_set_script_translation 0000000180026320     sf_runtime:sf_runtime.dll
 0002:00000328       __imp_sf_mex_error_direct_call 0000000180026328     sf_runtime:sf_runtime.dll
 0002:00000330       __imp_sf_debug_symbol_scope_add_eml_importable 0000000180026330     sf_runtime:sf_runtime.dll
 0002:00000338       __imp_sf_debug_initialize_chart 0000000180026338     sf_runtime:sf_runtime.dll
 0002:00000340       __imp_sf_debug_set_chart_disable_implicit_casting 0000000180026340     sf_runtime:sf_runtime.dll
 0002:00000348       __imp_sf_debug_set_chart_event_thresholds 0000000180026348     sf_runtime:sf_runtime.dll
 0002:00000350       __imp_sf_debug_set_chart_data_props 0000000180026350     sf_runtime:sf_runtime.dll
 0002:00000358       __imp_sf_debug_set_chart_state_info 0000000180026358     sf_runtime:sf_runtime.dll
 0002:00000360       __imp_sf_debug_set_chart_substate_count 0000000180026360     sf_runtime:sf_runtime.dll
 0002:00000368       __imp_sf_debug_set_chart_decomposition 0000000180026368     sf_runtime:sf_runtime.dll
 0002:00000370       __imp_sf_debug_cv_init_chart 0000000180026370     sf_runtime:sf_runtime.dll
 0002:00000378       __imp_sf_debug_cv_init_state 0000000180026378     sf_runtime:sf_runtime.dll
 0002:00000380       __imp_sf_debug_cv_init_trans 0000000180026380     sf_runtime:sf_runtime.dll
 0002:00000388       __imp_cv_eml_init_script   0000000180026388     sf_runtime:sf_runtime.dll
 0002:00000390       __imp_cv_eml_init_fcn      0000000180026390     sf_runtime:sf_runtime.dll
 0002:00000398       __imp_cv_eml_init_if       0000000180026398     sf_runtime:sf_runtime.dll
 0002:000003a0       __imp_cv_eml_init_mcdc     00000001800263a0     sf_runtime:sf_runtime.dll
 0002:000003a8       __imp_cv_script_init_script 00000001800263a8     sf_runtime:sf_runtime.dll
 0002:000003b0       __imp_cv_script_init_fcn   00000001800263b0     sf_runtime:sf_runtime.dll
 0002:000003b8       __imp_cv_script_init_if    00000001800263b8     sf_runtime:sf_runtime.dll
 0002:000003c0       __imp_cv_script_init_mcdc  00000001800263c0     sf_runtime:sf_runtime.dll
 0002:000003c8       __imp_sf_debug_set_chart_data_compiled_props 00000001800263c8     sf_runtime:sf_runtime.dll
 0002:000003d0       __imp_sf_debug_set_instance_data_value_ptr 00000001800263d0     sf_runtime:sf_runtime.dll
 0002:000003d8       __imp_sf_debug_reset_current_state_configuration 00000001800263d8     sf_runtime:sf_runtime.dll
 0002:000003e0       __imp_sim_mode_is_rtw_gen  00000001800263e0     sf_runtime:sf_runtime.dll
 0002:000003e8       __imp_sim_mode_is_external 00000001800263e8     sf_runtime:sf_runtime.dll
 0002:000003f0       __imp_sf_is_chart_inlinable 00000001800263f0     sf_runtime:sf_runtime.dll
 0002:000003f8       __imp_sf_rtw_info_uint_prop 00000001800263f8     sf_runtime:sf_runtime.dll
 0002:00000400       __imp_sf_update_buildInfo  0000000180026400     sf_runtime:sf_runtime.dll
 0002:00000408       __imp_sf_mark_chart_expressionable_inputs 0000000180026408     sf_runtime:sf_runtime.dll
 0002:00000410       __imp_sf_mark_chart_reusable_outputs 0000000180026410     sf_runtime:sf_runtime.dll
 0002:00000418       __imp_sf_set_rtw_dwork_info 0000000180026418     sf_runtime:sf_runtime.dll
 0002:00000420       __imp_sf_mex_import        0000000180026420     sf_runtime:sf_runtime.dll
 0002:00000428       __imp_sf_mex_dup           0000000180026428     sf_runtime:sf_runtime.dll
 0002:00000430       __imp_sf_mex_getcell       0000000180026430     sf_runtime:sf_runtime.dll
 0002:00000438       __imp_sf_mex_decode_encoded_mx_struct_array 0000000180026438     sf_runtime:sf_runtime.dll
 0002:00000440       __imp_sf_mex_setcell       0000000180026440     sf_runtime:sf_runtime.dll
 0002:00000448       __imp_sf_mex_call_matlab   0000000180026448     sf_runtime:sf_runtime.dll
 0002:00000450       __imp_sf_mex_error_message 0000000180026450     sf_runtime:sf_runtime.dll
 0002:00000458       __imp_sf_mex_create        0000000180026458     sf_runtime:sf_runtime.dll
 0002:00000460       __imp_sf_mex_addfield      0000000180026460     sf_runtime:sf_runtime.dll
 0002:00000468       __imp_sf_mex_createcellmatrix 0000000180026468     sf_runtime:sf_runtime.dll
 0002:00000470       __imp_sf_mex_duplicatearraysafe 0000000180026470     sf_runtime:sf_runtime.dll
 0002:00000478       __imp_sf_mex_destroy       0000000180026478     sf_runtime:sf_runtime.dll
 0002:00000480       __imp_sf_mex_createstruct  0000000180026480     sf_runtime:sf_runtime.dll
 0002:00000488       __imp_sf_mex_assign        0000000180026488     sf_runtime:sf_runtime.dll
 0002:00000490       __imp_sf_mex_emlrtNameCapturePostProcessR2012a 0000000180026490     sf_runtime:sf_runtime.dll
 0002:00000498       __imp_sf_load_rtw_optimization_info 0000000180026498     sf_runtime:sf_runtime.dll
 0002:000004a0       __imp_sf_debug_initialize_machine 00000001800264a0     sf_runtime:sf_runtime.dll
 0002:000004a8       __imp_sf_debug_set_machine_event_thresholds 00000001800264a8     sf_runtime:sf_runtime.dll
 0002:000004b0       __imp_sf_debug_set_machine_data_thresholds 00000001800264b0     sf_runtime:sf_runtime.dll
 0002:000004b8       \177sf_runtime_NULL_THUNK_DATA 00000001800264b8     sf_runtime:sf_runtime.dll
 0002:000004c0       __xc_a                     00000001800264c0     MSVCRT:cinitexe.obj
 0002:000004c8       __xc_z                     00000001800264c8     MSVCRT:cinitexe.obj
 0002:000004d0       __xi_a                     00000001800264d0     MSVCRT:cinitexe.obj
 0002:000004e0       __xi_z                     00000001800264e0     MSVCRT:cinitexe.obj
 0002:000004f0       __real@41ec7245c3000000    00000001800264f0     Organizado2_sfun.obj
 0002:000004f8       __real@41ee96bceca00000    00000001800264f8     Organizado2_sfun.obj
 0002:00000500       __real@41eb73c8b1800000    0000000180026500     Organizado2_sfun.obj
 0002:00000508       __real@41eeba8bd9c00000    0000000180026508     Organizado2_sfun.obj
 0002:00000510       __real@41c900e78a000000    0000000180026510     Organizado2_sfun.obj
 0002:00000518       __real@41eda5398c800000    0000000180026518     Organizado2_sfun.obj
 0002:00000520       __real@41edcf5b43c00000    0000000180026520     Organizado2_sfun.obj
 0002:00000528       __real@41e695dff8600000    0000000180026528     Organizado2_sfun.obj
 0002:00000530       __real@41e4ddf137c00000    0000000180026530     Organizado2_sfun.obj
 0002:00000538       __real@41d7b1421a000000    0000000180026538     Organizado2_sfun.obj
 0002:00000540       __real@41d33a88cd400000    0000000180026540     Organizado2_sfun.obj
 0002:00000548       __real@41dda33f61800000    0000000180026548     Organizado2_sfun.obj
 0002:00000550       __real@41e040c4aac00000    0000000180026550     Organizado2_sfun.obj
 0002:00000558       __real@41eacf843ae00000    0000000180026558     Organizado2_sfun.obj
 0002:00000560       __real@41ae867790000000    0000000180026560     Organizado2_sfun.obj
 0002:00000568       __real@41d4f0c3f8400000    0000000180026568     Organizado2_sfun.obj
 0002:00000570       __real@41ebae2775200000    0000000180026570     c1_Organizado2.obj
 0002:00000578       __real@41e6160b6dc00000    0000000180026578     c1_Organizado2.obj
 0002:00000580       __real@41e1942435e00000    0000000180026580     c1_Organizado2.obj
 0002:00000588       __real@41b036f439000000    0000000180026588     c1_Organizado2.obj
 0002:00000590       __real@4024000000000000    0000000180026590     c1_Organizado2.obj
 0002:00000598       __real@3ff0000000000000    0000000180026598     c1_Organizado2.obj
 0002:000005a0       __real@c072e00000000000    00000001800265a0     c1_Organizado2.obj
 0002:000005a8       __real@40f61e8000000000    00000001800265a8     c1_Organizado2.obj
 0002:000005b0       __mask@@NegDouble@         00000001800265b0     c1_Organizado2.obj
 0002:000005c0       __real@bff0000000000000    00000001800265c0     c1_Organizado2.obj
 0002:000005c8       __real@4072e00000000000    00000001800265c8     c1_Organizado2.obj
 0002:000005d0       __real@4062c00000000000    00000001800265d0     c1_Organizado2.obj
 0002:000005d8       __real@4060680000000000    00000001800265d8     c1_Organizado2.obj
 0002:000005e0       __real@40504d85f06f6944    00000001800265e0     c1_Organizado2.obj
 0002:000005e8       __real@4008000000000000    00000001800265e8     c1_Organizado2.obj
 0002:000005f0       __real@4018000000000000    00000001800265f0     c1_Organizado2.obj
 0002:000005f8       __real@402c000000000000    00000001800265f8     c1_Organizado2.obj
 0002:00000600       __real@3cb0000000000000    0000000180026600     c1_Organizado2.obj
 0002:00000608       __real@0000000000000000    0000000180026608     c1_Organizado2.obj
 0002:00000610       __real@41c217132a800000    0000000180026610     c2_Organizado2.obj
 0002:00000618       __real@41e145f335a00000    0000000180026618     c2_Organizado2.obj
 0002:00000620       __real@41e4451c9fa00000    0000000180026620     c2_Organizado2.obj
 0002:00000628       __real@41ddbc5629800000    0000000180026628     c2_Organizado2.obj
 0002:00000630       __real@c072c00000000000    0000000180026630     c2_Organizado2.obj
 0002:00000638       __real@4087700000000000    0000000180026638     c2_Organizado2.obj
 0002:00000640       __real@c07f400000000000    0000000180026640     c2_Organizado2.obj
 0002:00000648       __real@3fe2c00000000000    0000000180026648     c2_Organizado2.obj
 0002:00000650       __real@c017700000000000    0000000180026650     c2_Organizado2.obj
 0002:00000658       __real@402f400000000000    0000000180026658     c2_Organizado2.obj
 0002:00000660       __real@c022c00000000000    0000000180026660     c2_Organizado2.obj
 0002:00000668       __real@4047700000000000    0000000180026668     c2_Organizado2.obj
 0002:00000670       __real@c04f400000000000    0000000180026670     c2_Organizado2.obj
 0002:00000678       __real@4022c00000000000    0000000180026678     c2_Organizado2.obj
 0002:00000680       __real@c047700000000000    0000000180026680     c2_Organizado2.obj
 0002:00000688       __real@404f400000000000    0000000180026688     c2_Organizado2.obj
 0002:00000690       __real@406b800000000000    0000000180026690     c2_Organizado2.obj
 0002:00000698       __real@4065400000000000    0000000180026698     c2_Organizado2.obj
 0002:000006a0       __real@4049000000000000    00000001800266a0     c2_Organizado2.obj
 0002:000006a8       __real@c049000000000000    00000001800266a8     c2_Organizado2.obj
 0002:000006b0       __real@4010000000000000    00000001800266b0     c2_Organizado2.obj
 0002:000006b8       __real@4000000000000000    00000001800266b8     c2_Organizado2.obj
 0002:000006c0       __real@4014000000000000    00000001800266c0     c2_Organizado2.obj
 0002:000006d0       DYNAMIC_DIMENSION_DEF      00000001800266d0     Organizado2_sfun_registry.obj
 0002:000006f0       _ssBadLevel2InputAccessMsg 00000001800266f0     Organizado2_sfun_registry.obj
 0002:00000880       _ssBadLevel2DirectFeedMsg  0000000180026880     Organizado2_sfun_registry.obj
 0002:000009c0       _ssBadLevel2DirectFeedSolutionMsg 00000001800269c0     Organizado2_sfun_registry.obj
 0002:00000a30       _ssBadLevel2ZeroDirectFeedMsg 0000000180026a30     Organizado2_sfun_registry.obj
 0002:00000b70       _ssBadLevel2ZeroDirectFeedMsg2 0000000180026b70     Organizado2_sfun_registry.obj
 0002:00000c58       __real@41602cbca0000000    0000000180026c58     Organizado2_sfun_registry.obj
 0002:00000c60       _pRawDllMain               0000000180026c60     MSVCRT:crtdll.obj
 0002:00000c60       _pDefaultRawDllMain        0000000180026c60     MSVCRT:crtdll.obj
 0002:00000c78       ?ProcessDetach@NativeDll@<CrtImplementationDetails>@@0IB 0000000180026c78     MSVCRT:tncleanup.obj
 0002:00000c7c       ?ProcessAttach@NativeDll@<CrtImplementationDetails>@@0IB 0000000180026c7c     MSVCRT:tncleanup.obj
 0002:00000c80       ?ThreadAttach@NativeDll@<CrtImplementationDetails>@@0IB 0000000180026c80     MSVCRT:tncleanup.obj
 0002:00000c84       ?ThreadDetach@NativeDll@<CrtImplementationDetails>@@0IB 0000000180026c84     MSVCRT:tncleanup.obj
 0002:00000c88       ?ProcessVerifier@NativeDll@<CrtImplementationDetails>@@0IB 0000000180026c88     MSVCRT:tncleanup.obj
 0002:00000c90       __rtc_iaa                  0000000180026c90     MSVCRT:_initsect_.obj
 0002:00000c98       __rtc_izz                  0000000180026c98     MSVCRT:_initsect_.obj
 0002:00000ca0       __rtc_taa                  0000000180026ca0     MSVCRT:_initsect_.obj
 0002:00000ca8       __rtc_tzz                  0000000180026ca8     MSVCRT:_initsect_.obj
 0002:00001510       __IMPORT_DESCRIPTOR_sf_runtime 0000000180027510     sf_runtime:sf_runtime.dll
 0002:00001524       __IMPORT_DESCRIPTOR_libmx  0000000180027524     libmx:libmx.dll
 0002:00001538       __IMPORT_DESCRIPTOR_libmex 0000000180027538     libmex:libmex.dll
 0002:0000154c       __IMPORT_DESCRIPTOR_libut  000000018002754c     libut:libut.dll
 0002:00001560       __IMPORT_DESCRIPTOR_libmwmathutil 0000000180027560     libmwmathutil:libmwmathutil.dll
 0002:00001574       __IMPORT_DESCRIPTOR_MSVCR100 0000000180027574     MSVCRT:MSVCR100.dll
 0002:00001588       __IMPORT_DESCRIPTOR_KERNEL32 0000000180027588     kernel32:KERNEL32.dll
 0002:0000159c       __NULL_IMPORT_DESCRIPTOR   000000018002759c     sf_runtime:sf_runtime.dll
 0003:0000a1f8       DYNAMIC_DIMENSION          00000001800331f8     Organizado2_sfun_registry.obj
 0003:0000ae08       __security_cookie          0000000180033e08     MSVCRT:gs_cookie.obj
 0003:0000ae10       __security_cookie_complement 0000000180033e10     MSVCRT:gs_cookie.obj
 0003:0000ae18       _fltused                   0000000180033e18     MSVCRT:dllsupp.obj
 0003:0000ae20       __native_dllmain_reason    0000000180033e20     MSVCRT:natstart.obj
 0003:0000ae24       __native_vcclrit_reason    0000000180033e24     MSVCRT:natstart.obj
 0003:0000af38       sfGlobalDebugInstanceStruct 0000000180033f38     Organizado2_sfun_registry.obj
 0003:0000b4c0       ?__type_info_root_node@@3U__type_info_node@@A 00000001800344c0     MSVCRT:tncleanup.obj
 0003:0000b4d0       _Organizado2MachineNumber_ 00000001800344d0     <common>
 0003:0000b4d4       __native_startup_state     00000001800344d4     <common>
 0003:0000b4d8       __native_startup_lock      00000001800344d8     <common>
 0003:0000b4e0       __onexitend                00000001800344e0     <common>
 0003:0000b4e8       __onexitbegin              00000001800344e8     <common>
 0003:0000b4f0       __dyn_tls_init_callback    00000001800344f0     <common>

 entry point at        0001:00024640

 Static symbols

 0001:00000c70       c1_info_helper             0000000180001c70 f   c1_Organizado2.obj
 0001:0000a8e0       c1_emlrt_marshallOut       000000018000b8e0 f   c1_Organizado2.obj
 0001:0000a970       c1_b_emlrt_marshallOut     000000018000b970 f   c1_Organizado2.obj
 0001:0000a9e0       c1_b_info_helper           000000018000b9e0 f   c1_Organizado2.obj
 0001:0000cd30       get_sim_state_c1_Organizado2 000000018000dd30 f   c1_Organizado2.obj
 0001:0000d060       sf_get_sim_state_info_c1_Organizado2 000000018000e060 f   c1_Organizado2.obj
 0001:0000d230       set_sim_state_c1_Organizado2 000000018000e230 f   c1_Organizado2.obj
 0001:0000d3a0       c1_update_debugger_state_c1_Organizado2 000000018000e3a0 f   c1_Organizado2.obj
 0001:0000d3b0       c1_emlrt_marshallIn        000000018000e3b0 f   c1_Organizado2.obj
 0001:0000d420       c1_b_emlrt_marshallIn      000000018000e420 f   c1_Organizado2.obj
 0001:0000d4b0       c1_i_emlrt_marshallIn      000000018000e4b0 f   c1_Organizado2.obj
 0001:0000d510       c1_j_emlrt_marshallIn      000000018000e510 f   c1_Organizado2.obj
 0001:0000d610       mdlProcessParameters_c1_Organizado2 000000018000e610 f   c1_Organizado2.obj
 0001:0000d6f0       initialize_params_c1_Organizado2 000000018000e6f0 f   c1_Organizado2.obj
 0001:0000d700       mdlSetWorkWidths_c1_Organizado2 000000018000e700 f   c1_Organizado2.obj
 0001:0000dc30       sf_get_instance_specialization 000000018000ec30 f   c1_Organizado2.obj
 0001:0000dc40       mdlStart_c1_Organizado2    000000018000ec40 f   c1_Organizado2.obj
 0001:0000de70       init_dsm_address_info      000000018000ee70 f   c1_Organizado2.obj
 0001:0000de80       chart_debug_initialization 000000018000ee80 f   c1_Organizado2.obj
 0001:0000ee10       init_script_number_translation 000000018000fe10 f   c1_Organizado2.obj
 0001:0000ee60       c1_sf_marshallOut          000000018000fe60 f   c1_Organizado2.obj
 0001:0000ef10       c1_sf_marshallIn           000000018000ff10 f   c1_Organizado2.obj
 0001:0000efb0       sf_opaque_initialize_c1_Organizado2 000000018000ffb0 f   c1_Organizado2.obj
 0001:0000eff0       initialize_c1_Organizado2  000000018000fff0 f   c1_Organizado2.obj
 0001:0000f040       sf_opaque_enable_c1_Organizado2 0000000180010040 f   c1_Organizado2.obj
 0001:0000f060       enable_c1_Organizado2      0000000180010060 f   c1_Organizado2.obj
 0001:0000f090       sf_opaque_disable_c1_Organizado2 0000000180010090 f   c1_Organizado2.obj
 0001:0000f0b0       disable_c1_Organizado2     00000001800100b0 f   c1_Organizado2.obj
 0001:0000f0e0       sf_opaque_gateway_c1_Organizado2 00000001800100e0 f   c1_Organizado2.obj
 0001:0000f100       sf_gateway_c1_Organizado2  0000000180010100 f   c1_Organizado2.obj
 0001:0000f490       c1_chartstep_c1_Organizado2 0000000180010490 f   c1_Organizado2.obj
 0001:000132c0       c1_b_sf_marshallOut        00000001800142c0 f   c1_Organizado2.obj
 0001:000133e0       c1_b_sf_marshallIn         00000001800143e0 f   c1_Organizado2.obj
 0001:000134b0       c1_c_emlrt_marshallIn      00000001800144b0 f   c1_Organizado2.obj
 0001:00013580       c1_c_sf_marshallOut        0000000180014580 f   c1_Organizado2.obj
 0001:000136e0       c1_c_sf_marshallIn         00000001800146e0 f   c1_Organizado2.obj
 0001:000137e0       c1_d_emlrt_marshallIn      00000001800147e0 f   c1_Organizado2.obj
 0001:000138d0       c1_eml_scalar_eg           00000001800148d0 f   c1_Organizado2.obj
 0001:000138e0       c1_threshold               00000001800148e0 f   c1_Organizado2.obj
 0001:000138f0       c1_mpower                  00000001800148f0 f   c1_Organizado2.obj
 0001:00013960       c1_b_eml_scalar_eg         0000000180014960 f   c1_Organizado2.obj
 0001:00013970       c1_atan2                   0000000180014970 f   c1_Organizado2.obj
 0001:000139d0       c1_b_mpower                00000001800149d0 f   c1_Organizado2.obj
 0001:00013fc0       c1_inv2x2                  0000000180014fc0 f   c1_Organizado2.obj
 0001:00014760       c1_norm                    0000000180015760 f   c1_Organizado2.obj
 0001:00014a80       c1_eml_warning             0000000180015a80 f   c1_Organizado2.obj
 0001:00014bd0       c1_b_eml_warning           0000000180015bd0 f   c1_Organizado2.obj
 0001:00014dd0       c1_c_eml_scalar_eg         0000000180015dd0 f   c1_Organizado2.obj
 0001:00014de0       c1_f_emlrt_marshallIn      0000000180015de0 f   c1_Organizado2.obj
 0001:00014e50       c1_g_emlrt_marshallIn      0000000180015e50 f   c1_Organizado2.obj
 0001:00014f50       c1_b_sqrt                  0000000180015f50 f   c1_Organizado2.obj
 0001:00014fa0       c1_eml_error               0000000180015fa0 f   c1_Organizado2.obj
 0001:000151b0       sf_opaque_get_sim_state_c1_Organizado2 00000001800161b0 f   c1_Organizado2.obj
 0001:000151d0       sf_opaque_set_sim_state_c1_Organizado2 00000001800161d0 f   c1_Organizado2.obj
 0001:00015200       sf_opaque_terminate_c1_Organizado2 0000000180016200 f   c1_Organizado2.obj
 0001:000152a0       finalize_c1_Organizado2    00000001800162a0 f   c1_Organizado2.obj
 0001:000152b0       sf_opaque_init_subchart_simstructs 00000001800162b0 f   c1_Organizado2.obj
 0001:000152d0       initSimStructsc1_Organizado2 00000001800162d0 f   c1_Organizado2.obj
 0001:000152e0       mdlRTW_c1_Organizado2      00000001800162e0 f   c1_Organizado2.obj
 0001:00015390       c2_info_helper             0000000180016390 f   c2_Organizado2.obj
 0001:00018440       c2_emlrt_marshallOut       0000000180019440 f   c2_Organizado2.obj
 0001:000184d0       c2_b_emlrt_marshallOut     00000001800194d0 f   c2_Organizado2.obj
 0001:00018de0       get_sim_state_c2_Organizado2 0000000180019de0 f   c2_Organizado2.obj
 0001:00019120       sf_get_sim_state_info_c2_Organizado2 000000018001a120 f   c2_Organizado2.obj
 0001:000192f0       set_sim_state_c2_Organizado2 000000018001a2f0 f   c2_Organizado2.obj
 0001:00019460       c2_update_debugger_state_c2_Organizado2 000000018001a460 f   c2_Organizado2.obj
 0001:00019470       c2_emlrt_marshallIn        000000018001a470 f   c2_Organizado2.obj
 0001:000194e0       c2_b_emlrt_marshallIn      000000018001a4e0 f   c2_Organizado2.obj
 0001:00019570       c2_d_emlrt_marshallIn      000000018001a570 f   c2_Organizado2.obj
 0001:000195d0       c2_e_emlrt_marshallIn      000000018001a5d0 f   c2_Organizado2.obj
 0001:000196d0       mdlProcessParameters_c2_Organizado2 000000018001a6d0 f   c2_Organizado2.obj
 0001:000197b0       initialize_params_c2_Organizado2 000000018001a7b0 f   c2_Organizado2.obj
 0001:000197c0       mdlSetWorkWidths_c2_Organizado2 000000018001a7c0 f   c2_Organizado2.obj
 0001:00019c90       sf_get_instance_specialization 000000018001ac90 f   c2_Organizado2.obj
 0001:00019ca0       mdlStart_c2_Organizado2    000000018001aca0 f   c2_Organizado2.obj
 0001:00019ed0       init_dsm_address_info      000000018001aed0 f   c2_Organizado2.obj
 0001:00019ee0       chart_debug_initialization 000000018001aee0 f   c2_Organizado2.obj
 0001:0001aa90       init_script_number_translation 000000018001ba90 f   c2_Organizado2.obj
 0001:0001aab0       c2_sf_marshallOut          000000018001bab0 f   c2_Organizado2.obj
 0001:0001ab60       c2_sf_marshallIn           000000018001bb60 f   c2_Organizado2.obj
 0001:0001ac00       sf_opaque_initialize_c2_Organizado2 000000018001bc00 f   c2_Organizado2.obj
 0001:0001ac40       initialize_c2_Organizado2  000000018001bc40 f   c2_Organizado2.obj
 0001:0001ac90       sf_opaque_enable_c2_Organizado2 000000018001bc90 f   c2_Organizado2.obj
 0001:0001acb0       enable_c2_Organizado2      000000018001bcb0 f   c2_Organizado2.obj
 0001:0001ace0       sf_opaque_disable_c2_Organizado2 000000018001bce0 f   c2_Organizado2.obj
 0001:0001ad00       disable_c2_Organizado2     000000018001bd00 f   c2_Organizado2.obj
 0001:0001ad30       sf_opaque_gateway_c2_Organizado2 000000018001bd30 f   c2_Organizado2.obj
 0001:0001ad50       sf_gateway_c2_Organizado2  000000018001bd50 f   c2_Organizado2.obj
 0001:0001b010       c2_chartstep_c2_Organizado2 000000018001c010 f   c2_Organizado2.obj
 0001:0001d680       c2_mpower                  000000018001e680 f   c2_Organizado2.obj
 0001:0001d700       c2_eml_scalar_eg           000000018001e700 f   c2_Organizado2.obj
 0001:0001d710       c2_b_mpower                000000018001e710 f   c2_Organizado2.obj
 0001:0001d790       c2_c_mpower                000000018001e790 f   c2_Organizado2.obj
 0001:0001d810       c2_d_mpower                000000018001e810 f   c2_Organizado2.obj
 0001:0001d880       sf_opaque_get_sim_state_c2_Organizado2 000000018001e880 f   c2_Organizado2.obj
 0001:0001d8a0       sf_opaque_set_sim_state_c2_Organizado2 000000018001e8a0 f   c2_Organizado2.obj
 0001:0001d8d0       sf_opaque_terminate_c2_Organizado2 000000018001e8d0 f   c2_Organizado2.obj
 0001:0001d970       finalize_c2_Organizado2    000000018001e970 f   c2_Organizado2.obj
 0001:0001d980       sf_opaque_init_subchart_simstructs 000000018001e980 f   c2_Organizado2.obj
 0001:0001d9a0       initSimStructsc2_Organizado2 000000018001e9a0 f   c2_Organizado2.obj
 0001:0001d9b0       mdlRTW_c2_Organizado2      000000018001e9b0 f   c2_Organizado2.obj
 0001:0001e320       getChartInfoFromSimStruct  000000018001f320 f   Organizado2_sfun_registry.obj
 0001:0001f9c0       _ssFatalError              00000001800209c0 f   Organizado2_sfun_registry.obj
 0001:00022a70       ProcessMexSfunctionCmdLineCall 0000000180023a70 f   Organizado2_sfun_registry.obj
 0001:00022ba0       sf_debug_api_wrapper       0000000180023ba0 f   Organizado2_sfun_registry.obj
 0001:00022bf0       mdlStart                   0000000180023bf0 f   Organizado2_sfun_registry.obj
 0001:00022c20       mdl_start_processing       0000000180023c20 f   Organizado2_sfun_registry.obj
 0001:00022cb0       mdlTerminate               0000000180023cb0 f   Organizado2_sfun_registry.obj
 0001:00022ce0       mdl_terminate_processing   0000000180023ce0 f   Organizado2_sfun_registry.obj
 0001:00022d60       mdlInitializeSampleTimes   0000000180023d60 f   Organizado2_sfun_registry.obj
 0001:00022d90       mdlZeroCrossings           0000000180023d90 f   Organizado2_sfun_registry.obj
 0001:00022dc0       mdl_zeroCrossings_processing 0000000180023dc0 f   Organizado2_sfun_registry.obj
 0001:00022e00       mdlDerivatives             0000000180023e00 f   Organizado2_sfun_registry.obj
 0001:00022e30       mdl_derivatives_processing 0000000180023e30 f   Organizado2_sfun_registry.obj
 0001:00022e80       mdlInitializeConditions    0000000180023e80 f   Organizado2_sfun_registry.obj
 0001:00022eb0       mdl_initialize_conditions_processing 0000000180023eb0 f   Organizado2_sfun_registry.obj
 0001:00022f00       mdlEnable                  0000000180023f00 f   Organizado2_sfun_registry.obj
 0001:00022f30       mdl_enable_processing      0000000180023f30 f   Organizado2_sfun_registry.obj
 0001:00022f70       mdlDisable                 0000000180023f70 f   Organizado2_sfun_registry.obj
 0001:00022fa0       mdl_disable_processing     0000000180023fa0 f   Organizado2_sfun_registry.obj
 0001:00022fe0       mdlOutputs                 0000000180023fe0 f   Organizado2_sfun_registry.obj
 0001:00023010       mdl_outputs_processing     0000000180024010 f   Organizado2_sfun_registry.obj
 0001:000230f0       mdl_outputs_continuous_legacy 00000001800240f0 f   Organizado2_sfun_registry.obj
 0001:000231e0       mdlGetTimeOfNextVarHit     00000001800241e0 f   Organizado2_sfun_registry.obj
 0001:00023230       _ProcessMexSfunctionCmdLineCall 0000000180024230 f   Organizado2_sfun_registry.obj
 0001:00023980       mdlSetWorkWidths           0000000180024980 f   Organizado2_sfun_registry.obj
 0001:000239b0       mdlProcessParameters       00000001800249b0 f   Organizado2_sfun_registry.obj
 0001:000239e0       mdlInitializeSizes         00000001800249e0 f   Organizado2_sfun_registry.obj
 0001:00023a10       mdlExtModeExec             0000000180024a10 f   Organizado2_sfun_registry.obj
 0001:00023a40       mdl_ext_mode_exec_processing 0000000180024a40 f   Organizado2_sfun_registry.obj
 0001:00023a80       mdlRTW                     0000000180024a80 f   Organizado2_sfun_registry.obj
 0001:00023ac0       _CreateSimStruct           0000000180024ac0 f   Organizado2_sfun_registry.obj
 0001:00023c50       _RegNumInputPortsCB        0000000180024c50 f   Organizado2_sfun_registry.obj
 0001:00023cd0       _RegNumOutputPortsCB       0000000180024cd0 f   Organizado2_sfun_registry.obj
 0001:00024248       pre_c_init                 0000000180025248 f   MSVCRT:crtdll.obj
 0001:00024504       __DllMainCRTStartup        0000000180025504 f   MSVCRT:crtdll.obj
 0001:00024b70       __DllMainCRTStartup$filt$0 0000000180025b70 f   MSVCRT:crtdll.obj
 0001:00024ba0       __DllMainCRTStartup$fin$1  0000000180025ba0 f   MSVCRT:crtdll.obj
 0001:00024bba       _onexit$fin$0              0000000180025bba f   MSVCRT:atonexit.obj
 0001:00024be0       _IsNonwritableInCurrentImage$filt$0 0000000180025be0 f   MSVCRT:pesect.obj
