 friccion_aislada_sfun

 Timestamp is 56ce7f7c (Wed Feb 24 23:13:48 2016)

 Preferred load address is 0000000180000000

 Start         Length     Name                   Class
 0001:00000000 00024d44H .text                   CODE
 0001:00024d50 00000092H .text$x                 CODE
 0002:00000000 000004c0H .idata$5                DATA
 0002:000004c0 00000008H .CRT$XCA                DATA
 0002:000004c8 00000008H .CRT$XCZ                DATA
 0002:000004d0 00000008H .CRT$XIA                DATA
 0002:000004d8 00000008H .CRT$XIAA               DATA
 0002:000004e0 00000008H .CRT$XIZ                DATA
 0002:000004f0 0000079cH .rdata                  DATA
 0002:00000c90 00000008H .rtc$IAA                DATA
 0002:00000c98 00000008H .rtc$IZZ                DATA
 0002:00000ca0 00000008H .rtc$TAA                DATA
 0002:00000ca8 00000008H .rtc$TZZ                DATA
 0002:00000cb0 00000878H .xdata                  DATA
 0002:00001528 0000008cH .idata$2                DATA
 0002:000015b4 00000014H .idata$3                DATA
 0002:000015c8 000004c0H .idata$4                DATA
 0002:00001a88 00000d1eH .idata$6                DATA
 0002:000027b0 0000005bH .edata                  DATA
 0003:00000000 0000ae88H .data                   DATA
 0003:0000ae90 000006c8H .bss                    DATA
 0004:00000000 00000a68H .pdata                  DATA

  Address         Publics by Value              Rva+Base               Lib:Object

 0000:00000000       ___safe_se_handler_count   0000000000000000     <absolute>
 0000:00000000       ___safe_se_handler_table   0000000000000000     <absolute>
 0000:00000000       __ImageBase                0000000180000000     <linker-defined>
 0001:00000000       friccion_aislada_initializer 0000000180001000 f   friccion_aislada_sfun.obj
 0001:00000010       friccion_aislada_terminator 0000000180001010 f   friccion_aislada_sfun.obj
 0001:00000020       sf_friccion_aislada_method_dispatcher 0000000180001020 f   friccion_aislada_sfun.obj
 0001:00000090       sf_friccion_aislada_process_testpoint_info_call 0000000180001090 f   friccion_aislada_sfun.obj
 0001:000001f0       sf_friccion_aislada_process_check_sum_call 00000001800011f0 f   friccion_aislada_sfun.obj
 0001:00000610       sf_friccion_aislada_autoinheritance_info 0000000180001610 f   friccion_aislada_sfun.obj
 0001:000007d0       sf_friccion_aislada_get_eml_resolved_functions_info 00000001800017d0 f   friccion_aislada_sfun.obj
 0001:00000940       sf_friccion_aislada_third_party_uses_info 0000000180001940 f   friccion_aislada_sfun.obj
 0001:00000ac0       sf_friccion_aislada_updateBuildInfo_args_info 0000000180001ac0 f   friccion_aislada_sfun.obj
 0001:00000c40       friccion_aislada_debug_initialize 0000000180001c40 f   friccion_aislada_sfun.obj
 0001:00000cc0       friccion_aislada_register_exported_symbols 0000000180001cc0 f   friccion_aislada_sfun.obj
 0001:00000cd0       load_friccion_aislada_optimization_info 0000000180001cd0 f   friccion_aislada_sfun.obj
 0001:00000d20       unload_friccion_aislada_optimization_info 0000000180001d20 f   friccion_aislada_sfun.obj
 0001:00000d50       sf_c1_friccion_aislada_get_eml_resolved_functions_info 0000000180001d50 f   c1_friccion_aislada.obj
 0001:0000c360       sf_c1_friccion_aislada_get_check_sum 000000018000d360 f   c1_friccion_aislada.obj
 0001:0000c3e0       sf_c1_friccion_aislada_get_autoinheritance_info 000000018000d3e0 f   c1_friccion_aislada.obj
 0001:0000cd30       sf_c1_friccion_aislada_third_party_uses_info 000000018000dd30 f   c1_friccion_aislada.obj
 0001:0000cd60       sf_c1_friccion_aislada_updateBuildInfo_args_info 000000018000dd60 f   c1_friccion_aislada.obj
 0001:0000cd90       sf_internal_get_sim_state_c1_friccion_aislada 000000018000dd90 f   c1_friccion_aislada.obj
 0001:0000d280       sf_internal_set_sim_state_c1_friccion_aislada 000000018000e280 f   c1_friccion_aislada.obj
 0001:0000d700       c1_friccion_aislada_method_dispatcher 000000018000e700 f   c1_friccion_aislada.obj
 0001:00015480       sf_c2_friccion_aislada_get_eml_resolved_functions_info 0000000180016480 f   c2_friccion_aislada.obj
 0001:000186a0       sf_c2_friccion_aislada_get_check_sum 00000001800196a0 f   c2_friccion_aislada.obj
 0001:00018720       sf_c2_friccion_aislada_get_autoinheritance_info 0000000180019720 f   c2_friccion_aislada.obj
 0001:00018de0       sf_c2_friccion_aislada_third_party_uses_info 0000000180019de0 f   c2_friccion_aislada.obj
 0001:00018e10       sf_c2_friccion_aislada_updateBuildInfo_args_info 0000000180019e10 f   c2_friccion_aislada.obj
 0001:00018e40       sf_internal_get_sim_state_c2_friccion_aislada 0000000180019e40 f   c2_friccion_aislada.obj
 0001:00019340       sf_internal_set_sim_state_c2_friccion_aislada 000000018001a340 f   c2_friccion_aislada.obj
 0001:000197c0       c2_friccion_aislada_method_dispatcher 000000018001a7c0 f   c2_friccion_aislada.obj
 0001:0001db50       sf_process_check_sum_call  000000018001eb50 f   friccion_aislada_sfun_registry.obj
 0001:0001dba0       sf_process_testpoint_info_call 000000018001eba0 f   friccion_aislada_sfun_registry.obj
 0001:0001dbf0       sf_process_autoinheritance_call 000000018001ebf0 f   friccion_aislada_sfun_registry.obj
 0001:0001dd90       sf_process_get_third_party_uses_info_call 000000018001ed90 f   friccion_aislada_sfun_registry.obj
 0001:0001df30       sf_process_get_updateBuildInfo_args_info_call 000000018001ef30 f   friccion_aislada_sfun_registry.obj
 0001:0001e0d0       sf_process_get_eml_resolved_functions_info_call 000000018001f0d0 f   friccion_aislada_sfun_registry.obj
 0001:0001e250       sf_mex_unlock_call         000000018001f250 f   friccion_aislada_sfun_registry.obj
 0001:0001e300       sf_machine_global_initializer_called 000000018001f300 f   friccion_aislada_sfun_registry.obj
 0001:0001e330       sf_machine_global_method_dispatcher 000000018001f330 f   friccion_aislada_sfun_registry.obj
 0001:0001e390       sf_machine_global_terminator 000000018001f390 f   friccion_aislada_sfun_registry.obj
 0001:0001e3e0       sf_register_machine_exported_symbols 000000018001f3e0 f   friccion_aislada_sfun_registry.obj
 0001:0001e400       callCustomFcn              000000018001f400 f   friccion_aislada_sfun_registry.obj
 0001:0001e410       sf_machine_global_initializer 000000018001f410 f   friccion_aislada_sfun_registry.obj
 0001:0001e490       mdlGetSimState             000000018001f490 f   friccion_aislada_sfun_registry.obj
 0001:0001e510       mdlSetSimState             000000018001f510 f   friccion_aislada_sfun_registry.obj
 0001:0001e550       _ssSetStateAbsTol          000000018001f550 f   friccion_aislada_sfun_registry.obj
 0001:0001e630       _ssGetAbsTol               000000018001f630 f   friccion_aislada_sfun_registry.obj
 0001:0001e6a0       _ssSetInputPortMatrixDimensions 000000018001f6a0 f   friccion_aislada_sfun_registry.obj
 0001:0001e7b0       _ssSetOutputPortMatrixDimensions 000000018001f7b0 f   friccion_aislada_sfun_registry.obj
 0001:0001e8c0       _ssSetInputPortVectorDimension 000000018001f8c0 f   friccion_aislada_sfun_registry.obj
 0001:0001e990       _ssSetOutputPortVectorDimension 000000018001f990 f   friccion_aislada_sfun_registry.obj
 0001:0001ea60       ssIsRunTimeParamTunable    000000018001fa60 f   friccion_aislada_sfun_registry.obj
 0001:0001ead0       ssGetSFuncBlockHandle      000000018001fad0 f   friccion_aislada_sfun_registry.obj
 0001:0001eb40       _ssGetCurrentInputPortWidth 000000018001fb40 f   friccion_aislada_sfun_registry.obj
 0001:0001ec60       _ssGetCurrentOutputPortWidth 000000018001fc60 f   friccion_aislada_sfun_registry.obj
 0001:0001ed80       _ssGetCallSystemNumFcnCallDestinations 000000018001fd80 f   friccion_aislada_sfun_registry.obj
 0001:0001edf0       ssWarning                  000000018001fdf0 f   friccion_aislada_sfun_registry.obj
 0001:0001ef00       ssGetIsZeroCrossControlDisabled 000000018001ff00 f   friccion_aislada_sfun_registry.obj
 0001:0001ef70       ssSetIsInputPortUsedForContZcSignal 000000018001ff70 f   friccion_aislada_sfun_registry.obj
 0001:0001efe0       ssSetZcSignalIsZcElementDisc 000000018001ffe0 f   friccion_aislada_sfun_registry.obj
 0001:0001f090       ssSetZcSignalName          0000000180020090 f   friccion_aislada_sfun_registry.obj
 0001:0001f100       ssSetZcSignalWidth         0000000180020100 f   friccion_aislada_sfun_registry.obj
 0001:0001f170       ssSetZcSignalZcEventType   0000000180020170 f   friccion_aislada_sfun_registry.obj
 0001:0001f1e0       ssSetZcSignalType          00000001800201e0 f   friccion_aislada_sfun_registry.obj
 0001:0001f250       ssSetZcSignalZcTol         0000000180020250 f   friccion_aislada_sfun_registry.obj
 0001:0001f2c0       ssSetZcSignalNeedsEventNotification 00000001800202c0 f   friccion_aislada_sfun_registry.obj
 0001:0001f330       ssCreateAndAddZcSignalInfo 0000000180020330 f   friccion_aislada_sfun_registry.obj
 0001:0001f3a0       ssCloneAndAddZcSignalInfo  00000001800203a0 f   friccion_aislada_sfun_registry.obj
 0001:0001f410       ssGetNumZcSignals          0000000180020410 f   friccion_aislada_sfun_registry.obj
 0001:0001f480       ssGetZcSignalVector        0000000180020480 f   friccion_aislada_sfun_registry.obj
 0001:0001f4f0       ssGetZcSignalZcEvents      00000001800204f0 f   friccion_aislada_sfun_registry.obj
 0001:0001f560       ssGetZcSignalName          0000000180020560 f   friccion_aislada_sfun_registry.obj
 0001:0001f5d0       ssGetZcSignalWidth         00000001800205d0 f   friccion_aislada_sfun_registry.obj
 0001:0001f640       ssGetZcSignalZcEventType   0000000180020640 f   friccion_aislada_sfun_registry.obj
 0001:0001f6b0       ssGetZcSignalType          00000001800206b0 f   friccion_aislada_sfun_registry.obj
 0001:0001f720       ssGetZcSignalZcTol         0000000180020720 f   friccion_aislada_sfun_registry.obj
 0001:0001f7a0       ssGetZcSignalNeedsEventNotification 00000001800207a0 f   friccion_aislada_sfun_registry.obj
 0001:0001f810       ssGetZcSignalIsZcElementDisc 0000000180020810 f   friccion_aislada_sfun_registry.obj
 0001:0001f8b0       ssGetIsInputPortElementContinuous 00000001800208b0 f   friccion_aislada_sfun_registry.obj
 0001:0001f950       _ssGetInputPortSignalPtrsFcn 0000000180020950 f   friccion_aislada_sfun_registry.obj
 0001:0001fc10       _ssGetInputPortSignalFcn   0000000180020c10 f   friccion_aislada_sfun_registry.obj
 0001:0001fe30       _ssSetInputPortDirectFeedThroughFcn 0000000180020e30 f   friccion_aislada_sfun_registry.obj
 0001:0001ff90       _ssSetInputPortReusableFcn 0000000180020f90 f   friccion_aislada_sfun_registry.obj
 0001:00020080       _ssSetOutputPortReusableFcn 0000000180021080 f   friccion_aislada_sfun_registry.obj
 0001:00020160       ssGetDTypeIdFromMxArray    0000000180021160 f   friccion_aislada_sfun_registry.obj
 0001:00020280       ssWriteRTWStr              0000000180021280 f   friccion_aislada_sfun_registry.obj
 0001:000202e0       ssWriteRTWMxVectParam      00000001800212e0 f   friccion_aislada_sfun_registry.obj
 0001:00020340       ssWriteRTWMx2dMatParam     0000000180021340 f   friccion_aislada_sfun_registry.obj
 0001:000203c0       ssWriteRTWNameValuePair    00000001800213c0 f   friccion_aislada_sfun_registry.obj
 0001:000208b0       ssWriteRTWParameters       00000001800218b0 f   friccion_aislada_sfun_registry.obj
 0001:00020eb0       ssWriteRTWParamSettings    0000000180021eb0 f   friccion_aislada_sfun_registry.obj
 0001:00021580       ssWriteRTWWorkVect         0000000180022580 f   friccion_aislada_sfun_registry.obj
 0001:00021a80       mexFunction                0000000180022a80 f   friccion_aislada_sfun_registry.obj
 0001:00023f30       ProcessMexSfunctionEveryCall 0000000180024f30 f   friccion_aislada_sfun_registry.obj
 0001:000240b2       sf_debug_set_machine_data_thresholds 00000001800250b2 f   sf_runtime:sf_runtime.dll
 0001:000240b8       sf_debug_set_machine_event_thresholds 00000001800250b8 f   sf_runtime:sf_runtime.dll
 0001:000240be       sf_debug_initialize_machine 00000001800250be f   sf_runtime:sf_runtime.dll
 0001:000240c4       sf_load_rtw_optimization_info 00000001800250c4 f   sf_runtime:sf_runtime.dll
 0001:000240ca       sf_mex_emlrtNameCapturePostProcessR2012a 00000001800250ca f   sf_runtime:sf_runtime.dll
 0001:000240d0       sf_mex_assign              00000001800250d0 f   sf_runtime:sf_runtime.dll
 0001:000240d6       sf_mex_createstruct        00000001800250d6 f   sf_runtime:sf_runtime.dll
 0001:000240dc       sf_mex_destroy             00000001800250dc f   sf_runtime:sf_runtime.dll
 0001:000240e2       sf_mex_duplicatearraysafe  00000001800250e2 f   sf_runtime:sf_runtime.dll
 0001:000240e8       sf_mex_createcellmatrix    00000001800250e8 f   sf_runtime:sf_runtime.dll
 0001:000240ee       sf_mex_addfield            00000001800250ee f   sf_runtime:sf_runtime.dll
 0001:000240f4       sf_mex_create              00000001800250f4 f   sf_runtime:sf_runtime.dll
 0001:000240fa       sf_mex_error_message       00000001800250fa f   sf_runtime:sf_runtime.dll
 0001:00024100       sf_mex_call_matlab         0000000180025100 f   sf_runtime:sf_runtime.dll
 0001:00024106       sf_mex_setcell             0000000180025106 f   sf_runtime:sf_runtime.dll
 0001:0002410c       sf_mex_decode_encoded_mx_struct_array 000000018002510c f   sf_runtime:sf_runtime.dll
 0001:00024112       sf_mex_getcell             0000000180025112 f   sf_runtime:sf_runtime.dll
 0001:00024118       sf_mex_dup                 0000000180025118 f   sf_runtime:sf_runtime.dll
 0001:0002411e       sf_mex_import              000000018002511e f   sf_runtime:sf_runtime.dll
 0001:00024124       sf_set_rtw_dwork_info      0000000180025124 f   sf_runtime:sf_runtime.dll
 0001:0002412a       sf_mark_chart_reusable_outputs 000000018002512a f   sf_runtime:sf_runtime.dll
 0001:00024130       sf_mark_chart_expressionable_inputs 0000000180025130 f   sf_runtime:sf_runtime.dll
 0001:00024136       sf_update_buildInfo        0000000180025136 f   sf_runtime:sf_runtime.dll
 0001:0002413c       sf_rtw_info_uint_prop      000000018002513c f   sf_runtime:sf_runtime.dll
 0001:00024142       sf_is_chart_inlinable      0000000180025142 f   sf_runtime:sf_runtime.dll
 0001:00024148       sim_mode_is_external       0000000180025148 f   sf_runtime:sf_runtime.dll
 0001:0002414e       sim_mode_is_rtw_gen        000000018002514e f   sf_runtime:sf_runtime.dll
 0001:00024154       sf_debug_reset_current_state_configuration 0000000180025154 f   sf_runtime:sf_runtime.dll
 0001:0002415a       sf_debug_set_instance_data_value_ptr 000000018002515a f   sf_runtime:sf_runtime.dll
 0001:00024160       sf_debug_set_chart_data_compiled_props 0000000180025160 f   sf_runtime:sf_runtime.dll
 0001:00024166       cv_script_init_mcdc        0000000180025166 f   sf_runtime:sf_runtime.dll
 0001:0002416c       cv_script_init_if          000000018002516c f   sf_runtime:sf_runtime.dll
 0001:00024172       cv_script_init_fcn         0000000180025172 f   sf_runtime:sf_runtime.dll
 0001:00024178       cv_script_init_script      0000000180025178 f   sf_runtime:sf_runtime.dll
 0001:0002417e       cv_eml_init_mcdc           000000018002517e f   sf_runtime:sf_runtime.dll
 0001:00024184       cv_eml_init_if             0000000180025184 f   sf_runtime:sf_runtime.dll
 0001:0002418a       cv_eml_init_fcn            000000018002518a f   sf_runtime:sf_runtime.dll
 0001:00024190       cv_eml_init_script         0000000180025190 f   sf_runtime:sf_runtime.dll
 0001:00024196       sf_debug_cv_init_trans     0000000180025196 f   sf_runtime:sf_runtime.dll
 0001:0002419c       sf_debug_cv_init_state     000000018002519c f   sf_runtime:sf_runtime.dll
 0001:000241a2       sf_debug_cv_init_chart     00000001800251a2 f   sf_runtime:sf_runtime.dll
 0001:000241a8       sf_debug_set_chart_decomposition 00000001800251a8 f   sf_runtime:sf_runtime.dll
 0001:000241ae       sf_debug_set_chart_substate_count 00000001800251ae f   sf_runtime:sf_runtime.dll
 0001:000241b4       sf_debug_set_chart_state_info 00000001800251b4 f   sf_runtime:sf_runtime.dll
 0001:000241ba       sf_debug_set_chart_data_props 00000001800251ba f   sf_runtime:sf_runtime.dll
 0001:000241c0       sf_debug_set_chart_event_thresholds 00000001800251c0 f   sf_runtime:sf_runtime.dll
 0001:000241c6       sf_debug_set_chart_disable_implicit_casting 00000001800251c6 f   sf_runtime:sf_runtime.dll
 0001:000241cc       sf_debug_initialize_chart  00000001800251cc f   sf_runtime:sf_runtime.dll
 0001:000241d2       sf_debug_set_script_translation 00000001800251d2 f   sf_runtime:sf_runtime.dll
 0001:000241d8       sf_debug_get_script_id     00000001800251d8 f   sf_runtime:sf_runtime.dll
 0001:000241de       sf_get_time                00000001800251de f   sf_runtime:sf_runtime.dll
 0001:000241e4       sf_debug_check_for_state_inconsistency 00000001800251e4 f   sf_runtime:sf_runtime.dll
 0001:000241ea       sf_debug_symbol_scope_pop  00000001800251ea f   sf_runtime:sf_runtime.dll
 0001:000241f0       sf_debug_data_range_wrapper 00000001800251f0 f   sf_runtime:sf_runtime.dll
 0001:000241f6       sf_debug_call              00000001800251f6 f   sf_runtime:sf_runtime.dll
 0001:000241fc       sf_debug_symbol_scope_push 00000001800251fc f   sf_runtime:sf_runtime.dll
 0001:00024202       eml_debug_line_call        0000000180025202 f   sf_runtime:sf_runtime.dll
 0001:00024208       cv_eml_eval                0000000180025208 f   sf_runtime:sf_runtime.dll
 0001:0002420e       sf_debug_symbol_scope_add_eml 000000018002520e f   sf_runtime:sf_runtime.dll
 0001:00024214       sf_debug_symbol_scope_add_eml_importable 0000000180025214 f   sf_runtime:sf_runtime.dll
 0001:0002421a       sf_debug_symbol_scope_push_eml 000000018002521a f   sf_runtime:sf_runtime.dll
 0001:00024220       sf_mex_call_debug          0000000180025220 f   sf_runtime:sf_runtime.dll
 0001:00024226       sf_debug_eml_data_array_bounds_error_check 0000000180025226 f   sf_runtime:sf_runtime.dll
 0001:0002422c       sf_debug_integer_check     000000018002522c f   sf_runtime:sf_runtime.dll
 0001:00024232       sf_clear_rtw_identifier    0000000180025232 f   sf_runtime:sf_runtime.dll
 0001:00024238       sf_debug_terminate         0000000180025238 f   sf_runtime:sf_runtime.dll
 0001:0002423e       sf_debug_create_debug_instance_struct 000000018002523e f   sf_runtime:sf_runtime.dll
 0001:00024244       sf_debug_api               0000000180025244 f   sf_runtime:sf_runtime.dll
 0001:0002424a       callMdlMethodAndReportError 000000018002524a f   sf_runtime:sf_runtime.dll
 0001:00024250       call_sf_machine_global_method_dispatcher 0000000180025250 f   sf_runtime:sf_runtime.dll
 0001:00024256       sf_clear_error_manager_info 0000000180025256 f   sf_runtime:sf_runtime.dll
 0001:0002425c       sf_mex_error_direct_call   000000018002525c f   sf_runtime:sf_runtime.dll
 0001:00024262       mxCreateDoubleMatrix_730   0000000180025262 f   libmx:libmx.dll
 0001:00024268       mxGetScalar                0000000180025268 f   libmx:libmx.dll
 0001:0002426e       mxGetString_730            000000018002526e f   libmx:libmx.dll
 0001:00024274       mxIsChar                   0000000180025274 f   libmx:libmx.dll
 0001:0002427a       mxGetPr                    000000018002527a f   libmx:libmx.dll
 0001:00024280       mxDestroyArray             0000000180025280 f   libmx:libmx.dll
 0001:00024286       mxDuplicateArray           0000000180025286 f   libmx:libmx.dll
 0001:0002428c       mxCreateDoubleScalar       000000018002528c f   libmx:libmx.dll
 0001:00024292       mxSetField_730             0000000180025292 f   libmx:libmx.dll
 0001:00024298       mxCreateString             0000000180025298 f   libmx:libmx.dll
 0001:0002429e       mxCreateStructMatrix_730   000000018002529e f   libmx:libmx.dll
 0001:000242a4       mxCreateCellMatrix_730     00000001800252a4 f   libmx:libmx.dll
 0001:000242aa       mxGetNaN                   00000001800252aa f   libmx:libmx.dll
 0001:000242b0       mxGetClassID               00000001800252b0 f   libmx:libmx.dll
 0001:000242b6       mxIsNumeric                00000001800252b6 f   libmx:libmx.dll
 0001:000242bc       mxIsComplex                00000001800252bc f   libmx:libmx.dll
 0001:000242c2       mxGetN                     00000001800252c2 f   libmx:libmx.dll
 0001:000242c8       mxGetM                     00000001800252c8 f   libmx:libmx.dll
 0001:000242ce       mxCalloc                   00000001800252ce f   libmx:libmx.dll
 0001:000242d4       mexMakeArrayPersistent     00000001800252d4 f   libmex:libmex.dll
 0001:000242da       mexUnlock                  00000001800252da f   libmex:libmex.dll
 0001:000242e0       mexIsLocked                00000001800252e0 f   libmex:libmex.dll
 0001:000242e6       mexWarnMsgTxt              00000001800252e6 f   libmex:libmex.dll
 0001:000242ec       mexCallMATLAB              00000001800252ec f   libmex:libmex.dll
 0001:000242f2       mexErrMsgTxt               00000001800252f2 f   libmex:libmex.dll
 0001:000242f8       mexLock                    00000001800252f8 f   libmex:libmex.dll
 0001:000242fe       utMalloc                   00000001800252fe f   libut:libut.dll
 0001:00024304       utFree                     0000000180025304 f   libut:libut.dll
 0001:0002430a       muDoubleScalarCos          000000018002530a f   libmwmathutil:libmwmathutil.dll
 0001:00024310       muDoubleScalarSin          0000000180025310 f   libmwmathutil:libmwmathutil.dll
 0001:00024316       muDoubleScalarAtan2        0000000180025316 f   libmwmathutil:libmwmathutil.dll
 0001:0002431c       muDoubleScalarIsNaN        000000018002531c f   libmwmathutil:libmwmathutil.dll
 0001:00024322       muDoubleScalarAbs          0000000180025322 f   libmwmathutil:libmwmathutil.dll
 0001:00024328       muDoubleScalarSqrt         0000000180025328 f   libmwmathutil:libmwmathutil.dll
 0001:0002432e       muDoubleScalarPower        000000018002532e f   libmwmathutil:libmwmathutil.dll
 0001:00024334       __GSHandlerCheckCommon     0000000180025334 f   MSVCRT:gshandler.obj
 0001:00024398       __GSHandlerCheck           0000000180025398 f   MSVCRT:gshandler.obj
 0001:000243b6       strcmp                     00000001800253b6 f   MSVCRT:MSVCR100.dll
 0001:000243d0       __security_check_cookie    00000001800253d0 f   MSVCRT:amdsecgs.obj
 0001:000243f0       strlen                     00000001800253f0 f   MSVCRT:MSVCR100.dll
 0001:000243f6       memset                     00000001800253f6 f   MSVCRT:MSVCR100.dll
 0001:000243fc       free                       00000001800253fc f   MSVCRT:MSVCR100.dll
 0001:00024402       sprintf                    0000000180025402 f   MSVCRT:MSVCR100.dll
 0001:00024408       malloc                     0000000180025408 f   MSVCRT:MSVCR100.dll
 0001:0002440e       strcat                     000000018002540e f   MSVCRT:MSVCR100.dll
 0001:00024414       memcpy                     0000000180025414 f   MSVCRT:MSVCR100.dll
 0001:0002441c       NtCurrentTeb               000000018002541c f i MSVCRT:crtdll.obj
 0001:00024488       _CRT_INIT                  0000000180025488 f   MSVCRT:crtdll.obj
 0001:00024820       _DllMainCRTStartup         0000000180025820 f   MSVCRT:crtdll.obj
 0001:00024860       __report_gsfailure         0000000180025860 f   MSVCRT:gs_report.obj
 0001:000249ac       __clean_type_info_names    00000001800259ac f   MSVCRT:tncleanup.obj
 0001:000249b8       _onexit                    00000001800259b8 f   MSVCRT:atonexit.obj
 0001:00024a68       atexit                     0000000180025a68 f   MSVCRT:atonexit.obj
 0001:00024a80       _RTC_Initialize            0000000180025a80 f   MSVCRT:_initsect_.obj
 0001:00024ab8       _RTC_Terminate             0000000180025ab8 f   MSVCRT:_initsect_.obj
 0001:00024af0       _malloc_crt                0000000180025af0 f   MSVCRT:MSVCR100.dll
 0001:00024b00       _ValidateImageBase         0000000180025b00 f   MSVCRT:pesect.obj
 0001:00024b30       _FindPESection             0000000180025b30 f   MSVCRT:pesect.obj
 0001:00024b80       _IsNonwritableInCurrentImage 0000000180025b80 f   MSVCRT:pesect.obj
 0001:00024bc2       _initterm                  0000000180025bc2 f   MSVCRT:MSVCR100.dll
 0001:00024bc8       _initterm_e                0000000180025bc8 f   MSVCRT:MSVCR100.dll
 0001:00024bce       _encoded_null              0000000180025bce f   MSVCRT:MSVCR100.dll
 0001:00024bd4       _amsg_exit                 0000000180025bd4 f   MSVCRT:MSVCR100.dll
 0001:00024bda       __C_specific_handler       0000000180025bda f   MSVCRT:MSVCR100.dll
 0001:00024be0       __CppXcptFilter            0000000180025be0 f   MSVCRT:MSVCR100.dll
 0001:00024be8       DllMain                    0000000180025be8 f   MSVCRT:dllmain.obj
 0001:00024c0c       __security_init_cookie     0000000180025c0c f   MSVCRT:gs_support.obj
 0001:00024cc0       __crt_debugger_hook        0000000180025cc0 f   MSVCRT:MSVCR100.dll
 0001:00024cc6       __clean_type_info_names_internal 0000000180025cc6 f   MSVCRT:MSVCR100.dll
 0001:00024ccc       _unlock                    0000000180025ccc f   MSVCRT:MSVCR100.dll
 0001:00024cd2       __dllonexit                0000000180025cd2 f   MSVCRT:MSVCR100.dll
 0001:00024cd8       _lock                      0000000180025cd8 f   MSVCRT:MSVCR100.dll
 0001:00024cde       EncodePointer              0000000180025cde f   kernel32:KERNEL32.dll
 0001:00024ce4       DecodePointer              0000000180025ce4 f   kernel32:KERNEL32.dll
 0001:00024cea       Sleep                      0000000180025cea f   kernel32:KERNEL32.dll
 0001:00024cf0       TerminateProcess           0000000180025cf0 f   kernel32:KERNEL32.dll
 0001:00024cf6       GetCurrentProcess          0000000180025cf6 f   kernel32:KERNEL32.dll
 0001:00024cfc       UnhandledExceptionFilter   0000000180025cfc f   kernel32:KERNEL32.dll
 0001:00024d02       SetUnhandledExceptionFilter 0000000180025d02 f   kernel32:KERNEL32.dll
 0001:00024d08       IsDebuggerPresent          0000000180025d08 f   kernel32:KERNEL32.dll
 0001:00024d0e       RtlVirtualUnwind           0000000180025d0e f   kernel32:KERNEL32.dll
 0001:00024d14       RtlLookupFunctionEntry     0000000180025d14 f   kernel32:KERNEL32.dll
 0001:00024d1a       RtlCaptureContext          0000000180025d1a f   kernel32:KERNEL32.dll
 0001:00024d20       DisableThreadLibraryCalls  0000000180025d20 f   kernel32:KERNEL32.dll
 0001:00024d26       QueryPerformanceCounter    0000000180025d26 f   kernel32:KERNEL32.dll
 0001:00024d2c       GetTickCount               0000000180025d2c f   kernel32:KERNEL32.dll
 0001:00024d32       GetCurrentThreadId         0000000180025d32 f   kernel32:KERNEL32.dll
 0001:00024d38       GetCurrentProcessId        0000000180025d38 f   kernel32:KERNEL32.dll
 0001:00024d3e       GetSystemTimeAsFileTime    0000000180025d3e f   kernel32:KERNEL32.dll
 0002:00000000       __imp_GetSystemTimeAsFileTime 0000000180026000     kernel32:KERNEL32.dll
 0002:00000008       __imp_GetCurrentProcessId  0000000180026008     kernel32:KERNEL32.dll
 0002:00000010       __imp_GetCurrentThreadId   0000000180026010     kernel32:KERNEL32.dll
 0002:00000018       __imp_GetTickCount         0000000180026018     kernel32:KERNEL32.dll
 0002:00000020       __imp_QueryPerformanceCounter 0000000180026020     kernel32:KERNEL32.dll
 0002:00000028       __imp_DisableThreadLibraryCalls 0000000180026028     kernel32:KERNEL32.dll
 0002:00000030       __imp_RtlCaptureContext    0000000180026030     kernel32:KERNEL32.dll
 0002:00000038       __imp_RtlLookupFunctionEntry 0000000180026038     kernel32:KERNEL32.dll
 0002:00000040       __imp_RtlVirtualUnwind     0000000180026040     kernel32:KERNEL32.dll
 0002:00000048       __imp_IsDebuggerPresent    0000000180026048     kernel32:KERNEL32.dll
 0002:00000050       __imp_SetUnhandledExceptionFilter 0000000180026050     kernel32:KERNEL32.dll
 0002:00000058       __imp_UnhandledExceptionFilter 0000000180026058     kernel32:KERNEL32.dll
 0002:00000060       __imp_GetCurrentProcess    0000000180026060     kernel32:KERNEL32.dll
 0002:00000068       __imp_TerminateProcess     0000000180026068     kernel32:KERNEL32.dll
 0002:00000070       __imp_Sleep                0000000180026070     kernel32:KERNEL32.dll
 0002:00000078       __imp_DecodePointer        0000000180026078     kernel32:KERNEL32.dll
 0002:00000080       __imp_EncodePointer        0000000180026080     kernel32:KERNEL32.dll
 0002:00000088       \177KERNEL32_NULL_THUNK_DATA 0000000180026088     kernel32:KERNEL32.dll
 0002:00000090       __imp__onexit              0000000180026090     MSVCRT:MSVCR100.dll
 0002:00000098       __imp__lock                0000000180026098     MSVCRT:MSVCR100.dll
 0002:000000a0       __imp___dllonexit          00000001800260a0     MSVCRT:MSVCR100.dll
 0002:000000a8       __imp__unlock              00000001800260a8     MSVCRT:MSVCR100.dll
 0002:000000b0       __imp___clean_type_info_names_internal 00000001800260b0     MSVCRT:MSVCR100.dll
 0002:000000b8       __imp___crt_debugger_hook  00000001800260b8     MSVCRT:MSVCR100.dll
 0002:000000c0       __imp___CppXcptFilter      00000001800260c0     MSVCRT:MSVCR100.dll
 0002:000000c8       __imp___C_specific_handler 00000001800260c8     MSVCRT:MSVCR100.dll
 0002:000000d0       __imp__amsg_exit           00000001800260d0     MSVCRT:MSVCR100.dll
 0002:000000d8       __imp__encoded_null        00000001800260d8     MSVCRT:MSVCR100.dll
 0002:000000e0       __imp__initterm_e          00000001800260e0     MSVCRT:MSVCR100.dll
 0002:000000e8       __imp__initterm            00000001800260e8     MSVCRT:MSVCR100.dll
 0002:000000f0       __imp__malloc_crt          00000001800260f0     MSVCRT:MSVCR100.dll
 0002:000000f8       __imp_memcpy               00000001800260f8     MSVCRT:MSVCR100.dll
 0002:00000100       __imp_strcat               0000000180026100     MSVCRT:MSVCR100.dll
 0002:00000108       __imp_malloc               0000000180026108     MSVCRT:MSVCR100.dll
 0002:00000110       __imp_sprintf              0000000180026110     MSVCRT:MSVCR100.dll
 0002:00000118       __imp_free                 0000000180026118     MSVCRT:MSVCR100.dll
 0002:00000120       __imp_memset               0000000180026120     MSVCRT:MSVCR100.dll
 0002:00000128       __imp_strlen               0000000180026128     MSVCRT:MSVCR100.dll
 0002:00000130       __imp_strcmp               0000000180026130     MSVCRT:MSVCR100.dll
 0002:00000138       \177MSVCR100_NULL_THUNK_DATA 0000000180026138     MSVCRT:MSVCR100.dll
 0002:00000140       __imp_mexUnlock            0000000180026140     libmex:libmex.dll
 0002:00000148       __imp_mexIsLocked          0000000180026148     libmex:libmex.dll
 0002:00000150       __imp_mexWarnMsgTxt        0000000180026150     libmex:libmex.dll
 0002:00000158       __imp_mexCallMATLAB        0000000180026158     libmex:libmex.dll
 0002:00000160       __imp_mexErrMsgTxt         0000000180026160     libmex:libmex.dll
 0002:00000168       __imp_mexLock              0000000180026168     libmex:libmex.dll
 0002:00000170       __imp_mexMakeArrayPersistent 0000000180026170     libmex:libmex.dll
 0002:00000178       \177libmex_NULL_THUNK_DATA 0000000180026178     libmex:libmex.dll
 0002:00000180       __imp_muDoubleScalarSin    0000000180026180     libmwmathutil:libmwmathutil.dll
 0002:00000188       __imp_muDoubleScalarAtan2  0000000180026188     libmwmathutil:libmwmathutil.dll
 0002:00000190       __imp_muDoubleScalarIsNaN  0000000180026190     libmwmathutil:libmwmathutil.dll
 0002:00000198       __imp_muDoubleScalarAbs    0000000180026198     libmwmathutil:libmwmathutil.dll
 0002:000001a0       __imp_muDoubleScalarSqrt   00000001800261a0     libmwmathutil:libmwmathutil.dll
 0002:000001a8       __imp_muDoubleScalarPower  00000001800261a8     libmwmathutil:libmwmathutil.dll
 0002:000001b0       __imp_muDoubleScalarCos    00000001800261b0     libmwmathutil:libmwmathutil.dll
 0002:000001b8       \177libmwmathutil_NULL_THUNK_DATA 00000001800261b8     libmwmathutil:libmwmathutil.dll
 0002:000001c0       __imp_mxCalloc             00000001800261c0     libmx:libmx.dll
 0002:000001c8       __imp_mxGetM               00000001800261c8     libmx:libmx.dll
 0002:000001d0       __imp_mxGetN               00000001800261d0     libmx:libmx.dll
 0002:000001d8       __imp_mxIsComplex          00000001800261d8     libmx:libmx.dll
 0002:000001e0       __imp_mxIsNumeric          00000001800261e0     libmx:libmx.dll
 0002:000001e8       __imp_mxGetClassID         00000001800261e8     libmx:libmx.dll
 0002:000001f0       __imp_mxGetNaN             00000001800261f0     libmx:libmx.dll
 0002:000001f8       __imp_mxCreateCellMatrix_730 00000001800261f8     libmx:libmx.dll
 0002:00000200       __imp_mxCreateStructMatrix_730 0000000180026200     libmx:libmx.dll
 0002:00000208       __imp_mxCreateString       0000000180026208     libmx:libmx.dll
 0002:00000210       __imp_mxSetField_730       0000000180026210     libmx:libmx.dll
 0002:00000218       __imp_mxCreateDoubleScalar 0000000180026218     libmx:libmx.dll
 0002:00000220       __imp_mxDuplicateArray     0000000180026220     libmx:libmx.dll
 0002:00000228       __imp_mxDestroyArray       0000000180026228     libmx:libmx.dll
 0002:00000230       __imp_mxGetPr              0000000180026230     libmx:libmx.dll
 0002:00000238       __imp_mxIsChar             0000000180026238     libmx:libmx.dll
 0002:00000240       __imp_mxCreateDoubleMatrix_730 0000000180026240     libmx:libmx.dll
 0002:00000248       __imp_mxGetScalar          0000000180026248     libmx:libmx.dll
 0002:00000250       __imp_mxGetString_730      0000000180026250     libmx:libmx.dll
 0002:00000258       \177libmx_NULL_THUNK_DATA  0000000180026258     libmx:libmx.dll
 0002:00000260       __imp_utMalloc             0000000180026260     libut:libut.dll
 0002:00000268       __imp_utFree               0000000180026268     libut:libut.dll
 0002:00000270       \177libut_NULL_THUNK_DATA  0000000180026270     libut:libut.dll
 0002:00000278       __imp_call_sf_machine_global_method_dispatcher 0000000180026278     sf_runtime:sf_runtime.dll
 0002:00000280       __imp_callMdlMethodAndReportError 0000000180026280     sf_runtime:sf_runtime.dll
 0002:00000288       __imp_sf_debug_api         0000000180026288     sf_runtime:sf_runtime.dll
 0002:00000290       __imp_sf_debug_create_debug_instance_struct 0000000180026290     sf_runtime:sf_runtime.dll
 0002:00000298       __imp_sf_debug_terminate   0000000180026298     sf_runtime:sf_runtime.dll
 0002:000002a0       __imp_sf_clear_rtw_identifier 00000001800262a0     sf_runtime:sf_runtime.dll
 0002:000002a8       __imp_sf_debug_integer_check 00000001800262a8     sf_runtime:sf_runtime.dll
 0002:000002b0       __imp_sf_debug_eml_data_array_bounds_error_check 00000001800262b0     sf_runtime:sf_runtime.dll
 0002:000002b8       __imp_sf_mex_call_debug    00000001800262b8     sf_runtime:sf_runtime.dll
 0002:000002c0       __imp_sf_debug_symbol_scope_push_eml 00000001800262c0     sf_runtime:sf_runtime.dll
 0002:000002c8       __imp_sf_clear_error_manager_info 00000001800262c8     sf_runtime:sf_runtime.dll
 0002:000002d0       __imp_sf_debug_symbol_scope_add_eml 00000001800262d0     sf_runtime:sf_runtime.dll
 0002:000002d8       __imp_cv_eml_eval          00000001800262d8     sf_runtime:sf_runtime.dll
 0002:000002e0       __imp_eml_debug_line_call  00000001800262e0     sf_runtime:sf_runtime.dll
 0002:000002e8       __imp_sf_debug_symbol_scope_push 00000001800262e8     sf_runtime:sf_runtime.dll
 0002:000002f0       __imp_sf_debug_call        00000001800262f0     sf_runtime:sf_runtime.dll
 0002:000002f8       __imp_sf_debug_data_range_wrapper 00000001800262f8     sf_runtime:sf_runtime.dll
 0002:00000300       __imp_sf_debug_symbol_scope_pop 0000000180026300     sf_runtime:sf_runtime.dll
 0002:00000308       __imp_sf_debug_check_for_state_inconsistency 0000000180026308     sf_runtime:sf_runtime.dll
 0002:00000310       __imp_sf_get_time          0000000180026310     sf_runtime:sf_runtime.dll
 0002:00000318       __imp_sf_debug_get_script_id 0000000180026318     sf_runtime:sf_runtime.dll
 0002:00000320       __imp_sf_debug_set_script_translation 0000000180026320     sf_runtime:sf_runtime.dll
 0002:00000328       __imp_sf_mex_error_direct_call 0000000180026328     sf_runtime:sf_runtime.dll
 0002:00000330       __imp_sf_debug_symbol_scope_add_eml_importable 0000000180026330     sf_runtime:sf_runtime.dll
 0002:00000338       __imp_sf_debug_initialize_chart 0000000180026338     sf_runtime:sf_runtime.dll
 0002:00000340       __imp_sf_debug_set_chart_disable_implicit_casting 0000000180026340     sf_runtime:sf_runtime.dll
 0002:00000348       __imp_sf_debug_set_chart_event_thresholds 0000000180026348     sf_runtime:sf_runtime.dll
 0002:00000350       __imp_sf_debug_set_chart_data_props 0000000180026350     sf_runtime:sf_runtime.dll
 0002:00000358       __imp_sf_debug_set_chart_state_info 0000000180026358     sf_runtime:sf_runtime.dll
 0002:00000360       __imp_sf_debug_set_chart_substate_count 0000000180026360     sf_runtime:sf_runtime.dll
 0002:00000368       __imp_sf_debug_set_chart_decomposition 0000000180026368     sf_runtime:sf_runtime.dll
 0002:00000370       __imp_sf_debug_cv_init_chart 0000000180026370     sf_runtime:sf_runtime.dll
 0002:00000378       __imp_sf_debug_cv_init_state 0000000180026378     sf_runtime:sf_runtime.dll
 0002:00000380       __imp_sf_debug_cv_init_trans 0000000180026380     sf_runtime:sf_runtime.dll
 0002:00000388       __imp_cv_eml_init_script   0000000180026388     sf_runtime:sf_runtime.dll
 0002:00000390       __imp_cv_eml_init_fcn      0000000180026390     sf_runtime:sf_runtime.dll
 0002:00000398       __imp_cv_eml_init_if       0000000180026398     sf_runtime:sf_runtime.dll
 0002:000003a0       __imp_cv_eml_init_mcdc     00000001800263a0     sf_runtime:sf_runtime.dll
 0002:000003a8       __imp_cv_script_init_script 00000001800263a8     sf_runtime:sf_runtime.dll
 0002:000003b0       __imp_cv_script_init_fcn   00000001800263b0     sf_runtime:sf_runtime.dll
 0002:000003b8       __imp_cv_script_init_if    00000001800263b8     sf_runtime:sf_runtime.dll
 0002:000003c0       __imp_cv_script_init_mcdc  00000001800263c0     sf_runtime:sf_runtime.dll
 0002:000003c8       __imp_sf_debug_set_chart_data_compiled_props 00000001800263c8     sf_runtime:sf_runtime.dll
 0002:000003d0       __imp_sf_debug_set_instance_data_value_ptr 00000001800263d0     sf_runtime:sf_runtime.dll
 0002:000003d8       __imp_sf_debug_reset_current_state_configuration 00000001800263d8     sf_runtime:sf_runtime.dll
 0002:000003e0       __imp_sim_mode_is_rtw_gen  00000001800263e0     sf_runtime:sf_runtime.dll
 0002:000003e8       __imp_sim_mode_is_external 00000001800263e8     sf_runtime:sf_runtime.dll
 0002:000003f0       __imp_sf_is_chart_inlinable 00000001800263f0     sf_runtime:sf_runtime.dll
 0002:000003f8       __imp_sf_rtw_info_uint_prop 00000001800263f8     sf_runtime:sf_runtime.dll
 0002:00000400       __imp_sf_update_buildInfo  0000000180026400     sf_runtime:sf_runtime.dll
 0002:00000408       __imp_sf_mark_chart_expressionable_inputs 0000000180026408     sf_runtime:sf_runtime.dll
 0002:00000410       __imp_sf_mark_chart_reusable_outputs 0000000180026410     sf_runtime:sf_runtime.dll
 0002:00000418       __imp_sf_set_rtw_dwork_info 0000000180026418     sf_runtime:sf_runtime.dll
 0002:00000420       __imp_sf_mex_import        0000000180026420     sf_runtime:sf_runtime.dll
 0002:00000428       __imp_sf_mex_dup           0000000180026428     sf_runtime:sf_runtime.dll
 0002:00000430       __imp_sf_mex_getcell       0000000180026430     sf_runtime:sf_runtime.dll
 0002:00000438       __imp_sf_mex_decode_encoded_mx_struct_array 0000000180026438     sf_runtime:sf_runtime.dll
 0002:00000440       __imp_sf_mex_setcell       0000000180026440     sf_runtime:sf_runtime.dll
 0002:00000448       __imp_sf_mex_call_matlab   0000000180026448     sf_runtime:sf_runtime.dll
 0002:00000450       __imp_sf_mex_error_message 0000000180026450     sf_runtime:sf_runtime.dll
 0002:00000458       __imp_sf_mex_create        0000000180026458     sf_runtime:sf_runtime.dll
 0002:00000460       __imp_sf_mex_addfield      0000000180026460     sf_runtime:sf_runtime.dll
 0002:00000468       __imp_sf_mex_createcellmatrix 0000000180026468     sf_runtime:sf_runtime.dll
 0002:00000470       __imp_sf_mex_duplicatearraysafe 0000000180026470     sf_runtime:sf_runtime.dll
 0002:00000478       __imp_sf_mex_destroy       0000000180026478     sf_runtime:sf_runtime.dll
 0002:00000480       __imp_sf_mex_createstruct  0000000180026480     sf_runtime:sf_runtime.dll
 0002:00000488       __imp_sf_mex_assign        0000000180026488     sf_runtime:sf_runtime.dll
 0002:00000490       __imp_sf_mex_emlrtNameCapturePostProcessR2012a 0000000180026490     sf_runtime:sf_runtime.dll
 0002:00000498       __imp_sf_load_rtw_optimization_info 0000000180026498     sf_runtime:sf_runtime.dll
 0002:000004a0       __imp_sf_debug_initialize_machine 00000001800264a0     sf_runtime:sf_runtime.dll
 0002:000004a8       __imp_sf_debug_set_machine_event_thresholds 00000001800264a8     sf_runtime:sf_runtime.dll
 0002:000004b0       __imp_sf_debug_set_machine_data_thresholds 00000001800264b0     sf_runtime:sf_runtime.dll
 0002:000004b8       \177sf_runtime_NULL_THUNK_DATA 00000001800264b8     sf_runtime:sf_runtime.dll
 0002:000004c0       __xc_a                     00000001800264c0     MSVCRT:cinitexe.obj
 0002:000004c8       __xc_z                     00000001800264c8     MSVCRT:cinitexe.obj
 0002:000004d0       __xi_a                     00000001800264d0     MSVCRT:cinitexe.obj
 0002:000004e0       __xi_z                     00000001800264e0     MSVCRT:cinitexe.obj
 0002:000004f0       __real@41a99c2f1c000000    00000001800264f0     friccion_aislada_sfun.obj
 0002:000004f8       __real@41d87d10ff400000    00000001800264f8     friccion_aislada_sfun.obj
 0002:00000500       __real@41eb969526400000    0000000180026500     friccion_aislada_sfun.obj
 0002:00000508       __real@418bdfc3a8000000    0000000180026508     friccion_aislada_sfun.obj
 0002:00000510       __real@41ad4b2baa000000    0000000180026510     friccion_aislada_sfun.obj
 0002:00000518       __real@41e4f54984000000    0000000180026518     friccion_aislada_sfun.obj
 0002:00000520       __real@41e2ce78c3a00000    0000000180026520     friccion_aislada_sfun.obj
 0002:00000528       __real@41e6fa90b7000000    0000000180026528     friccion_aislada_sfun.obj
 0002:00000530       __real@41d93df1ae000000    0000000180026530     friccion_aislada_sfun.obj
 0002:00000538       __real@41b0fb9bdb000000    0000000180026538     friccion_aislada_sfun.obj
 0002:00000540       __real@41e329db0bc00000    0000000180026540     friccion_aislada_sfun.obj
 0002:00000548       __real@41e531e2a8e00000    0000000180026548     friccion_aislada_sfun.obj
 0002:00000550       __real@41ec7ba7af200000    0000000180026550     friccion_aislada_sfun.obj
 0002:00000558       __real@41e81068a9c00000    0000000180026558     friccion_aislada_sfun.obj
 0002:00000560       __real@41d5182ffa400000    0000000180026560     friccion_aislada_sfun.obj
 0002:00000568       __real@41e021f267000000    0000000180026568     friccion_aislada_sfun.obj
 0002:00000570       __real@41ebae2775200000    0000000180026570     c1_friccion_aislada.obj
 0002:00000578       __real@41e6160b6dc00000    0000000180026578     c1_friccion_aislada.obj
 0002:00000580       __real@41e1942435e00000    0000000180026580     c1_friccion_aislada.obj
 0002:00000588       __real@41b036f439000000    0000000180026588     c1_friccion_aislada.obj
 0002:00000590       __real@4024000000000000    0000000180026590     c1_friccion_aislada.obj
 0002:00000598       __real@3ff0000000000000    0000000180026598     c1_friccion_aislada.obj
 0002:000005a0       __real@c072e00000000000    00000001800265a0     c1_friccion_aislada.obj
 0002:000005a8       __real@40f61e8000000000    00000001800265a8     c1_friccion_aislada.obj
 0002:000005b0       __mask@@NegDouble@         00000001800265b0     c1_friccion_aislada.obj
 0002:000005c0       __real@bff0000000000000    00000001800265c0     c1_friccion_aislada.obj
 0002:000005c8       __real@4072e00000000000    00000001800265c8     c1_friccion_aislada.obj
 0002:000005d0       __real@4062c00000000000    00000001800265d0     c1_friccion_aislada.obj
 0002:000005d8       __real@4060680000000000    00000001800265d8     c1_friccion_aislada.obj
 0002:000005e0       __real@40504d85f06f6944    00000001800265e0     c1_friccion_aislada.obj
 0002:000005e8       __real@4008000000000000    00000001800265e8     c1_friccion_aislada.obj
 0002:000005f0       __real@4018000000000000    00000001800265f0     c1_friccion_aislada.obj
 0002:000005f8       __real@402c000000000000    00000001800265f8     c1_friccion_aislada.obj
 0002:00000600       __real@3cb0000000000000    0000000180026600     c1_friccion_aislada.obj
 0002:00000608       __real@0000000000000000    0000000180026608     c1_friccion_aislada.obj
 0002:00000610       __real@41c217132a800000    0000000180026610     c2_friccion_aislada.obj
 0002:00000618       __real@41e145f335a00000    0000000180026618     c2_friccion_aislada.obj
 0002:00000620       __real@41e4451c9fa00000    0000000180026620     c2_friccion_aislada.obj
 0002:00000628       __real@41ddbc5629800000    0000000180026628     c2_friccion_aislada.obj
 0002:00000630       __real@c072c00000000000    0000000180026630     c2_friccion_aislada.obj
 0002:00000638       __real@4087700000000000    0000000180026638     c2_friccion_aislada.obj
 0002:00000640       __real@c07f400000000000    0000000180026640     c2_friccion_aislada.obj
 0002:00000648       __real@3fe2c00000000000    0000000180026648     c2_friccion_aislada.obj
 0002:00000650       __real@c017700000000000    0000000180026650     c2_friccion_aislada.obj
 0002:00000658       __real@402f400000000000    0000000180026658     c2_friccion_aislada.obj
 0002:00000660       __real@c022c00000000000    0000000180026660     c2_friccion_aislada.obj
 0002:00000668       __real@4047700000000000    0000000180026668     c2_friccion_aislada.obj
 0002:00000670       __real@c04f400000000000    0000000180026670     c2_friccion_aislada.obj
 0002:00000678       __real@4022c00000000000    0000000180026678     c2_friccion_aislada.obj
 0002:00000680       __real@c047700000000000    0000000180026680     c2_friccion_aislada.obj
 0002:00000688       __real@404f400000000000    0000000180026688     c2_friccion_aislada.obj
 0002:00000690       __real@406b800000000000    0000000180026690     c2_friccion_aislada.obj
 0002:00000698       __real@4065400000000000    0000000180026698     c2_friccion_aislada.obj
 0002:000006a0       __real@4049000000000000    00000001800266a0     c2_friccion_aislada.obj
 0002:000006a8       __real@c049000000000000    00000001800266a8     c2_friccion_aislada.obj
 0002:000006b0       __real@4010000000000000    00000001800266b0     c2_friccion_aislada.obj
 0002:000006b8       __real@4000000000000000    00000001800266b8     c2_friccion_aislada.obj
 0002:000006c0       __real@4014000000000000    00000001800266c0     c2_friccion_aislada.obj
 0002:000006d0       DYNAMIC_DIMENSION_DEF      00000001800266d0     friccion_aislada_sfun_registry.obj
 0002:000006f0       _ssBadLevel2InputAccessMsg 00000001800266f0     friccion_aislada_sfun_registry.obj
 0002:00000880       _ssBadLevel2DirectFeedMsg  0000000180026880     friccion_aislada_sfun_registry.obj
 0002:000009c0       _ssBadLevel2DirectFeedSolutionMsg 00000001800269c0     friccion_aislada_sfun_registry.obj
 0002:00000a30       _ssBadLevel2ZeroDirectFeedMsg 0000000180026a30     friccion_aislada_sfun_registry.obj
 0002:00000b70       _ssBadLevel2ZeroDirectFeedMsg2 0000000180026b70     friccion_aislada_sfun_registry.obj
 0002:00000c58       __real@41602cbca0000000    0000000180026c58     friccion_aislada_sfun_registry.obj
 0002:00000c60       _pDefaultRawDllMain        0000000180026c60     MSVCRT:crtdll.obj
 0002:00000c60       _pRawDllMain               0000000180026c60     MSVCRT:crtdll.obj
 0002:00000c78       ?ProcessDetach@NativeDll@<CrtImplementationDetails>@@0IB 0000000180026c78     MSVCRT:tncleanup.obj
 0002:00000c7c       ?ProcessAttach@NativeDll@<CrtImplementationDetails>@@0IB 0000000180026c7c     MSVCRT:tncleanup.obj
 0002:00000c80       ?ThreadAttach@NativeDll@<CrtImplementationDetails>@@0IB 0000000180026c80     MSVCRT:tncleanup.obj
 0002:00000c84       ?ThreadDetach@NativeDll@<CrtImplementationDetails>@@0IB 0000000180026c84     MSVCRT:tncleanup.obj
 0002:00000c88       ?ProcessVerifier@NativeDll@<CrtImplementationDetails>@@0IB 0000000180026c88     MSVCRT:tncleanup.obj
 0002:00000c90       __rtc_iaa                  0000000180026c90     MSVCRT:_initsect_.obj
 0002:00000c98       __rtc_izz                  0000000180026c98     MSVCRT:_initsect_.obj
 0002:00000ca0       __rtc_taa                  0000000180026ca0     MSVCRT:_initsect_.obj
 0002:00000ca8       __rtc_tzz                  0000000180026ca8     MSVCRT:_initsect_.obj
 0002:00001528       __IMPORT_DESCRIPTOR_sf_runtime 0000000180027528     sf_runtime:sf_runtime.dll
 0002:0000153c       __IMPORT_DESCRIPTOR_libmx  000000018002753c     libmx:libmx.dll
 0002:00001550       __IMPORT_DESCRIPTOR_libmex 0000000180027550     libmex:libmex.dll
 0002:00001564       __IMPORT_DESCRIPTOR_libut  0000000180027564     libut:libut.dll
 0002:00001578       __IMPORT_DESCRIPTOR_libmwmathutil 0000000180027578     libmwmathutil:libmwmathutil.dll
 0002:0000158c       __IMPORT_DESCRIPTOR_MSVCR100 000000018002758c     MSVCRT:MSVCR100.dll
 0002:000015a0       __IMPORT_DESCRIPTOR_KERNEL32 00000001800275a0     kernel32:KERNEL32.dll
 0002:000015b4       __NULL_IMPORT_DESCRIPTOR   00000001800275b4     sf_runtime:sf_runtime.dll
 0003:0000a268       DYNAMIC_DIMENSION          0000000180033268     friccion_aislada_sfun_registry.obj
 0003:0000ae68       __security_cookie          0000000180033e68     MSVCRT:gs_cookie.obj
 0003:0000ae70       __security_cookie_complement 0000000180033e70     MSVCRT:gs_cookie.obj
 0003:0000ae78       _fltused                   0000000180033e78     MSVCRT:dllsupp.obj
 0003:0000ae80       __native_dllmain_reason    0000000180033e80     MSVCRT:natstart.obj
 0003:0000ae84       __native_vcclrit_reason    0000000180033e84     MSVCRT:natstart.obj
 0003:0000af98       sfGlobalDebugInstanceStruct 0000000180033f98     friccion_aislada_sfun_registry.obj
 0003:0000b520       ?__type_info_root_node@@3U__type_info_node@@A 0000000180034520     MSVCRT:tncleanup.obj
 0003:0000b530       _friccion_aisladaMachineNumber_ 0000000180034530     <common>
 0003:0000b534       __native_startup_state     0000000180034534     <common>
 0003:0000b538       __native_startup_lock      0000000180034538     <common>
 0003:0000b540       __onexitend                0000000180034540     <common>
 0003:0000b548       __onexitbegin              0000000180034548     <common>
 0003:0000b550       __dyn_tls_init_callback    0000000180034550     <common>

 entry point at        0001:00024820

 Static symbols

 0001:00000dd0       c1_info_helper             0000000180001dd0 f   c1_friccion_aislada.obj
 0001:0000aa40       c1_emlrt_marshallOut       000000018000ba40 f   c1_friccion_aislada.obj
 0001:0000aad0       c1_b_emlrt_marshallOut     000000018000bad0 f   c1_friccion_aislada.obj
 0001:0000ab40       c1_b_info_helper           000000018000bb40 f   c1_friccion_aislada.obj
 0001:0000ce90       get_sim_state_c1_friccion_aislada 000000018000de90 f   c1_friccion_aislada.obj
 0001:0000d1c0       sf_get_sim_state_info_c1_friccion_aislada 000000018000e1c0 f   c1_friccion_aislada.obj
 0001:0000d390       set_sim_state_c1_friccion_aislada 000000018000e390 f   c1_friccion_aislada.obj
 0001:0000d500       c1_update_debugger_state_c1_friccion_aislada 000000018000e500 f   c1_friccion_aislada.obj
 0001:0000d510       c1_emlrt_marshallIn        000000018000e510 f   c1_friccion_aislada.obj
 0001:0000d580       c1_b_emlrt_marshallIn      000000018000e580 f   c1_friccion_aislada.obj
 0001:0000d610       c1_i_emlrt_marshallIn      000000018000e610 f   c1_friccion_aislada.obj
 0001:0000d670       c1_j_emlrt_marshallIn      000000018000e670 f   c1_friccion_aislada.obj
 0001:0000d770       mdlProcessParameters_c1_friccion_aislada 000000018000e770 f   c1_friccion_aislada.obj
 0001:0000d850       initialize_params_c1_friccion_aislada 000000018000e850 f   c1_friccion_aislada.obj
 0001:0000d860       mdlSetWorkWidths_c1_friccion_aislada 000000018000e860 f   c1_friccion_aislada.obj
 0001:0000dd90       sf_get_instance_specialization 000000018000ed90 f   c1_friccion_aislada.obj
 0001:0000dda0       mdlStart_c1_friccion_aislada 000000018000eda0 f   c1_friccion_aislada.obj
 0001:0000dfd0       init_dsm_address_info      000000018000efd0 f   c1_friccion_aislada.obj
 0001:0000dfe0       chart_debug_initialization 000000018000efe0 f   c1_friccion_aislada.obj
 0001:0000ef70       init_script_number_translation 000000018000ff70 f   c1_friccion_aislada.obj
 0001:0000efc0       c1_sf_marshallOut          000000018000ffc0 f   c1_friccion_aislada.obj
 0001:0000f070       c1_sf_marshallIn           0000000180010070 f   c1_friccion_aislada.obj
 0001:0000f110       sf_opaque_initialize_c1_friccion_aislada 0000000180010110 f   c1_friccion_aislada.obj
 0001:0000f150       initialize_c1_friccion_aislada 0000000180010150 f   c1_friccion_aislada.obj
 0001:0000f1a0       sf_opaque_enable_c1_friccion_aislada 00000001800101a0 f   c1_friccion_aislada.obj
 0001:0000f1c0       enable_c1_friccion_aislada 00000001800101c0 f   c1_friccion_aislada.obj
 0001:0000f1f0       sf_opaque_disable_c1_friccion_aislada 00000001800101f0 f   c1_friccion_aislada.obj
 0001:0000f210       disable_c1_friccion_aislada 0000000180010210 f   c1_friccion_aislada.obj
 0001:0000f240       sf_opaque_gateway_c1_friccion_aislada 0000000180010240 f   c1_friccion_aislada.obj
 0001:0000f260       sf_gateway_c1_friccion_aislada 0000000180010260 f   c1_friccion_aislada.obj
 0001:0000f5f0       c1_chartstep_c1_friccion_aislada 00000001800105f0 f   c1_friccion_aislada.obj
 0001:00013420       c1_b_sf_marshallOut        0000000180014420 f   c1_friccion_aislada.obj
 0001:00013540       c1_b_sf_marshallIn         0000000180014540 f   c1_friccion_aislada.obj
 0001:00013610       c1_c_emlrt_marshallIn      0000000180014610 f   c1_friccion_aislada.obj
 0001:000136e0       c1_c_sf_marshallOut        00000001800146e0 f   c1_friccion_aislada.obj
 0001:00013840       c1_c_sf_marshallIn         0000000180014840 f   c1_friccion_aislada.obj
 0001:00013940       c1_d_emlrt_marshallIn      0000000180014940 f   c1_friccion_aislada.obj
 0001:00013a30       c1_eml_scalar_eg           0000000180014a30 f   c1_friccion_aislada.obj
 0001:00013a40       c1_threshold               0000000180014a40 f   c1_friccion_aislada.obj
 0001:00013a50       c1_mpower                  0000000180014a50 f   c1_friccion_aislada.obj
 0001:00013ac0       c1_b_eml_scalar_eg         0000000180014ac0 f   c1_friccion_aislada.obj
 0001:00013ad0       c1_atan2                   0000000180014ad0 f   c1_friccion_aislada.obj
 0001:00013b30       c1_b_mpower                0000000180014b30 f   c1_friccion_aislada.obj
 0001:00014120       c1_inv2x2                  0000000180015120 f   c1_friccion_aislada.obj
 0001:000148c0       c1_norm                    00000001800158c0 f   c1_friccion_aislada.obj
 0001:00014be0       c1_eml_warning             0000000180015be0 f   c1_friccion_aislada.obj
 0001:00014d30       c1_b_eml_warning           0000000180015d30 f   c1_friccion_aislada.obj
 0001:00014f30       c1_c_eml_scalar_eg         0000000180015f30 f   c1_friccion_aislada.obj
 0001:00014f40       c1_f_emlrt_marshallIn      0000000180015f40 f   c1_friccion_aislada.obj
 0001:00014fb0       c1_g_emlrt_marshallIn      0000000180015fb0 f   c1_friccion_aislada.obj
 0001:000150b0       c1_b_sqrt                  00000001800160b0 f   c1_friccion_aislada.obj
 0001:00015100       c1_eml_error               0000000180016100 f   c1_friccion_aislada.obj
 0001:00015310       sf_opaque_get_sim_state_c1_friccion_aislada 0000000180016310 f   c1_friccion_aislada.obj
 0001:00015330       sf_opaque_set_sim_state_c1_friccion_aislada 0000000180016330 f   c1_friccion_aislada.obj
 0001:00015360       sf_opaque_terminate_c1_friccion_aislada 0000000180016360 f   c1_friccion_aislada.obj
 0001:00015400       finalize_c1_friccion_aislada 0000000180016400 f   c1_friccion_aislada.obj
 0001:00015410       sf_opaque_init_subchart_simstructs 0000000180016410 f   c1_friccion_aislada.obj
 0001:00015430       initSimStructsc1_friccion_aislada 0000000180016430 f   c1_friccion_aislada.obj
 0001:00015440       mdlRTW_c1_friccion_aislada 0000000180016440 f   c1_friccion_aislada.obj
 0001:000154f0       c2_info_helper             00000001800164f0 f   c2_friccion_aislada.obj
 0001:000185a0       c2_emlrt_marshallOut       00000001800195a0 f   c2_friccion_aislada.obj
 0001:00018630       c2_b_emlrt_marshallOut     0000000180019630 f   c2_friccion_aislada.obj
 0001:00018f40       get_sim_state_c2_friccion_aislada 0000000180019f40 f   c2_friccion_aislada.obj
 0001:00019280       sf_get_sim_state_info_c2_friccion_aislada 000000018001a280 f   c2_friccion_aislada.obj
 0001:00019450       set_sim_state_c2_friccion_aislada 000000018001a450 f   c2_friccion_aislada.obj
 0001:000195c0       c2_update_debugger_state_c2_friccion_aislada 000000018001a5c0 f   c2_friccion_aislada.obj
 0001:000195d0       c2_emlrt_marshallIn        000000018001a5d0 f   c2_friccion_aislada.obj
 0001:00019640       c2_b_emlrt_marshallIn      000000018001a640 f   c2_friccion_aislada.obj
 0001:000196d0       c2_d_emlrt_marshallIn      000000018001a6d0 f   c2_friccion_aislada.obj
 0001:00019730       c2_e_emlrt_marshallIn      000000018001a730 f   c2_friccion_aislada.obj
 0001:00019830       mdlProcessParameters_c2_friccion_aislada 000000018001a830 f   c2_friccion_aislada.obj
 0001:00019910       initialize_params_c2_friccion_aislada 000000018001a910 f   c2_friccion_aislada.obj
 0001:00019920       mdlSetWorkWidths_c2_friccion_aislada 000000018001a920 f   c2_friccion_aislada.obj
 0001:00019df0       sf_get_instance_specialization 000000018001adf0 f   c2_friccion_aislada.obj
 0001:00019e00       mdlStart_c2_friccion_aislada 000000018001ae00 f   c2_friccion_aislada.obj
 0001:0001a030       init_dsm_address_info      000000018001b030 f   c2_friccion_aislada.obj
 0001:0001a040       chart_debug_initialization 000000018001b040 f   c2_friccion_aislada.obj
 0001:0001abf0       init_script_number_translation 000000018001bbf0 f   c2_friccion_aislada.obj
 0001:0001ac10       c2_sf_marshallOut          000000018001bc10 f   c2_friccion_aislada.obj
 0001:0001acc0       c2_sf_marshallIn           000000018001bcc0 f   c2_friccion_aislada.obj
 0001:0001ad60       sf_opaque_initialize_c2_friccion_aislada 000000018001bd60 f   c2_friccion_aislada.obj
 0001:0001ada0       initialize_c2_friccion_aislada 000000018001bda0 f   c2_friccion_aislada.obj
 0001:0001adf0       sf_opaque_enable_c2_friccion_aislada 000000018001bdf0 f   c2_friccion_aislada.obj
 0001:0001ae10       enable_c2_friccion_aislada 000000018001be10 f   c2_friccion_aislada.obj
 0001:0001ae40       sf_opaque_disable_c2_friccion_aislada 000000018001be40 f   c2_friccion_aislada.obj
 0001:0001ae60       disable_c2_friccion_aislada 000000018001be60 f   c2_friccion_aislada.obj
 0001:0001ae90       sf_opaque_gateway_c2_friccion_aislada 000000018001be90 f   c2_friccion_aislada.obj
 0001:0001aeb0       sf_gateway_c2_friccion_aislada 000000018001beb0 f   c2_friccion_aislada.obj
 0001:0001b170       c2_chartstep_c2_friccion_aislada 000000018001c170 f   c2_friccion_aislada.obj
 0001:0001d7e0       c2_mpower                  000000018001e7e0 f   c2_friccion_aislada.obj
 0001:0001d860       c2_eml_scalar_eg           000000018001e860 f   c2_friccion_aislada.obj
 0001:0001d870       c2_b_mpower                000000018001e870 f   c2_friccion_aislada.obj
 0001:0001d8f0       c2_c_mpower                000000018001e8f0 f   c2_friccion_aislada.obj
 0001:0001d970       c2_d_mpower                000000018001e970 f   c2_friccion_aislada.obj
 0001:0001d9e0       sf_opaque_get_sim_state_c2_friccion_aislada 000000018001e9e0 f   c2_friccion_aislada.obj
 0001:0001da00       sf_opaque_set_sim_state_c2_friccion_aislada 000000018001ea00 f   c2_friccion_aislada.obj
 0001:0001da30       sf_opaque_terminate_c2_friccion_aislada 000000018001ea30 f   c2_friccion_aislada.obj
 0001:0001dad0       finalize_c2_friccion_aislada 000000018001ead0 f   c2_friccion_aislada.obj
 0001:0001dae0       sf_opaque_init_subchart_simstructs 000000018001eae0 f   c2_friccion_aislada.obj
 0001:0001db00       initSimStructsc2_friccion_aislada 000000018001eb00 f   c2_friccion_aislada.obj
 0001:0001db10       mdlRTW_c2_friccion_aislada 000000018001eb10 f   c2_friccion_aislada.obj
 0001:0001e4d0       getChartInfoFromSimStruct  000000018001f4d0 f   friccion_aislada_sfun_registry.obj
 0001:0001fb70       _ssFatalError              0000000180020b70 f   friccion_aislada_sfun_registry.obj
 0001:00022c20       ProcessMexSfunctionCmdLineCall 0000000180023c20 f   friccion_aislada_sfun_registry.obj
 0001:00022d80       sf_debug_api_wrapper       0000000180023d80 f   friccion_aislada_sfun_registry.obj
 0001:00022dd0       mdlStart                   0000000180023dd0 f   friccion_aislada_sfun_registry.obj
 0001:00022e00       mdl_start_processing       0000000180023e00 f   friccion_aislada_sfun_registry.obj
 0001:00022e90       mdlTerminate               0000000180023e90 f   friccion_aislada_sfun_registry.obj
 0001:00022ec0       mdl_terminate_processing   0000000180023ec0 f   friccion_aislada_sfun_registry.obj
 0001:00022f40       mdlInitializeSampleTimes   0000000180023f40 f   friccion_aislada_sfun_registry.obj
 0001:00022f70       mdlZeroCrossings           0000000180023f70 f   friccion_aislada_sfun_registry.obj
 0001:00022fa0       mdl_zeroCrossings_processing 0000000180023fa0 f   friccion_aislada_sfun_registry.obj
 0001:00022fe0       mdlDerivatives             0000000180023fe0 f   friccion_aislada_sfun_registry.obj
 0001:00023010       mdl_derivatives_processing 0000000180024010 f   friccion_aislada_sfun_registry.obj
 0001:00023060       mdlInitializeConditions    0000000180024060 f   friccion_aislada_sfun_registry.obj
 0001:00023090       mdl_initialize_conditions_processing 0000000180024090 f   friccion_aislada_sfun_registry.obj
 0001:000230e0       mdlEnable                  00000001800240e0 f   friccion_aislada_sfun_registry.obj
 0001:00023110       mdl_enable_processing      0000000180024110 f   friccion_aislada_sfun_registry.obj
 0001:00023150       mdlDisable                 0000000180024150 f   friccion_aislada_sfun_registry.obj
 0001:00023180       mdl_disable_processing     0000000180024180 f   friccion_aislada_sfun_registry.obj
 0001:000231c0       mdlOutputs                 00000001800241c0 f   friccion_aislada_sfun_registry.obj
 0001:000231f0       mdl_outputs_processing     00000001800241f0 f   friccion_aislada_sfun_registry.obj
 0001:000232d0       mdl_outputs_continuous_legacy 00000001800242d0 f   friccion_aislada_sfun_registry.obj
 0001:000233c0       mdlGetTimeOfNextVarHit     00000001800243c0 f   friccion_aislada_sfun_registry.obj
 0001:00023410       _ProcessMexSfunctionCmdLineCall 0000000180024410 f   friccion_aislada_sfun_registry.obj
 0001:00023b60       mdlSetWorkWidths           0000000180024b60 f   friccion_aislada_sfun_registry.obj
 0001:00023b90       mdlProcessParameters       0000000180024b90 f   friccion_aislada_sfun_registry.obj
 0001:00023bc0       mdlInitializeSizes         0000000180024bc0 f   friccion_aislada_sfun_registry.obj
 0001:00023bf0       mdlExtModeExec             0000000180024bf0 f   friccion_aislada_sfun_registry.obj
 0001:00023c20       mdl_ext_mode_exec_processing 0000000180024c20 f   friccion_aislada_sfun_registry.obj
 0001:00023c60       mdlRTW                     0000000180024c60 f   friccion_aislada_sfun_registry.obj
 0001:00023ca0       _CreateSimStruct           0000000180024ca0 f   friccion_aislada_sfun_registry.obj
 0001:00023e30       _RegNumInputPortsCB        0000000180024e30 f   friccion_aislada_sfun_registry.obj
 0001:00023eb0       _RegNumOutputPortsCB       0000000180024eb0 f   friccion_aislada_sfun_registry.obj
 0001:00024428       pre_c_init                 0000000180025428 f   MSVCRT:crtdll.obj
 0001:000246e4       __DllMainCRTStartup        00000001800256e4 f   MSVCRT:crtdll.obj
 0001:00024d50       __DllMainCRTStartup$filt$0 0000000180025d50 f   MSVCRT:crtdll.obj
 0001:00024d80       __DllMainCRTStartup$fin$1  0000000180025d80 f   MSVCRT:crtdll.obj
 0001:00024d9a       _onexit$fin$0              0000000180025d9a f   MSVCRT:atonexit.obj
 0001:00024dc0       _IsNonwritableInCurrentImage$filt$0 0000000180025dc0 f   MSVCRT:pesect.obj
