 Organizado5Posicion_sfun

 Timestamp is 5690046a (Fri Jan 08 13:48:10 2016)

 Preferred load address is 0000000180000000

 Start         Length     Name                   Class
 0001:00000000 000102b4H .text                   CODE
 0001:000102c0 00000092H .text$x                 CODE
 0002:00000000 00000438H .idata$5                DATA
 0002:00000438 00000008H .CRT$XCA                DATA
 0002:00000440 00000008H .CRT$XCZ                DATA
 0002:00000448 00000008H .CRT$XIA                DATA
 0002:00000450 00000008H .CRT$XIAA               DATA
 0002:00000458 00000008H .CRT$XIZ                DATA
 0002:00000460 0000071cH .rdata                  DATA
 0002:00000b80 00000008H .rtc$IAA                DATA
 0002:00000b88 00000008H .rtc$IZZ                DATA
 0002:00000b90 00000008H .rtc$TAA                DATA
 0002:00000b98 00000008H .rtc$TZZ                DATA
 0002:00000ba0 00000650H .xdata                  DATA
 0002:000011f0 0000008cH .idata$2                DATA
 0002:0000127c 00000014H .idata$3                DATA
 0002:00001290 00000438H .idata$4                DATA
 0002:000016c8 00000b90H .idata$6                DATA
 0002:00002260 0000005eH .edata                  DATA
 0003:00000000 00003548H .data                   DATA
 0003:00003550 000006a8H .bss                    DATA
 0004:00000000 000007a4H .pdata                  DATA

  Address         Publics by Value              Rva+Base               Lib:Object

 0000:00000000       ___safe_se_handler_count   0000000000000000     <absolute>
 0000:00000000       ___safe_se_handler_table   0000000000000000     <absolute>
 0000:00000000       __ImageBase                0000000180000000     <linker-defined>
 0001:00000000       Organizado5Posicion_initializer 0000000180001000 f   Organizado5Posicion_sfun.obj
 0001:00000010       Organizado5Posicion_terminator 0000000180001010 f   Organizado5Posicion_sfun.obj
 0001:00000020       sf_Organizado5Posicion_method_dispatcher 0000000180001020 f   Organizado5Posicion_sfun.obj
 0001:00000070       sf_Organizado5Posicion_process_check_sum_call 0000000180001070 f   Organizado5Posicion_sfun.obj
 0001:00000480       sf_Organizado5Posicion_autoinheritance_info 0000000180001480 f   Organizado5Posicion_sfun.obj
 0001:000005f0       sf_Organizado5Posicion_get_eml_resolved_functions_info 00000001800015f0 f   Organizado5Posicion_sfun.obj
 0001:00000720       sf_Organizado5Posicion_third_party_uses_info 0000000180001720 f   Organizado5Posicion_sfun.obj
 0001:00000870       sf_Organizado5Posicion_updateBuildInfo_args_info 0000000180001870 f   Organizado5Posicion_sfun.obj
 0001:000009c0       Organizado5Posicion_debug_initialize 00000001800019c0 f   Organizado5Posicion_sfun.obj
 0001:00000a40       Organizado5Posicion_register_exported_symbols 0000000180001a40 f   Organizado5Posicion_sfun.obj
 0001:00000a50       load_Organizado5Posicion_optimization_info 0000000180001a50 f   Organizado5Posicion_sfun.obj
 0001:00000aa0       unload_Organizado5Posicion_optimization_info 0000000180001aa0 f   Organizado5Posicion_sfun.obj
 0001:00000ad0       sf_c2_Organizado5Posicion_get_eml_resolved_functions_info 0000000180001ad0 f   c2_Organizado5Posicion.obj
 0001:00003cf0       sf_c2_Organizado5Posicion_get_check_sum 0000000180004cf0 f   c2_Organizado5Posicion.obj
 0001:00003d70       sf_c2_Organizado5Posicion_get_autoinheritance_info 0000000180004d70 f   c2_Organizado5Posicion.obj
 0001:00004430       sf_c2_Organizado5Posicion_third_party_uses_info 0000000180005430 f   c2_Organizado5Posicion.obj
 0001:00004460       sf_c2_Organizado5Posicion_updateBuildInfo_args_info 0000000180005460 f   c2_Organizado5Posicion.obj
 0001:00004490       sf_internal_get_sim_state_c2_Organizado5Posicion 0000000180005490 f   c2_Organizado5Posicion.obj
 0001:00004990       sf_internal_set_sim_state_c2_Organizado5Posicion 0000000180005990 f   c2_Organizado5Posicion.obj
 0001:00004e10       c2_Organizado5Posicion_method_dispatcher 0000000180005e10 f   c2_Organizado5Posicion.obj
 0001:000091a0       sf_process_check_sum_call  000000018000a1a0 f   Organizado5Posicion_sfun_registry.obj
 0001:000091f0       sf_process_autoinheritance_call 000000018000a1f0 f   Organizado5Posicion_sfun_registry.obj
 0001:00009390       sf_process_get_third_party_uses_info_call 000000018000a390 f   Organizado5Posicion_sfun_registry.obj
 0001:00009530       sf_process_get_updateBuildInfo_args_info_call 000000018000a530 f   Organizado5Posicion_sfun_registry.obj
 0001:000096d0       sf_process_get_eml_resolved_functions_info_call 000000018000a6d0 f   Organizado5Posicion_sfun_registry.obj
 0001:00009850       sf_mex_unlock_call         000000018000a850 f   Organizado5Posicion_sfun_registry.obj
 0001:00009900       sf_machine_global_initializer_called 000000018000a900 f   Organizado5Posicion_sfun_registry.obj
 0001:00009930       sf_machine_global_method_dispatcher 000000018000a930 f   Organizado5Posicion_sfun_registry.obj
 0001:00009990       sf_machine_global_terminator 000000018000a990 f   Organizado5Posicion_sfun_registry.obj
 0001:000099e0       sf_register_machine_exported_symbols 000000018000a9e0 f   Organizado5Posicion_sfun_registry.obj
 0001:00009a00       callCustomFcn              000000018000aa00 f   Organizado5Posicion_sfun_registry.obj
 0001:00009a10       sf_machine_global_initializer 000000018000aa10 f   Organizado5Posicion_sfun_registry.obj
 0001:00009a90       mdlGetSimState             000000018000aa90 f   Organizado5Posicion_sfun_registry.obj
 0001:00009b10       mdlSetSimState             000000018000ab10 f   Organizado5Posicion_sfun_registry.obj
 0001:00009b50       _ssSetStateAbsTol          000000018000ab50 f   Organizado5Posicion_sfun_registry.obj
 0001:00009c30       _ssGetAbsTol               000000018000ac30 f   Organizado5Posicion_sfun_registry.obj
 0001:00009ca0       _ssSetInputPortMatrixDimensions 000000018000aca0 f   Organizado5Posicion_sfun_registry.obj
 0001:00009db0       _ssSetOutputPortMatrixDimensions 000000018000adb0 f   Organizado5Posicion_sfun_registry.obj
 0001:00009ec0       _ssSetInputPortVectorDimension 000000018000aec0 f   Organizado5Posicion_sfun_registry.obj
 0001:00009f90       _ssSetOutputPortVectorDimension 000000018000af90 f   Organizado5Posicion_sfun_registry.obj
 0001:0000a060       ssIsRunTimeParamTunable    000000018000b060 f   Organizado5Posicion_sfun_registry.obj
 0001:0000a0d0       ssGetSFuncBlockHandle      000000018000b0d0 f   Organizado5Posicion_sfun_registry.obj
 0001:0000a140       _ssGetCurrentInputPortWidth 000000018000b140 f   Organizado5Posicion_sfun_registry.obj
 0001:0000a260       _ssGetCurrentOutputPortWidth 000000018000b260 f   Organizado5Posicion_sfun_registry.obj
 0001:0000a380       _ssGetCallSystemNumFcnCallDestinations 000000018000b380 f   Organizado5Posicion_sfun_registry.obj
 0001:0000a3f0       ssWarning                  000000018000b3f0 f   Organizado5Posicion_sfun_registry.obj
 0001:0000a500       ssGetIsZeroCrossControlDisabled 000000018000b500 f   Organizado5Posicion_sfun_registry.obj
 0001:0000a570       ssSetIsInputPortUsedForContZcSignal 000000018000b570 f   Organizado5Posicion_sfun_registry.obj
 0001:0000a5e0       ssSetZcSignalIsZcElementDisc 000000018000b5e0 f   Organizado5Posicion_sfun_registry.obj
 0001:0000a690       ssSetZcSignalName          000000018000b690 f   Organizado5Posicion_sfun_registry.obj
 0001:0000a700       ssSetZcSignalWidth         000000018000b700 f   Organizado5Posicion_sfun_registry.obj
 0001:0000a770       ssSetZcSignalZcEventType   000000018000b770 f   Organizado5Posicion_sfun_registry.obj
 0001:0000a7e0       ssSetZcSignalType          000000018000b7e0 f   Organizado5Posicion_sfun_registry.obj
 0001:0000a850       ssSetZcSignalZcTol         000000018000b850 f   Organizado5Posicion_sfun_registry.obj
 0001:0000a8c0       ssSetZcSignalNeedsEventNotification 000000018000b8c0 f   Organizado5Posicion_sfun_registry.obj
 0001:0000a930       ssCreateAndAddZcSignalInfo 000000018000b930 f   Organizado5Posicion_sfun_registry.obj
 0001:0000a9a0       ssCloneAndAddZcSignalInfo  000000018000b9a0 f   Organizado5Posicion_sfun_registry.obj
 0001:0000aa10       ssGetNumZcSignals          000000018000ba10 f   Organizado5Posicion_sfun_registry.obj
 0001:0000aa80       ssGetZcSignalVector        000000018000ba80 f   Organizado5Posicion_sfun_registry.obj
 0001:0000aaf0       ssGetZcSignalZcEvents      000000018000baf0 f   Organizado5Posicion_sfun_registry.obj
 0001:0000ab60       ssGetZcSignalName          000000018000bb60 f   Organizado5Posicion_sfun_registry.obj
 0001:0000abd0       ssGetZcSignalWidth         000000018000bbd0 f   Organizado5Posicion_sfun_registry.obj
 0001:0000ac40       ssGetZcSignalZcEventType   000000018000bc40 f   Organizado5Posicion_sfun_registry.obj
 0001:0000acb0       ssGetZcSignalType          000000018000bcb0 f   Organizado5Posicion_sfun_registry.obj
 0001:0000ad20       ssGetZcSignalZcTol         000000018000bd20 f   Organizado5Posicion_sfun_registry.obj
 0001:0000ada0       ssGetZcSignalNeedsEventNotification 000000018000bda0 f   Organizado5Posicion_sfun_registry.obj
 0001:0000ae10       ssGetZcSignalIsZcElementDisc 000000018000be10 f   Organizado5Posicion_sfun_registry.obj
 0001:0000aeb0       ssGetIsInputPortElementContinuous 000000018000beb0 f   Organizado5Posicion_sfun_registry.obj
 0001:0000af50       _ssGetInputPortSignalPtrsFcn 000000018000bf50 f   Organizado5Posicion_sfun_registry.obj
 0001:0000b210       _ssGetInputPortSignalFcn   000000018000c210 f   Organizado5Posicion_sfun_registry.obj
 0001:0000b430       _ssSetInputPortDirectFeedThroughFcn 000000018000c430 f   Organizado5Posicion_sfun_registry.obj
 0001:0000b590       _ssSetInputPortReusableFcn 000000018000c590 f   Organizado5Posicion_sfun_registry.obj
 0001:0000b680       _ssSetOutputPortReusableFcn 000000018000c680 f   Organizado5Posicion_sfun_registry.obj
 0001:0000b760       ssGetDTypeIdFromMxArray    000000018000c760 f   Organizado5Posicion_sfun_registry.obj
 0001:0000b880       ssWriteRTWStr              000000018000c880 f   Organizado5Posicion_sfun_registry.obj
 0001:0000b8e0       ssWriteRTWMxVectParam      000000018000c8e0 f   Organizado5Posicion_sfun_registry.obj
 0001:0000b940       ssWriteRTWMx2dMatParam     000000018000c940 f   Organizado5Posicion_sfun_registry.obj
 0001:0000b9c0       ssWriteRTWNameValuePair    000000018000c9c0 f   Organizado5Posicion_sfun_registry.obj
 0001:0000beb0       ssWriteRTWParameters       000000018000ceb0 f   Organizado5Posicion_sfun_registry.obj
 0001:0000c4b0       ssWriteRTWParamSettings    000000018000d4b0 f   Organizado5Posicion_sfun_registry.obj
 0001:0000cb80       ssWriteRTWWorkVect         000000018000db80 f   Organizado5Posicion_sfun_registry.obj
 0001:0000d080       mexFunction                000000018000e080 f   Organizado5Posicion_sfun_registry.obj
 0001:0000f500       ProcessMexSfunctionEveryCall 0000000180010500 f   Organizado5Posicion_sfun_registry.obj
 0001:0000f682       sf_debug_set_machine_data_thresholds 0000000180010682 f   sf_runtime:sf_runtime.dll
 0001:0000f688       sf_debug_set_machine_event_thresholds 0000000180010688 f   sf_runtime:sf_runtime.dll
 0001:0000f68e       sf_debug_initialize_machine 000000018001068e f   sf_runtime:sf_runtime.dll
 0001:0000f694       sf_load_rtw_optimization_info 0000000180010694 f   sf_runtime:sf_runtime.dll
 0001:0000f69a       sf_mex_emlrtNameCapturePostProcessR2012a 000000018001069a f   sf_runtime:sf_runtime.dll
 0001:0000f6a0       sf_mex_assign              00000001800106a0 f   sf_runtime:sf_runtime.dll
 0001:0000f6a6       sf_mex_createstruct        00000001800106a6 f   sf_runtime:sf_runtime.dll
 0001:0000f6ac       sf_mex_destroy             00000001800106ac f   sf_runtime:sf_runtime.dll
 0001:0000f6b2       sf_mex_duplicatearraysafe  00000001800106b2 f   sf_runtime:sf_runtime.dll
 0001:0000f6b8       sf_mex_createcellmatrix    00000001800106b8 f   sf_runtime:sf_runtime.dll
 0001:0000f6be       sf_mex_addfield            00000001800106be f   sf_runtime:sf_runtime.dll
 0001:0000f6c4       sf_mex_create              00000001800106c4 f   sf_runtime:sf_runtime.dll
 0001:0000f6ca       sf_mex_error_message       00000001800106ca f   sf_runtime:sf_runtime.dll
 0001:0000f6d0       sf_mex_call_matlab         00000001800106d0 f   sf_runtime:sf_runtime.dll
 0001:0000f6d6       sf_mex_setcell             00000001800106d6 f   sf_runtime:sf_runtime.dll
 0001:0000f6dc       sf_mex_decode_encoded_mx_struct_array 00000001800106dc f   sf_runtime:sf_runtime.dll
 0001:0000f6e2       sf_mex_getcell             00000001800106e2 f   sf_runtime:sf_runtime.dll
 0001:0000f6e8       sf_mex_dup                 00000001800106e8 f   sf_runtime:sf_runtime.dll
 0001:0000f6ee       sf_mex_import              00000001800106ee f   sf_runtime:sf_runtime.dll
 0001:0000f6f4       sf_set_rtw_dwork_info      00000001800106f4 f   sf_runtime:sf_runtime.dll
 0001:0000f6fa       sf_mark_chart_reusable_outputs 00000001800106fa f   sf_runtime:sf_runtime.dll
 0001:0000f700       sf_mark_chart_expressionable_inputs 0000000180010700 f   sf_runtime:sf_runtime.dll
 0001:0000f706       sf_update_buildInfo        0000000180010706 f   sf_runtime:sf_runtime.dll
 0001:0000f70c       sf_rtw_info_uint_prop      000000018001070c f   sf_runtime:sf_runtime.dll
 0001:0000f712       sf_is_chart_inlinable      0000000180010712 f   sf_runtime:sf_runtime.dll
 0001:0000f718       sim_mode_is_external       0000000180010718 f   sf_runtime:sf_runtime.dll
 0001:0000f71e       sim_mode_is_rtw_gen        000000018001071e f   sf_runtime:sf_runtime.dll
 0001:0000f724       sf_debug_reset_current_state_configuration 0000000180010724 f   sf_runtime:sf_runtime.dll
 0001:0000f72a       sf_debug_set_instance_data_value_ptr 000000018001072a f   sf_runtime:sf_runtime.dll
 0001:0000f730       sf_debug_set_chart_data_compiled_props 0000000180010730 f   sf_runtime:sf_runtime.dll
 0001:0000f736       cv_eml_init_if             0000000180010736 f   sf_runtime:sf_runtime.dll
 0001:0000f73c       cv_eml_init_fcn            000000018001073c f   sf_runtime:sf_runtime.dll
 0001:0000f742       cv_eml_init_script         0000000180010742 f   sf_runtime:sf_runtime.dll
 0001:0000f748       sf_debug_cv_init_trans     0000000180010748 f   sf_runtime:sf_runtime.dll
 0001:0000f74e       sf_debug_cv_init_state     000000018001074e f   sf_runtime:sf_runtime.dll
 0001:0000f754       sf_debug_cv_init_chart     0000000180010754 f   sf_runtime:sf_runtime.dll
 0001:0000f75a       sf_debug_set_chart_decomposition 000000018001075a f   sf_runtime:sf_runtime.dll
 0001:0000f760       sf_debug_set_chart_substate_count 0000000180010760 f   sf_runtime:sf_runtime.dll
 0001:0000f766       sf_debug_set_chart_state_info 0000000180010766 f   sf_runtime:sf_runtime.dll
 0001:0000f76c       sf_debug_set_chart_data_props 000000018001076c f   sf_runtime:sf_runtime.dll
 0001:0000f772       sf_debug_set_chart_event_thresholds 0000000180010772 f   sf_runtime:sf_runtime.dll
 0001:0000f778       sf_debug_set_chart_disable_implicit_casting 0000000180010778 f   sf_runtime:sf_runtime.dll
 0001:0000f77e       sf_debug_initialize_chart  000000018001077e f   sf_runtime:sf_runtime.dll
 0001:0000f784       sf_get_time                0000000180010784 f   sf_runtime:sf_runtime.dll
 0001:0000f78a       sf_debug_data_range_wrapper 000000018001078a f   sf_runtime:sf_runtime.dll
 0001:0000f790       sf_debug_check_for_state_inconsistency 0000000180010790 f   sf_runtime:sf_runtime.dll
 0001:0000f796       sf_debug_symbol_scope_pop  0000000180010796 f   sf_runtime:sf_runtime.dll
 0001:0000f79c       sf_debug_call              000000018001079c f   sf_runtime:sf_runtime.dll
 0001:0000f7a2       sf_debug_symbol_scope_push 00000001800107a2 f   sf_runtime:sf_runtime.dll
 0001:0000f7a8       eml_debug_line_call        00000001800107a8 f   sf_runtime:sf_runtime.dll
 0001:0000f7ae       cv_eml_eval                00000001800107ae f   sf_runtime:sf_runtime.dll
 0001:0000f7b4       sf_debug_symbol_scope_add_eml 00000001800107b4 f   sf_runtime:sf_runtime.dll
 0001:0000f7ba       sf_debug_symbol_scope_add_eml_importable 00000001800107ba f   sf_runtime:sf_runtime.dll
 0001:0000f7c0       sf_debug_symbol_scope_push_eml 00000001800107c0 f   sf_runtime:sf_runtime.dll
 0001:0000f7c6       sf_clear_rtw_identifier    00000001800107c6 f   sf_runtime:sf_runtime.dll
 0001:0000f7cc       sf_debug_terminate         00000001800107cc f   sf_runtime:sf_runtime.dll
 0001:0000f7d2       sf_debug_create_debug_instance_struct 00000001800107d2 f   sf_runtime:sf_runtime.dll
 0001:0000f7d8       sf_debug_api               00000001800107d8 f   sf_runtime:sf_runtime.dll
 0001:0000f7de       callMdlMethodAndReportError 00000001800107de f   sf_runtime:sf_runtime.dll
 0001:0000f7e4       call_sf_machine_global_method_dispatcher 00000001800107e4 f   sf_runtime:sf_runtime.dll
 0001:0000f7ea       sf_clear_error_manager_info 00000001800107ea f   sf_runtime:sf_runtime.dll
 0001:0000f7f0       sf_mex_error_direct_call   00000001800107f0 f   sf_runtime:sf_runtime.dll
 0001:0000f7f6       mxGetScalar                00000001800107f6 f   libmx:libmx.dll
 0001:0000f7fc       mxGetPr                    00000001800107fc f   libmx:libmx.dll
 0001:0000f802       mxCreateDoubleMatrix_730   0000000180010802 f   libmx:libmx.dll
 0001:0000f808       mxGetString_730            0000000180010808 f   libmx:libmx.dll
 0001:0000f80e       mxIsChar                   000000018001080e f   libmx:libmx.dll
 0001:0000f814       mxDestroyArray             0000000180010814 f   libmx:libmx.dll
 0001:0000f81a       mxDuplicateArray           000000018001081a f   libmx:libmx.dll
 0001:0000f820       mxCreateDoubleScalar       0000000180010820 f   libmx:libmx.dll
 0001:0000f826       mxSetField_730             0000000180010826 f   libmx:libmx.dll
 0001:0000f82c       mxCreateString             000000018001082c f   libmx:libmx.dll
 0001:0000f832       mxCreateStructMatrix_730   0000000180010832 f   libmx:libmx.dll
 0001:0000f838       mxCreateCellMatrix_730     0000000180010838 f   libmx:libmx.dll
 0001:0000f83e       mxGetClassID               000000018001083e f   libmx:libmx.dll
 0001:0000f844       mxIsNumeric                0000000180010844 f   libmx:libmx.dll
 0001:0000f84a       mxIsComplex                000000018001084a f   libmx:libmx.dll
 0001:0000f850       mxGetN                     0000000180010850 f   libmx:libmx.dll
 0001:0000f856       mxGetM                     0000000180010856 f   libmx:libmx.dll
 0001:0000f85c       mxCalloc                   000000018001085c f   libmx:libmx.dll
 0001:0000f862       mexMakeArrayPersistent     0000000180010862 f   libmex:libmex.dll
 0001:0000f868       mexUnlock                  0000000180010868 f   libmex:libmex.dll
 0001:0000f86e       mexIsLocked                000000018001086e f   libmex:libmex.dll
 0001:0000f874       mexWarnMsgTxt              0000000180010874 f   libmex:libmex.dll
 0001:0000f87a       mexCallMATLAB              000000018001087a f   libmex:libmex.dll
 0001:0000f880       mexErrMsgTxt               0000000180010880 f   libmex:libmex.dll
 0001:0000f886       mexLock                    0000000180010886 f   libmex:libmex.dll
 0001:0000f88c       utMalloc                   000000018001088c f   libut:libut.dll
 0001:0000f892       utFree                     0000000180010892 f   libut:libut.dll
 0001:0000f898       muDoubleScalarPower        0000000180010898 f   libmwmathutil:libmwmathutil.dll
 0001:0000f8a0       __GSHandlerCheckCommon     00000001800108a0 f   MSVCRT:gshandler.obj
 0001:0000f904       __GSHandlerCheck           0000000180010904 f   MSVCRT:gshandler.obj
 0001:0000f922       strcmp                     0000000180010922 f   MSVCRT:MSVCR100.dll
 0001:0000f940       __security_check_cookie    0000000180010940 f   MSVCRT:amdsecgs.obj
 0001:0000f960       strlen                     0000000180010960 f   MSVCRT:MSVCR100.dll
 0001:0000f966       memset                     0000000180010966 f   MSVCRT:MSVCR100.dll
 0001:0000f96c       free                       000000018001096c f   MSVCRT:MSVCR100.dll
 0001:0000f972       sprintf                    0000000180010972 f   MSVCRT:MSVCR100.dll
 0001:0000f978       malloc                     0000000180010978 f   MSVCRT:MSVCR100.dll
 0001:0000f97e       strcat                     000000018001097e f   MSVCRT:MSVCR100.dll
 0001:0000f984       memcpy                     0000000180010984 f   MSVCRT:MSVCR100.dll
 0001:0000f98c       NtCurrentTeb               000000018001098c f i MSVCRT:crtdll.obj
 0001:0000f9f8       _CRT_INIT                  00000001800109f8 f   MSVCRT:crtdll.obj
 0001:0000fd90       _DllMainCRTStartup         0000000180010d90 f   MSVCRT:crtdll.obj
 0001:0000fdd0       __report_gsfailure         0000000180010dd0 f   MSVCRT:gs_report.obj
 0001:0000ff1c       __clean_type_info_names    0000000180010f1c f   MSVCRT:tncleanup.obj
 0001:0000ff28       _onexit                    0000000180010f28 f   MSVCRT:atonexit.obj
 0001:0000ffd8       atexit                     0000000180010fd8 f   MSVCRT:atonexit.obj
 0001:0000fff0       _RTC_Initialize            0000000180010ff0 f   MSVCRT:_initsect_.obj
 0001:00010028       _RTC_Terminate             0000000180011028 f   MSVCRT:_initsect_.obj
 0001:00010060       _malloc_crt                0000000180011060 f   MSVCRT:MSVCR100.dll
 0001:00010070       _ValidateImageBase         0000000180011070 f   MSVCRT:pesect.obj
 0001:000100a0       _FindPESection             00000001800110a0 f   MSVCRT:pesect.obj
 0001:000100f0       _IsNonwritableInCurrentImage 00000001800110f0 f   MSVCRT:pesect.obj
 0001:00010132       _initterm                  0000000180011132 f   MSVCRT:MSVCR100.dll
 0001:00010138       _initterm_e                0000000180011138 f   MSVCRT:MSVCR100.dll
 0001:0001013e       _encoded_null              000000018001113e f   MSVCRT:MSVCR100.dll
 0001:00010144       _amsg_exit                 0000000180011144 f   MSVCRT:MSVCR100.dll
 0001:0001014a       __C_specific_handler       000000018001114a f   MSVCRT:MSVCR100.dll
 0001:00010150       __CppXcptFilter            0000000180011150 f   MSVCRT:MSVCR100.dll
 0001:00010158       DllMain                    0000000180011158 f   MSVCRT:dllmain.obj
 0001:0001017c       __security_init_cookie     000000018001117c f   MSVCRT:gs_support.obj
 0001:00010230       __crt_debugger_hook        0000000180011230 f   MSVCRT:MSVCR100.dll
 0001:00010236       __clean_type_info_names_internal 0000000180011236 f   MSVCRT:MSVCR100.dll
 0001:0001023c       _unlock                    000000018001123c f   MSVCRT:MSVCR100.dll
 0001:00010242       __dllonexit                0000000180011242 f   MSVCRT:MSVCR100.dll
 0001:00010248       _lock                      0000000180011248 f   MSVCRT:MSVCR100.dll
 0001:0001024e       EncodePointer              000000018001124e f   kernel32:KERNEL32.dll
 0001:00010254       DecodePointer              0000000180011254 f   kernel32:KERNEL32.dll
 0001:0001025a       Sleep                      000000018001125a f   kernel32:KERNEL32.dll
 0001:00010260       TerminateProcess           0000000180011260 f   kernel32:KERNEL32.dll
 0001:00010266       GetCurrentProcess          0000000180011266 f   kernel32:KERNEL32.dll
 0001:0001026c       UnhandledExceptionFilter   000000018001126c f   kernel32:KERNEL32.dll
 0001:00010272       SetUnhandledExceptionFilter 0000000180011272 f   kernel32:KERNEL32.dll
 0001:00010278       IsDebuggerPresent          0000000180011278 f   kernel32:KERNEL32.dll
 0001:0001027e       RtlVirtualUnwind           000000018001127e f   kernel32:KERNEL32.dll
 0001:00010284       RtlLookupFunctionEntry     0000000180011284 f   kernel32:KERNEL32.dll
 0001:0001028a       RtlCaptureContext          000000018001128a f   kernel32:KERNEL32.dll
 0001:00010290       DisableThreadLibraryCalls  0000000180011290 f   kernel32:KERNEL32.dll
 0001:00010296       QueryPerformanceCounter    0000000180011296 f   kernel32:KERNEL32.dll
 0001:0001029c       GetTickCount               000000018001129c f   kernel32:KERNEL32.dll
 0001:000102a2       GetCurrentThreadId         00000001800112a2 f   kernel32:KERNEL32.dll
 0001:000102a8       GetCurrentProcessId        00000001800112a8 f   kernel32:KERNEL32.dll
 0001:000102ae       GetSystemTimeAsFileTime    00000001800112ae f   kernel32:KERNEL32.dll
 0002:00000000       __imp_GetSystemTimeAsFileTime 0000000180012000     kernel32:KERNEL32.dll
 0002:00000008       __imp_GetCurrentProcessId  0000000180012008     kernel32:KERNEL32.dll
 0002:00000010       __imp_GetCurrentThreadId   0000000180012010     kernel32:KERNEL32.dll
 0002:00000018       __imp_GetTickCount         0000000180012018     kernel32:KERNEL32.dll
 0002:00000020       __imp_QueryPerformanceCounter 0000000180012020     kernel32:KERNEL32.dll
 0002:00000028       __imp_DisableThreadLibraryCalls 0000000180012028     kernel32:KERNEL32.dll
 0002:00000030       __imp_RtlCaptureContext    0000000180012030     kernel32:KERNEL32.dll
 0002:00000038       __imp_RtlLookupFunctionEntry 0000000180012038     kernel32:KERNEL32.dll
 0002:00000040       __imp_RtlVirtualUnwind     0000000180012040     kernel32:KERNEL32.dll
 0002:00000048       __imp_IsDebuggerPresent    0000000180012048     kernel32:KERNEL32.dll
 0002:00000050       __imp_SetUnhandledExceptionFilter 0000000180012050     kernel32:KERNEL32.dll
 0002:00000058       __imp_UnhandledExceptionFilter 0000000180012058     kernel32:KERNEL32.dll
 0002:00000060       __imp_GetCurrentProcess    0000000180012060     kernel32:KERNEL32.dll
 0002:00000068       __imp_TerminateProcess     0000000180012068     kernel32:KERNEL32.dll
 0002:00000070       __imp_Sleep                0000000180012070     kernel32:KERNEL32.dll
 0002:00000078       __imp_DecodePointer        0000000180012078     kernel32:KERNEL32.dll
 0002:00000080       __imp_EncodePointer        0000000180012080     kernel32:KERNEL32.dll
 0002:00000088       \177KERNEL32_NULL_THUNK_DATA 0000000180012088     kernel32:KERNEL32.dll
 0002:00000090       __imp__onexit              0000000180012090     MSVCRT:MSVCR100.dll
 0002:00000098       __imp__lock                0000000180012098     MSVCRT:MSVCR100.dll
 0002:000000a0       __imp___dllonexit          00000001800120a0     MSVCRT:MSVCR100.dll
 0002:000000a8       __imp__unlock              00000001800120a8     MSVCRT:MSVCR100.dll
 0002:000000b0       __imp___clean_type_info_names_internal 00000001800120b0     MSVCRT:MSVCR100.dll
 0002:000000b8       __imp___crt_debugger_hook  00000001800120b8     MSVCRT:MSVCR100.dll
 0002:000000c0       __imp___CppXcptFilter      00000001800120c0     MSVCRT:MSVCR100.dll
 0002:000000c8       __imp___C_specific_handler 00000001800120c8     MSVCRT:MSVCR100.dll
 0002:000000d0       __imp__amsg_exit           00000001800120d0     MSVCRT:MSVCR100.dll
 0002:000000d8       __imp__encoded_null        00000001800120d8     MSVCRT:MSVCR100.dll
 0002:000000e0       __imp__initterm_e          00000001800120e0     MSVCRT:MSVCR100.dll
 0002:000000e8       __imp__initterm            00000001800120e8     MSVCRT:MSVCR100.dll
 0002:000000f0       __imp__malloc_crt          00000001800120f0     MSVCRT:MSVCR100.dll
 0002:000000f8       __imp_memcpy               00000001800120f8     MSVCRT:MSVCR100.dll
 0002:00000100       __imp_strcat               0000000180012100     MSVCRT:MSVCR100.dll
 0002:00000108       __imp_malloc               0000000180012108     MSVCRT:MSVCR100.dll
 0002:00000110       __imp_sprintf              0000000180012110     MSVCRT:MSVCR100.dll
 0002:00000118       __imp_free                 0000000180012118     MSVCRT:MSVCR100.dll
 0002:00000120       __imp_memset               0000000180012120     MSVCRT:MSVCR100.dll
 0002:00000128       __imp_strlen               0000000180012128     MSVCRT:MSVCR100.dll
 0002:00000130       __imp_strcmp               0000000180012130     MSVCRT:MSVCR100.dll
 0002:00000138       \177MSVCR100_NULL_THUNK_DATA 0000000180012138     MSVCRT:MSVCR100.dll
 0002:00000140       __imp_mexCallMATLAB        0000000180012140     libmex:libmex.dll
 0002:00000148       __imp_mexUnlock            0000000180012148     libmex:libmex.dll
 0002:00000150       __imp_mexLock              0000000180012150     libmex:libmex.dll
 0002:00000158       __imp_mexErrMsgTxt         0000000180012158     libmex:libmex.dll
 0002:00000160       __imp_mexMakeArrayPersistent 0000000180012160     libmex:libmex.dll
 0002:00000168       __imp_mexWarnMsgTxt        0000000180012168     libmex:libmex.dll
 0002:00000170       __imp_mexIsLocked          0000000180012170     libmex:libmex.dll
 0002:00000178       \177libmex_NULL_THUNK_DATA 0000000180012178     libmex:libmex.dll
 0002:00000180       __imp_muDoubleScalarPower  0000000180012180     libmwmathutil:libmwmathutil.dll
 0002:00000188       \177libmwmathutil_NULL_THUNK_DATA 0000000180012188     libmwmathutil:libmwmathutil.dll
 0002:00000190       __imp_mxCalloc             0000000180012190     libmx:libmx.dll
 0002:00000198       __imp_mxGetM               0000000180012198     libmx:libmx.dll
 0002:000001a0       __imp_mxGetN               00000001800121a0     libmx:libmx.dll
 0002:000001a8       __imp_mxIsComplex          00000001800121a8     libmx:libmx.dll
 0002:000001b0       __imp_mxIsNumeric          00000001800121b0     libmx:libmx.dll
 0002:000001b8       __imp_mxGetClassID         00000001800121b8     libmx:libmx.dll
 0002:000001c0       __imp_mxCreateCellMatrix_730 00000001800121c0     libmx:libmx.dll
 0002:000001c8       __imp_mxCreateStructMatrix_730 00000001800121c8     libmx:libmx.dll
 0002:000001d0       __imp_mxCreateString       00000001800121d0     libmx:libmx.dll
 0002:000001d8       __imp_mxSetField_730       00000001800121d8     libmx:libmx.dll
 0002:000001e0       __imp_mxCreateDoubleScalar 00000001800121e0     libmx:libmx.dll
 0002:000001e8       __imp_mxDuplicateArray     00000001800121e8     libmx:libmx.dll
 0002:000001f0       __imp_mxGetScalar          00000001800121f0     libmx:libmx.dll
 0002:000001f8       __imp_mxGetPr              00000001800121f8     libmx:libmx.dll
 0002:00000200       __imp_mxCreateDoubleMatrix_730 0000000180012200     libmx:libmx.dll
 0002:00000208       __imp_mxGetString_730      0000000180012208     libmx:libmx.dll
 0002:00000210       __imp_mxIsChar             0000000180012210     libmx:libmx.dll
 0002:00000218       __imp_mxDestroyArray       0000000180012218     libmx:libmx.dll
 0002:00000220       \177libmx_NULL_THUNK_DATA  0000000180012220     libmx:libmx.dll
 0002:00000228       __imp_utMalloc             0000000180012228     libut:libut.dll
 0002:00000230       __imp_utFree               0000000180012230     libut:libut.dll
 0002:00000238       \177libut_NULL_THUNK_DATA  0000000180012238     libut:libut.dll
 0002:00000240       __imp_call_sf_machine_global_method_dispatcher 0000000180012240     sf_runtime:sf_runtime.dll
 0002:00000248       __imp_callMdlMethodAndReportError 0000000180012248     sf_runtime:sf_runtime.dll
 0002:00000250       __imp_sf_debug_api         0000000180012250     sf_runtime:sf_runtime.dll
 0002:00000258       __imp_sf_debug_create_debug_instance_struct 0000000180012258     sf_runtime:sf_runtime.dll
 0002:00000260       __imp_sf_debug_terminate   0000000180012260     sf_runtime:sf_runtime.dll
 0002:00000268       __imp_sf_clear_rtw_identifier 0000000180012268     sf_runtime:sf_runtime.dll
 0002:00000270       __imp_sf_debug_symbol_scope_push_eml 0000000180012270     sf_runtime:sf_runtime.dll
 0002:00000278       __imp_sf_debug_symbol_scope_add_eml_importable 0000000180012278     sf_runtime:sf_runtime.dll
 0002:00000280       __imp_sf_clear_error_manager_info 0000000180012280     sf_runtime:sf_runtime.dll
 0002:00000288       __imp_cv_eml_eval          0000000180012288     sf_runtime:sf_runtime.dll
 0002:00000290       __imp_eml_debug_line_call  0000000180012290     sf_runtime:sf_runtime.dll
 0002:00000298       __imp_sf_debug_symbol_scope_push 0000000180012298     sf_runtime:sf_runtime.dll
 0002:000002a0       __imp_sf_debug_call        00000001800122a0     sf_runtime:sf_runtime.dll
 0002:000002a8       __imp_sf_debug_symbol_scope_pop 00000001800122a8     sf_runtime:sf_runtime.dll
 0002:000002b0       __imp_sf_debug_check_for_state_inconsistency 00000001800122b0     sf_runtime:sf_runtime.dll
 0002:000002b8       __imp_sf_debug_data_range_wrapper 00000001800122b8     sf_runtime:sf_runtime.dll
 0002:000002c0       __imp_sf_get_time          00000001800122c0     sf_runtime:sf_runtime.dll
 0002:000002c8       __imp_sf_debug_initialize_chart 00000001800122c8     sf_runtime:sf_runtime.dll
 0002:000002d0       __imp_sf_mex_error_direct_call 00000001800122d0     sf_runtime:sf_runtime.dll
 0002:000002d8       __imp_sf_debug_symbol_scope_add_eml 00000001800122d8     sf_runtime:sf_runtime.dll
 0002:000002e0       __imp_sf_debug_set_chart_disable_implicit_casting 00000001800122e0     sf_runtime:sf_runtime.dll
 0002:000002e8       __imp_sf_debug_set_chart_event_thresholds 00000001800122e8     sf_runtime:sf_runtime.dll
 0002:000002f0       __imp_sf_debug_set_chart_data_props 00000001800122f0     sf_runtime:sf_runtime.dll
 0002:000002f8       __imp_sf_debug_set_chart_state_info 00000001800122f8     sf_runtime:sf_runtime.dll
 0002:00000300       __imp_sf_debug_set_chart_substate_count 0000000180012300     sf_runtime:sf_runtime.dll
 0002:00000308       __imp_sf_debug_set_chart_decomposition 0000000180012308     sf_runtime:sf_runtime.dll
 0002:00000310       __imp_sf_debug_cv_init_chart 0000000180012310     sf_runtime:sf_runtime.dll
 0002:00000318       __imp_sf_debug_cv_init_state 0000000180012318     sf_runtime:sf_runtime.dll
 0002:00000320       __imp_sf_debug_cv_init_trans 0000000180012320     sf_runtime:sf_runtime.dll
 0002:00000328       __imp_cv_eml_init_script   0000000180012328     sf_runtime:sf_runtime.dll
 0002:00000330       __imp_cv_eml_init_fcn      0000000180012330     sf_runtime:sf_runtime.dll
 0002:00000338       __imp_cv_eml_init_if       0000000180012338     sf_runtime:sf_runtime.dll
 0002:00000340       __imp_sf_debug_set_chart_data_compiled_props 0000000180012340     sf_runtime:sf_runtime.dll
 0002:00000348       __imp_sf_debug_set_instance_data_value_ptr 0000000180012348     sf_runtime:sf_runtime.dll
 0002:00000350       __imp_sf_debug_reset_current_state_configuration 0000000180012350     sf_runtime:sf_runtime.dll
 0002:00000358       __imp_sim_mode_is_rtw_gen  0000000180012358     sf_runtime:sf_runtime.dll
 0002:00000360       __imp_sim_mode_is_external 0000000180012360     sf_runtime:sf_runtime.dll
 0002:00000368       __imp_sf_is_chart_inlinable 0000000180012368     sf_runtime:sf_runtime.dll
 0002:00000370       __imp_sf_rtw_info_uint_prop 0000000180012370     sf_runtime:sf_runtime.dll
 0002:00000378       __imp_sf_update_buildInfo  0000000180012378     sf_runtime:sf_runtime.dll
 0002:00000380       __imp_sf_mark_chart_expressionable_inputs 0000000180012380     sf_runtime:sf_runtime.dll
 0002:00000388       __imp_sf_mark_chart_reusable_outputs 0000000180012388     sf_runtime:sf_runtime.dll
 0002:00000390       __imp_sf_set_rtw_dwork_info 0000000180012390     sf_runtime:sf_runtime.dll
 0002:00000398       __imp_sf_mex_import        0000000180012398     sf_runtime:sf_runtime.dll
 0002:000003a0       __imp_sf_mex_dup           00000001800123a0     sf_runtime:sf_runtime.dll
 0002:000003a8       __imp_sf_mex_getcell       00000001800123a8     sf_runtime:sf_runtime.dll
 0002:000003b0       __imp_sf_mex_decode_encoded_mx_struct_array 00000001800123b0     sf_runtime:sf_runtime.dll
 0002:000003b8       __imp_sf_mex_setcell       00000001800123b8     sf_runtime:sf_runtime.dll
 0002:000003c0       __imp_sf_mex_call_matlab   00000001800123c0     sf_runtime:sf_runtime.dll
 0002:000003c8       __imp_sf_mex_error_message 00000001800123c8     sf_runtime:sf_runtime.dll
 0002:000003d0       __imp_sf_mex_create        00000001800123d0     sf_runtime:sf_runtime.dll
 0002:000003d8       __imp_sf_mex_addfield      00000001800123d8     sf_runtime:sf_runtime.dll
 0002:000003e0       __imp_sf_mex_createcellmatrix 00000001800123e0     sf_runtime:sf_runtime.dll
 0002:000003e8       __imp_sf_mex_duplicatearraysafe 00000001800123e8     sf_runtime:sf_runtime.dll
 0002:000003f0       __imp_sf_mex_destroy       00000001800123f0     sf_runtime:sf_runtime.dll
 0002:000003f8       __imp_sf_mex_createstruct  00000001800123f8     sf_runtime:sf_runtime.dll
 0002:00000400       __imp_sf_mex_assign        0000000180012400     sf_runtime:sf_runtime.dll
 0002:00000408       __imp_sf_mex_emlrtNameCapturePostProcessR2012a 0000000180012408     sf_runtime:sf_runtime.dll
 0002:00000410       __imp_sf_load_rtw_optimization_info 0000000180012410     sf_runtime:sf_runtime.dll
 0002:00000418       __imp_sf_debug_initialize_machine 0000000180012418     sf_runtime:sf_runtime.dll
 0002:00000420       __imp_sf_debug_set_machine_event_thresholds 0000000180012420     sf_runtime:sf_runtime.dll
 0002:00000428       __imp_sf_debug_set_machine_data_thresholds 0000000180012428     sf_runtime:sf_runtime.dll
 0002:00000430       \177sf_runtime_NULL_THUNK_DATA 0000000180012430     sf_runtime:sf_runtime.dll
 0002:00000438       __xc_a                     0000000180012438     MSVCRT:cinitexe.obj
 0002:00000440       __xc_z                     0000000180012440     MSVCRT:cinitexe.obj
 0002:00000448       __xi_a                     0000000180012448     MSVCRT:cinitexe.obj
 0002:00000458       __xi_z                     0000000180012458     MSVCRT:cinitexe.obj
 0002:00000460       __real@41e9e02066200000    0000000180012460     Organizado5Posicion_sfun.obj
 0002:00000468       __real@41d7701988000000    0000000180012468     Organizado5Posicion_sfun.obj
 0002:00000470       __real@41d41bb54cc00000    0000000180012470     Organizado5Posicion_sfun.obj
 0002:00000478       __real@41d28e22bbc00000    0000000180012478     Organizado5Posicion_sfun.obj
 0002:00000480       __real@41c900e78a000000    0000000180012480     Organizado5Posicion_sfun.obj
 0002:00000488       __real@41eda5398c800000    0000000180012488     Organizado5Posicion_sfun.obj
 0002:00000490       __real@41edcf5b43c00000    0000000180012490     Organizado5Posicion_sfun.obj
 0002:00000498       __real@41e695dff8600000    0000000180012498     Organizado5Posicion_sfun.obj
 0002:000004a0       __real@41e06c0a31c00000    00000001800124a0     Organizado5Posicion_sfun.obj
 0002:000004a8       __real@41d4b3c646800000    00000001800124a8     Organizado5Posicion_sfun.obj
 0002:000004b0       __real@41ea1a8535400000    00000001800124b0     Organizado5Posicion_sfun.obj
 0002:000004b8       __real@41c5197db2000000    00000001800124b8     Organizado5Posicion_sfun.obj
 0002:000004c0       __real@41ee16e345a00000    00000001800124c0     Organizado5Posicion_sfun.obj
 0002:000004c8       __real@41d7be4c0f000000    00000001800124c8     Organizado5Posicion_sfun.obj
 0002:000004d0       __real@41e140e426e00000    00000001800124d0     Organizado5Posicion_sfun.obj
 0002:000004d8       __real@41c7ad410f800000    00000001800124d8     Organizado5Posicion_sfun.obj
 0002:000004e0       __real@41c217132a800000    00000001800124e0     c2_Organizado5Posicion.obj
 0002:000004e8       __real@41e145f335a00000    00000001800124e8     c2_Organizado5Posicion.obj
 0002:000004f0       __real@41e4451c9fa00000    00000001800124f0     c2_Organizado5Posicion.obj
 0002:000004f8       __real@41ddbc5629800000    00000001800124f8     c2_Organizado5Posicion.obj
 0002:00000500       __real@4024000000000000    0000000180012500     c2_Organizado5Posicion.obj
 0002:00000508       __real@3ff0000000000000    0000000180012508     c2_Organizado5Posicion.obj
 0002:00000510       __real@c072c00000000000    0000000180012510     c2_Organizado5Posicion.obj
 0002:00000518       __real@4087700000000000    0000000180012518     c2_Organizado5Posicion.obj
 0002:00000520       __real@c07f400000000000    0000000180012520     c2_Organizado5Posicion.obj
 0002:00000528       __real@3fe2c00000000000    0000000180012528     c2_Organizado5Posicion.obj
 0002:00000530       __real@c017700000000000    0000000180012530     c2_Organizado5Posicion.obj
 0002:00000538       __real@402f400000000000    0000000180012538     c2_Organizado5Posicion.obj
 0002:00000540       __real@c022c00000000000    0000000180012540     c2_Organizado5Posicion.obj
 0002:00000548       __real@4047700000000000    0000000180012548     c2_Organizado5Posicion.obj
 0002:00000550       __real@c04f400000000000    0000000180012550     c2_Organizado5Posicion.obj
 0002:00000558       __real@4022c00000000000    0000000180012558     c2_Organizado5Posicion.obj
 0002:00000560       __real@c047700000000000    0000000180012560     c2_Organizado5Posicion.obj
 0002:00000568       __real@404f400000000000    0000000180012568     c2_Organizado5Posicion.obj
 0002:00000570       __real@406b800000000000    0000000180012570     c2_Organizado5Posicion.obj
 0002:00000578       __real@4065400000000000    0000000180012578     c2_Organizado5Posicion.obj
 0002:00000580       __real@4049000000000000    0000000180012580     c2_Organizado5Posicion.obj
 0002:00000588       __real@c049000000000000    0000000180012588     c2_Organizado5Posicion.obj
 0002:00000590       __real@4010000000000000    0000000180012590     c2_Organizado5Posicion.obj
 0002:00000598       __real@4000000000000000    0000000180012598     c2_Organizado5Posicion.obj
 0002:000005a0       __real@4008000000000000    00000001800125a0     c2_Organizado5Posicion.obj
 0002:000005a8       __real@4014000000000000    00000001800125a8     c2_Organizado5Posicion.obj
 0002:000005b0       DYNAMIC_DIMENSION_DEF      00000001800125b0     Organizado5Posicion_sfun_registry.obj
 0002:000005d0       _ssBadLevel2InputAccessMsg 00000001800125d0     Organizado5Posicion_sfun_registry.obj
 0002:00000760       _ssBadLevel2DirectFeedMsg  0000000180012760     Organizado5Posicion_sfun_registry.obj
 0002:000008a0       _ssBadLevel2DirectFeedSolutionMsg 00000001800128a0     Organizado5Posicion_sfun_registry.obj
 0002:00000910       _ssBadLevel2ZeroDirectFeedMsg 0000000180012910     Organizado5Posicion_sfun_registry.obj
 0002:00000a50       _ssBadLevel2ZeroDirectFeedMsg2 0000000180012a50     Organizado5Posicion_sfun_registry.obj
 0002:00000b38       __real@0000000000000000    0000000180012b38     Organizado5Posicion_sfun_registry.obj
 0002:00000b40       __real@bff0000000000000    0000000180012b40     Organizado5Posicion_sfun_registry.obj
 0002:00000b48       __real@41602cbca0000000    0000000180012b48     Organizado5Posicion_sfun_registry.obj
 0002:00000b50       _pDefaultRawDllMain        0000000180012b50     MSVCRT:crtdll.obj
 0002:00000b50       _pRawDllMain               0000000180012b50     MSVCRT:crtdll.obj
 0002:00000b68       ?ProcessDetach@NativeDll@<CrtImplementationDetails>@@0IB 0000000180012b68     MSVCRT:tncleanup.obj
 0002:00000b6c       ?ProcessAttach@NativeDll@<CrtImplementationDetails>@@0IB 0000000180012b6c     MSVCRT:tncleanup.obj
 0002:00000b70       ?ThreadAttach@NativeDll@<CrtImplementationDetails>@@0IB 0000000180012b70     MSVCRT:tncleanup.obj
 0002:00000b74       ?ThreadDetach@NativeDll@<CrtImplementationDetails>@@0IB 0000000180012b74     MSVCRT:tncleanup.obj
 0002:00000b78       ?ProcessVerifier@NativeDll@<CrtImplementationDetails>@@0IB 0000000180012b78     MSVCRT:tncleanup.obj
 0002:00000b80       __rtc_iaa                  0000000180012b80     MSVCRT:_initsect_.obj
 0002:00000b88       __rtc_izz                  0000000180012b88     MSVCRT:_initsect_.obj
 0002:00000b90       __rtc_taa                  0000000180012b90     MSVCRT:_initsect_.obj
 0002:00000b98       __rtc_tzz                  0000000180012b98     MSVCRT:_initsect_.obj
 0002:000011f0       __IMPORT_DESCRIPTOR_sf_runtime 00000001800131f0     sf_runtime:sf_runtime.dll
 0002:00001204       __IMPORT_DESCRIPTOR_libmx  0000000180013204     libmx:libmx.dll
 0002:00001218       __IMPORT_DESCRIPTOR_libmex 0000000180013218     libmex:libmex.dll
 0002:0000122c       __IMPORT_DESCRIPTOR_libut  000000018001322c     libut:libut.dll
 0002:00001240       __IMPORT_DESCRIPTOR_libmwmathutil 0000000180013240     libmwmathutil:libmwmathutil.dll
 0002:00001254       __IMPORT_DESCRIPTOR_MSVCR100 0000000180013254     MSVCRT:MSVCR100.dll
 0002:00001268       __IMPORT_DESCRIPTOR_KERNEL32 0000000180013268     kernel32:KERNEL32.dll
 0002:0000127c       __NULL_IMPORT_DESCRIPTOR   000000018001327c     sf_runtime:sf_runtime.dll
 0003:00002920       DYNAMIC_DIMENSION          0000000180017920     Organizado5Posicion_sfun_registry.obj
 0003:00003528       __security_cookie          0000000180018528     MSVCRT:gs_cookie.obj
 0003:00003530       __security_cookie_complement 0000000180018530     MSVCRT:gs_cookie.obj
 0003:00003538       _fltused                   0000000180018538     MSVCRT:dllsupp.obj
 0003:00003540       __native_dllmain_reason    0000000180018540     MSVCRT:natstart.obj
 0003:00003544       __native_vcclrit_reason    0000000180018544     MSVCRT:natstart.obj
 0003:00003638       sfGlobalDebugInstanceStruct 0000000180018638     Organizado5Posicion_sfun_registry.obj
 0003:00003bc0       ?__type_info_root_node@@3U__type_info_node@@A 0000000180018bc0     MSVCRT:tncleanup.obj
 0003:00003bd0       _Organizado5PosicionMachineNumber_ 0000000180018bd0     <common>
 0003:00003bd4       __native_startup_state     0000000180018bd4     <common>
 0003:00003bd8       __native_startup_lock      0000000180018bd8     <common>
 0003:00003be0       __onexitend                0000000180018be0     <common>
 0003:00003be8       __onexitbegin              0000000180018be8     <common>
 0003:00003bf0       __dyn_tls_init_callback    0000000180018bf0     <common>

 entry point at        0001:0000fd90

 Static symbols

 0001:00000b40       c2_info_helper             0000000180001b40 f   c2_Organizado5Posicion.obj
 0001:00003bf0       c2_emlrt_marshallOut       0000000180004bf0 f   c2_Organizado5Posicion.obj
 0001:00003c80       c2_b_emlrt_marshallOut     0000000180004c80 f   c2_Organizado5Posicion.obj
 0001:00004590       get_sim_state_c2_Organizado5Posicion 0000000180005590 f   c2_Organizado5Posicion.obj
 0001:000048d0       sf_get_sim_state_info_c2_Organizado5Posicion 00000001800058d0 f   c2_Organizado5Posicion.obj
 0001:00004aa0       set_sim_state_c2_Organizado5Posicion 0000000180005aa0 f   c2_Organizado5Posicion.obj
 0001:00004c10       c2_update_debugger_state_c2_Organizado5Posicion 0000000180005c10 f   c2_Organizado5Posicion.obj
 0001:00004c20       c2_emlrt_marshallIn        0000000180005c20 f   c2_Organizado5Posicion.obj
 0001:00004c90       c2_b_emlrt_marshallIn      0000000180005c90 f   c2_Organizado5Posicion.obj
 0001:00004d20       c2_d_emlrt_marshallIn      0000000180005d20 f   c2_Organizado5Posicion.obj
 0001:00004d80       c2_e_emlrt_marshallIn      0000000180005d80 f   c2_Organizado5Posicion.obj
 0001:00004e80       mdlProcessParameters_c2_Organizado5Posicion 0000000180005e80 f   c2_Organizado5Posicion.obj
 0001:00004f60       initialize_params_c2_Organizado5Posicion 0000000180005f60 f   c2_Organizado5Posicion.obj
 0001:00004f70       mdlSetWorkWidths_c2_Organizado5Posicion 0000000180005f70 f   c2_Organizado5Posicion.obj
 0001:00005440       sf_get_instance_specialization 0000000180006440 f   c2_Organizado5Posicion.obj
 0001:00005450       mdlStart_c2_Organizado5Posicion 0000000180006450 f   c2_Organizado5Posicion.obj
 0001:00005680       init_dsm_address_info      0000000180006680 f   c2_Organizado5Posicion.obj
 0001:00005690       chart_debug_initialization 0000000180006690 f   c2_Organizado5Posicion.obj
 0001:00006240       init_script_number_translation 0000000180007240 f   c2_Organizado5Posicion.obj
 0001:00006260       c2_sf_marshallOut          0000000180007260 f   c2_Organizado5Posicion.obj
 0001:00006310       c2_sf_marshallIn           0000000180007310 f   c2_Organizado5Posicion.obj
 0001:000063b0       sf_opaque_initialize_c2_Organizado5Posicion 00000001800073b0 f   c2_Organizado5Posicion.obj
 0001:000063f0       initialize_c2_Organizado5Posicion 00000001800073f0 f   c2_Organizado5Posicion.obj
 0001:00006440       sf_opaque_enable_c2_Organizado5Posicion 0000000180007440 f   c2_Organizado5Posicion.obj
 0001:00006460       enable_c2_Organizado5Posicion 0000000180007460 f   c2_Organizado5Posicion.obj
 0001:00006490       sf_opaque_disable_c2_Organizado5Posicion 0000000180007490 f   c2_Organizado5Posicion.obj
 0001:000064b0       disable_c2_Organizado5Posicion 00000001800074b0 f   c2_Organizado5Posicion.obj
 0001:000064e0       sf_opaque_gateway_c2_Organizado5Posicion 00000001800074e0 f   c2_Organizado5Posicion.obj
 0001:00006500       sf_gateway_c2_Organizado5Posicion 0000000180007500 f   c2_Organizado5Posicion.obj
 0001:000067c0       c2_chartstep_c2_Organizado5Posicion 00000001800077c0 f   c2_Organizado5Posicion.obj
 0001:00008e30       c2_mpower                  0000000180009e30 f   c2_Organizado5Posicion.obj
 0001:00008eb0       c2_eml_scalar_eg           0000000180009eb0 f   c2_Organizado5Posicion.obj
 0001:00008ec0       c2_b_mpower                0000000180009ec0 f   c2_Organizado5Posicion.obj
 0001:00008f40       c2_c_mpower                0000000180009f40 f   c2_Organizado5Posicion.obj
 0001:00008fc0       c2_d_mpower                0000000180009fc0 f   c2_Organizado5Posicion.obj
 0001:00009030       sf_opaque_get_sim_state_c2_Organizado5Posicion 000000018000a030 f   c2_Organizado5Posicion.obj
 0001:00009050       sf_opaque_set_sim_state_c2_Organizado5Posicion 000000018000a050 f   c2_Organizado5Posicion.obj
 0001:00009080       sf_opaque_terminate_c2_Organizado5Posicion 000000018000a080 f   c2_Organizado5Posicion.obj
 0001:00009120       finalize_c2_Organizado5Posicion 000000018000a120 f   c2_Organizado5Posicion.obj
 0001:00009130       sf_opaque_init_subchart_simstructs 000000018000a130 f   c2_Organizado5Posicion.obj
 0001:00009150       initSimStructsc2_Organizado5Posicion 000000018000a150 f   c2_Organizado5Posicion.obj
 0001:00009160       mdlRTW_c2_Organizado5Posicion 000000018000a160 f   c2_Organizado5Posicion.obj
 0001:00009ad0       getChartInfoFromSimStruct  000000018000aad0 f   Organizado5Posicion_sfun_registry.obj
 0001:0000b170       _ssFatalError              000000018000c170 f   Organizado5Posicion_sfun_registry.obj
 0001:0000e220       ProcessMexSfunctionCmdLineCall 000000018000f220 f   Organizado5Posicion_sfun_registry.obj
 0001:0000e350       sf_debug_api_wrapper       000000018000f350 f   Organizado5Posicion_sfun_registry.obj
 0001:0000e3a0       mdlStart                   000000018000f3a0 f   Organizado5Posicion_sfun_registry.obj
 0001:0000e3d0       mdl_start_processing       000000018000f3d0 f   Organizado5Posicion_sfun_registry.obj
 0001:0000e460       mdlTerminate               000000018000f460 f   Organizado5Posicion_sfun_registry.obj
 0001:0000e490       mdl_terminate_processing   000000018000f490 f   Organizado5Posicion_sfun_registry.obj
 0001:0000e510       mdlInitializeSampleTimes   000000018000f510 f   Organizado5Posicion_sfun_registry.obj
 0001:0000e540       mdlZeroCrossings           000000018000f540 f   Organizado5Posicion_sfun_registry.obj
 0001:0000e570       mdl_zeroCrossings_processing 000000018000f570 f   Organizado5Posicion_sfun_registry.obj
 0001:0000e5b0       mdlDerivatives             000000018000f5b0 f   Organizado5Posicion_sfun_registry.obj
 0001:0000e5e0       mdl_derivatives_processing 000000018000f5e0 f   Organizado5Posicion_sfun_registry.obj
 0001:0000e630       mdlInitializeConditions    000000018000f630 f   Organizado5Posicion_sfun_registry.obj
 0001:0000e660       mdl_initialize_conditions_processing 000000018000f660 f   Organizado5Posicion_sfun_registry.obj
 0001:0000e6b0       mdlEnable                  000000018000f6b0 f   Organizado5Posicion_sfun_registry.obj
 0001:0000e6e0       mdl_enable_processing      000000018000f6e0 f   Organizado5Posicion_sfun_registry.obj
 0001:0000e720       mdlDisable                 000000018000f720 f   Organizado5Posicion_sfun_registry.obj
 0001:0000e750       mdl_disable_processing     000000018000f750 f   Organizado5Posicion_sfun_registry.obj
 0001:0000e790       mdlOutputs                 000000018000f790 f   Organizado5Posicion_sfun_registry.obj
 0001:0000e7c0       mdl_outputs_processing     000000018000f7c0 f   Organizado5Posicion_sfun_registry.obj
 0001:0000e8a0       mdl_outputs_continuous_legacy 000000018000f8a0 f   Organizado5Posicion_sfun_registry.obj
 0001:0000e990       mdlGetTimeOfNextVarHit     000000018000f990 f   Organizado5Posicion_sfun_registry.obj
 0001:0000e9e0       _ProcessMexSfunctionCmdLineCall 000000018000f9e0 f   Organizado5Posicion_sfun_registry.obj
 0001:0000f130       mdlSetWorkWidths           0000000180010130 f   Organizado5Posicion_sfun_registry.obj
 0001:0000f160       mdlProcessParameters       0000000180010160 f   Organizado5Posicion_sfun_registry.obj
 0001:0000f190       mdlInitializeSizes         0000000180010190 f   Organizado5Posicion_sfun_registry.obj
 0001:0000f1c0       mdlExtModeExec             00000001800101c0 f   Organizado5Posicion_sfun_registry.obj
 0001:0000f1f0       mdl_ext_mode_exec_processing 00000001800101f0 f   Organizado5Posicion_sfun_registry.obj
 0001:0000f230       mdlRTW                     0000000180010230 f   Organizado5Posicion_sfun_registry.obj
 0001:0000f270       _CreateSimStruct           0000000180010270 f   Organizado5Posicion_sfun_registry.obj
 0001:0000f400       _RegNumInputPortsCB        0000000180010400 f   Organizado5Posicion_sfun_registry.obj
 0001:0000f480       _RegNumOutputPortsCB       0000000180010480 f   Organizado5Posicion_sfun_registry.obj
 0001:0000f998       pre_c_init                 0000000180010998 f   MSVCRT:crtdll.obj
 0001:0000fc54       __DllMainCRTStartup        0000000180010c54 f   MSVCRT:crtdll.obj
 0001:000102c0       __DllMainCRTStartup$filt$0 00000001800112c0 f   MSVCRT:crtdll.obj
 0001:000102f0       __DllMainCRTStartup$fin$1  00000001800112f0 f   MSVCRT:crtdll.obj
 0001:0001030a       _onexit$fin$0              000000018001130a f   MSVCRT:atonexit.obj
 0001:00010330       _IsNonwritableInCurrentImage$filt$0 0000000180011330 f   MSVCRT:pesect.obj
