 Organizado5PosicionConEnviarDerivadasslx_sfun

 Timestamp is 56c33101 (Tue Feb 16 09:24:01 2016)

 Preferred load address is 0000000180000000

 Start         Length     Name                   Class
 0001:00000000 00024cd4H .text                   CODE
 0001:00024ce0 00000092H .text$x                 CODE
 0002:00000000 000004c0H .idata$5                DATA
 0002:000004c0 00000008H .CRT$XCA                DATA
 0002:000004c8 00000008H .CRT$XCZ                DATA
 0002:000004d0 00000008H .CRT$XIA                DATA
 0002:000004d8 00000008H .CRT$XIAA               DATA
 0002:000004e0 00000008H .CRT$XIZ                DATA
 0002:000004f0 0000079cH .rdata                  DATA
 0002:00000c90 00000008H .rtc$IAA                DATA
 0002:00000c98 00000008H .rtc$IZZ                DATA
 0002:00000ca0 00000008H .rtc$TAA                DATA
 0002:00000ca8 00000008H .rtc$TZZ                DATA
 0002:00000cb0 00000860H .xdata                  DATA
 0002:00001510 0000008cH .idata$2                DATA
 0002:0000159c 00000014H .idata$3                DATA
 0002:000015b0 000004c0H .idata$4                DATA
 0002:00001a70 00000d1eH .idata$6                DATA
 0002:00002790 00000073H .edata                  DATA
 0003:00000000 0000afd8H .data                   DATA
 0003:0000afe0 000006c8H .bss                    DATA
 0004:00000000 00000a50H .pdata                  DATA

  Address         Publics by Value              Rva+Base               Lib:Object

 0000:00000000       ___safe_se_handler_count   0000000000000000     <absolute>
 0000:00000000       ___safe_se_handler_table   0000000000000000     <absolute>
 0000:00000000       __ImageBase                0000000180000000     <linker-defined>
 0001:00000000       Organizado5PosicionConEnviarDerivadasslx_initializer 0000000180001000 f   Organizado5PosicionConEnviarDerivadasslx_sfun.obj
 0001:00000010       Organizado5PosicionConEnviarDerivadasslx_terminator 0000000180001010 f   Organizado5PosicionConEnviarDerivadasslx_sfun.obj
 0001:00000020       sf_Organizado5PosicionConEnviarDerivadasslx_method_dispatcher 0000000180001020 f   Organizado5PosicionConEnviarDerivadasslx_sfun.obj
 0001:00000090       sf_Organizado5PosicionConEnviarDerivadasslx_process_check_sum_call 0000000180001090 f   Organizado5PosicionConEnviarDerivadasslx_sfun.obj
 0001:000004b0       sf_Organizado5PosicionConEnviarDerivadasslx_autoinheritance_info 00000001800014b0 f   Organizado5PosicionConEnviarDerivadasslx_sfun.obj
 0001:00000670       sf_Organizado5PosicionConEnviarDerivadasslx_get_eml_resolved_functions_info 0000000180001670 f   Organizado5PosicionConEnviarDerivadasslx_sfun.obj
 0001:000007e0       sf_Organizado5PosicionConEnviarDerivadasslx_third_party_uses_info 00000001800017e0 f   Organizado5PosicionConEnviarDerivadasslx_sfun.obj
 0001:00000960       sf_Organizado5PosicionConEnviarDerivadasslx_updateBuildInfo_args_info 0000000180001960 f   Organizado5PosicionConEnviarDerivadasslx_sfun.obj
 0001:00000ae0       Organizado5PosicionConEnviarDerivadasslx_debug_initialize 0000000180001ae0 f   Organizado5PosicionConEnviarDerivadasslx_sfun.obj
 0001:00000b60       Organizado5PosicionConEnviarDerivadasslx_register_exported_symbols 0000000180001b60 f   Organizado5PosicionConEnviarDerivadasslx_sfun.obj
 0001:00000b70       load_Organizado5PosicionConEnviarDerivadasslx_optimization_info 0000000180001b70 f   Organizado5PosicionConEnviarDerivadasslx_sfun.obj
 0001:00000bc0       unload_Organizado5PosicionConEnviarDerivadasslx_optimization_info 0000000180001bc0 f   Organizado5PosicionConEnviarDerivadasslx_sfun.obj
 0001:00000bf0       sf_c1_Organizado5PosicionConEnviarDerivadasslx_get_eml_resolved_functions_info 0000000180001bf0 f   c1_Organizado5PosicionConEnviarDerivadasslx.obj
 0001:0000c200       sf_c1_Organizado5PosicionConEnviarDerivadasslx_get_check_sum 000000018000d200 f   c1_Organizado5PosicionConEnviarDerivadasslx.obj
 0001:0000c280       sf_c1_Organizado5PosicionConEnviarDerivadasslx_get_autoinheritance_info 000000018000d280 f   c1_Organizado5PosicionConEnviarDerivadasslx.obj
 0001:0000cbd0       sf_c1_Organizado5PosicionConEnviarDerivadasslx_third_party_uses_info 000000018000dbd0 f   c1_Organizado5PosicionConEnviarDerivadasslx.obj
 0001:0000cc00       sf_c1_Organizado5PosicionConEnviarDerivadasslx_updateBuildInfo_args_info 000000018000dc00 f   c1_Organizado5PosicionConEnviarDerivadasslx.obj
 0001:0000cc30       sf_internal_get_sim_state_c1_Organizado5PosicionConEnviarDerivadasslx 000000018000dc30 f   c1_Organizado5PosicionConEnviarDerivadasslx.obj
 0001:0000d120       sf_internal_set_sim_state_c1_Organizado5PosicionConEnviarDerivadasslx 000000018000e120 f   c1_Organizado5PosicionConEnviarDerivadasslx.obj
 0001:0000d5a0       c1_Organizado5PosicionConEnviarDerivadasslx_method_dispatcher 000000018000e5a0 f   c1_Organizado5PosicionConEnviarDerivadasslx.obj
 0001:00015320       sf_c2_Organizado5PosicionConEnviarDerivadasslx_get_eml_resolved_functions_info 0000000180016320 f   c2_Organizado5PosicionConEnviarDerivadasslx.obj
 0001:00018540       sf_c2_Organizado5PosicionConEnviarDerivadasslx_get_check_sum 0000000180019540 f   c2_Organizado5PosicionConEnviarDerivadasslx.obj
 0001:000185c0       sf_c2_Organizado5PosicionConEnviarDerivadasslx_get_autoinheritance_info 00000001800195c0 f   c2_Organizado5PosicionConEnviarDerivadasslx.obj
 0001:00018c80       sf_c2_Organizado5PosicionConEnviarDerivadasslx_third_party_uses_info 0000000180019c80 f   c2_Organizado5PosicionConEnviarDerivadasslx.obj
 0001:00018cb0       sf_c2_Organizado5PosicionConEnviarDerivadasslx_updateBuildInfo_args_info 0000000180019cb0 f   c2_Organizado5PosicionConEnviarDerivadasslx.obj
 0001:00018ce0       sf_internal_get_sim_state_c2_Organizado5PosicionConEnviarDerivadasslx 0000000180019ce0 f   c2_Organizado5PosicionConEnviarDerivadasslx.obj
 0001:000191e0       sf_internal_set_sim_state_c2_Organizado5PosicionConEnviarDerivadasslx 000000018001a1e0 f   c2_Organizado5PosicionConEnviarDerivadasslx.obj
 0001:00019660       c2_Organizado5PosicionConEnviarDerivadasslx_method_dispatcher 000000018001a660 f   c2_Organizado5PosicionConEnviarDerivadasslx.obj
 0001:0001db60       sf_process_check_sum_call  000000018001eb60 f   Organizado5PosicionConEnviarDerivadasslx_sfun_registry.obj
 0001:0001dbb0       sf_process_autoinheritance_call 000000018001ebb0 f   Organizado5PosicionConEnviarDerivadasslx_sfun_registry.obj
 0001:0001dd50       sf_process_get_third_party_uses_info_call 000000018001ed50 f   Organizado5PosicionConEnviarDerivadasslx_sfun_registry.obj
 0001:0001def0       sf_process_get_updateBuildInfo_args_info_call 000000018001eef0 f   Organizado5PosicionConEnviarDerivadasslx_sfun_registry.obj
 0001:0001e090       sf_process_get_eml_resolved_functions_info_call 000000018001f090 f   Organizado5PosicionConEnviarDerivadasslx_sfun_registry.obj
 0001:0001e210       sf_mex_unlock_call         000000018001f210 f   Organizado5PosicionConEnviarDerivadasslx_sfun_registry.obj
 0001:0001e2c0       sf_machine_global_initializer_called 000000018001f2c0 f   Organizado5PosicionConEnviarDerivadasslx_sfun_registry.obj
 0001:0001e2f0       sf_machine_global_method_dispatcher 000000018001f2f0 f   Organizado5PosicionConEnviarDerivadasslx_sfun_registry.obj
 0001:0001e350       sf_machine_global_terminator 000000018001f350 f   Organizado5PosicionConEnviarDerivadasslx_sfun_registry.obj
 0001:0001e3a0       sf_register_machine_exported_symbols 000000018001f3a0 f   Organizado5PosicionConEnviarDerivadasslx_sfun_registry.obj
 0001:0001e3c0       callCustomFcn              000000018001f3c0 f   Organizado5PosicionConEnviarDerivadasslx_sfun_registry.obj
 0001:0001e3d0       sf_machine_global_initializer 000000018001f3d0 f   Organizado5PosicionConEnviarDerivadasslx_sfun_registry.obj
 0001:0001e450       mdlGetSimState             000000018001f450 f   Organizado5PosicionConEnviarDerivadasslx_sfun_registry.obj
 0001:0001e4d0       mdlSetSimState             000000018001f4d0 f   Organizado5PosicionConEnviarDerivadasslx_sfun_registry.obj
 0001:0001e510       _ssSetStateAbsTol          000000018001f510 f   Organizado5PosicionConEnviarDerivadasslx_sfun_registry.obj
 0001:0001e5f0       _ssGetAbsTol               000000018001f5f0 f   Organizado5PosicionConEnviarDerivadasslx_sfun_registry.obj
 0001:0001e660       _ssSetInputPortMatrixDimensions 000000018001f660 f   Organizado5PosicionConEnviarDerivadasslx_sfun_registry.obj
 0001:0001e770       _ssSetOutputPortMatrixDimensions 000000018001f770 f   Organizado5PosicionConEnviarDerivadasslx_sfun_registry.obj
 0001:0001e880       _ssSetInputPortVectorDimension 000000018001f880 f   Organizado5PosicionConEnviarDerivadasslx_sfun_registry.obj
 0001:0001e950       _ssSetOutputPortVectorDimension 000000018001f950 f   Organizado5PosicionConEnviarDerivadasslx_sfun_registry.obj
 0001:0001ea20       ssIsRunTimeParamTunable    000000018001fa20 f   Organizado5PosicionConEnviarDerivadasslx_sfun_registry.obj
 0001:0001ea90       ssGetSFuncBlockHandle      000000018001fa90 f   Organizado5PosicionConEnviarDerivadasslx_sfun_registry.obj
 0001:0001eb00       _ssGetCurrentInputPortWidth 000000018001fb00 f   Organizado5PosicionConEnviarDerivadasslx_sfun_registry.obj
 0001:0001ec20       _ssGetCurrentOutputPortWidth 000000018001fc20 f   Organizado5PosicionConEnviarDerivadasslx_sfun_registry.obj
 0001:0001ed40       _ssGetCallSystemNumFcnCallDestinations 000000018001fd40 f   Organizado5PosicionConEnviarDerivadasslx_sfun_registry.obj
 0001:0001edb0       ssWarning                  000000018001fdb0 f   Organizado5PosicionConEnviarDerivadasslx_sfun_registry.obj
 0001:0001eec0       ssGetIsZeroCrossControlDisabled 000000018001fec0 f   Organizado5PosicionConEnviarDerivadasslx_sfun_registry.obj
 0001:0001ef30       ssSetIsInputPortUsedForContZcSignal 000000018001ff30 f   Organizado5PosicionConEnviarDerivadasslx_sfun_registry.obj
 0001:0001efa0       ssSetZcSignalIsZcElementDisc 000000018001ffa0 f   Organizado5PosicionConEnviarDerivadasslx_sfun_registry.obj
 0001:0001f050       ssSetZcSignalName          0000000180020050 f   Organizado5PosicionConEnviarDerivadasslx_sfun_registry.obj
 0001:0001f0c0       ssSetZcSignalWidth         00000001800200c0 f   Organizado5PosicionConEnviarDerivadasslx_sfun_registry.obj
 0001:0001f130       ssSetZcSignalZcEventType   0000000180020130 f   Organizado5PosicionConEnviarDerivadasslx_sfun_registry.obj
 0001:0001f1a0       ssSetZcSignalType          00000001800201a0 f   Organizado5PosicionConEnviarDerivadasslx_sfun_registry.obj
 0001:0001f210       ssSetZcSignalZcTol         0000000180020210 f   Organizado5PosicionConEnviarDerivadasslx_sfun_registry.obj
 0001:0001f280       ssSetZcSignalNeedsEventNotification 0000000180020280 f   Organizado5PosicionConEnviarDerivadasslx_sfun_registry.obj
 0001:0001f2f0       ssCreateAndAddZcSignalInfo 00000001800202f0 f   Organizado5PosicionConEnviarDerivadasslx_sfun_registry.obj
 0001:0001f360       ssCloneAndAddZcSignalInfo  0000000180020360 f   Organizado5PosicionConEnviarDerivadasslx_sfun_registry.obj
 0001:0001f3d0       ssGetNumZcSignals          00000001800203d0 f   Organizado5PosicionConEnviarDerivadasslx_sfun_registry.obj
 0001:0001f440       ssGetZcSignalVector        0000000180020440 f   Organizado5PosicionConEnviarDerivadasslx_sfun_registry.obj
 0001:0001f4b0       ssGetZcSignalZcEvents      00000001800204b0 f   Organizado5PosicionConEnviarDerivadasslx_sfun_registry.obj
 0001:0001f520       ssGetZcSignalName          0000000180020520 f   Organizado5PosicionConEnviarDerivadasslx_sfun_registry.obj
 0001:0001f590       ssGetZcSignalWidth         0000000180020590 f   Organizado5PosicionConEnviarDerivadasslx_sfun_registry.obj
 0001:0001f600       ssGetZcSignalZcEventType   0000000180020600 f   Organizado5PosicionConEnviarDerivadasslx_sfun_registry.obj
 0001:0001f670       ssGetZcSignalType          0000000180020670 f   Organizado5PosicionConEnviarDerivadasslx_sfun_registry.obj
 0001:0001f6e0       ssGetZcSignalZcTol         00000001800206e0 f   Organizado5PosicionConEnviarDerivadasslx_sfun_registry.obj
 0001:0001f760       ssGetZcSignalNeedsEventNotification 0000000180020760 f   Organizado5PosicionConEnviarDerivadasslx_sfun_registry.obj
 0001:0001f7d0       ssGetZcSignalIsZcElementDisc 00000001800207d0 f   Organizado5PosicionConEnviarDerivadasslx_sfun_registry.obj
 0001:0001f870       ssGetIsInputPortElementContinuous 0000000180020870 f   Organizado5PosicionConEnviarDerivadasslx_sfun_registry.obj
 0001:0001f910       _ssGetInputPortSignalPtrsFcn 0000000180020910 f   Organizado5PosicionConEnviarDerivadasslx_sfun_registry.obj
 0001:0001fbd0       _ssGetInputPortSignalFcn   0000000180020bd0 f   Organizado5PosicionConEnviarDerivadasslx_sfun_registry.obj
 0001:0001fdf0       _ssSetInputPortDirectFeedThroughFcn 0000000180020df0 f   Organizado5PosicionConEnviarDerivadasslx_sfun_registry.obj
 0001:0001ff50       _ssSetInputPortReusableFcn 0000000180020f50 f   Organizado5PosicionConEnviarDerivadasslx_sfun_registry.obj
 0001:00020040       _ssSetOutputPortReusableFcn 0000000180021040 f   Organizado5PosicionConEnviarDerivadasslx_sfun_registry.obj
 0001:00020120       ssGetDTypeIdFromMxArray    0000000180021120 f   Organizado5PosicionConEnviarDerivadasslx_sfun_registry.obj
 0001:00020240       ssWriteRTWStr              0000000180021240 f   Organizado5PosicionConEnviarDerivadasslx_sfun_registry.obj
 0001:000202a0       ssWriteRTWMxVectParam      00000001800212a0 f   Organizado5PosicionConEnviarDerivadasslx_sfun_registry.obj
 0001:00020300       ssWriteRTWMx2dMatParam     0000000180021300 f   Organizado5PosicionConEnviarDerivadasslx_sfun_registry.obj
 0001:00020380       ssWriteRTWNameValuePair    0000000180021380 f   Organizado5PosicionConEnviarDerivadasslx_sfun_registry.obj
 0001:00020870       ssWriteRTWParameters       0000000180021870 f   Organizado5PosicionConEnviarDerivadasslx_sfun_registry.obj
 0001:00020e70       ssWriteRTWParamSettings    0000000180021e70 f   Organizado5PosicionConEnviarDerivadasslx_sfun_registry.obj
 0001:00021540       ssWriteRTWWorkVect         0000000180022540 f   Organizado5PosicionConEnviarDerivadasslx_sfun_registry.obj
 0001:00021a40       mexFunction                0000000180022a40 f   Organizado5PosicionConEnviarDerivadasslx_sfun_registry.obj
 0001:00023ec0       ProcessMexSfunctionEveryCall 0000000180024ec0 f   Organizado5PosicionConEnviarDerivadasslx_sfun_registry.obj
 0001:00024042       sf_debug_set_machine_data_thresholds 0000000180025042 f   sf_runtime:sf_runtime.dll
 0001:00024048       sf_debug_set_machine_event_thresholds 0000000180025048 f   sf_runtime:sf_runtime.dll
 0001:0002404e       sf_debug_initialize_machine 000000018002504e f   sf_runtime:sf_runtime.dll
 0001:00024054       sf_load_rtw_optimization_info 0000000180025054 f   sf_runtime:sf_runtime.dll
 0001:0002405a       sf_mex_emlrtNameCapturePostProcessR2012a 000000018002505a f   sf_runtime:sf_runtime.dll
 0001:00024060       sf_mex_assign              0000000180025060 f   sf_runtime:sf_runtime.dll
 0001:00024066       sf_mex_createstruct        0000000180025066 f   sf_runtime:sf_runtime.dll
 0001:0002406c       sf_mex_destroy             000000018002506c f   sf_runtime:sf_runtime.dll
 0001:00024072       sf_mex_duplicatearraysafe  0000000180025072 f   sf_runtime:sf_runtime.dll
 0001:00024078       sf_mex_createcellmatrix    0000000180025078 f   sf_runtime:sf_runtime.dll
 0001:0002407e       sf_mex_addfield            000000018002507e f   sf_runtime:sf_runtime.dll
 0001:00024084       sf_mex_create              0000000180025084 f   sf_runtime:sf_runtime.dll
 0001:0002408a       sf_mex_error_message       000000018002508a f   sf_runtime:sf_runtime.dll
 0001:00024090       sf_mex_call_matlab         0000000180025090 f   sf_runtime:sf_runtime.dll
 0001:00024096       sf_mex_setcell             0000000180025096 f   sf_runtime:sf_runtime.dll
 0001:0002409c       sf_mex_decode_encoded_mx_struct_array 000000018002509c f   sf_runtime:sf_runtime.dll
 0001:000240a2       sf_mex_getcell             00000001800250a2 f   sf_runtime:sf_runtime.dll
 0001:000240a8       sf_mex_dup                 00000001800250a8 f   sf_runtime:sf_runtime.dll
 0001:000240ae       sf_mex_import              00000001800250ae f   sf_runtime:sf_runtime.dll
 0001:000240b4       sf_set_rtw_dwork_info      00000001800250b4 f   sf_runtime:sf_runtime.dll
 0001:000240ba       sf_mark_chart_reusable_outputs 00000001800250ba f   sf_runtime:sf_runtime.dll
 0001:000240c0       sf_mark_chart_expressionable_inputs 00000001800250c0 f   sf_runtime:sf_runtime.dll
 0001:000240c6       sf_update_buildInfo        00000001800250c6 f   sf_runtime:sf_runtime.dll
 0001:000240cc       sf_rtw_info_uint_prop      00000001800250cc f   sf_runtime:sf_runtime.dll
 0001:000240d2       sf_is_chart_inlinable      00000001800250d2 f   sf_runtime:sf_runtime.dll
 0001:000240d8       sim_mode_is_external       00000001800250d8 f   sf_runtime:sf_runtime.dll
 0001:000240de       sim_mode_is_rtw_gen        00000001800250de f   sf_runtime:sf_runtime.dll
 0001:000240e4       sf_debug_reset_current_state_configuration 00000001800250e4 f   sf_runtime:sf_runtime.dll
 0001:000240ea       sf_debug_set_instance_data_value_ptr 00000001800250ea f   sf_runtime:sf_runtime.dll
 0001:000240f0       sf_debug_set_chart_data_compiled_props 00000001800250f0 f   sf_runtime:sf_runtime.dll
 0001:000240f6       cv_script_init_mcdc        00000001800250f6 f   sf_runtime:sf_runtime.dll
 0001:000240fc       cv_script_init_if          00000001800250fc f   sf_runtime:sf_runtime.dll
 0001:00024102       cv_script_init_fcn         0000000180025102 f   sf_runtime:sf_runtime.dll
 0001:00024108       cv_script_init_script      0000000180025108 f   sf_runtime:sf_runtime.dll
 0001:0002410e       cv_eml_init_mcdc           000000018002510e f   sf_runtime:sf_runtime.dll
 0001:00024114       cv_eml_init_if             0000000180025114 f   sf_runtime:sf_runtime.dll
 0001:0002411a       cv_eml_init_fcn            000000018002511a f   sf_runtime:sf_runtime.dll
 0001:00024120       cv_eml_init_script         0000000180025120 f   sf_runtime:sf_runtime.dll
 0001:00024126       sf_debug_cv_init_trans     0000000180025126 f   sf_runtime:sf_runtime.dll
 0001:0002412c       sf_debug_cv_init_state     000000018002512c f   sf_runtime:sf_runtime.dll
 0001:00024132       sf_debug_cv_init_chart     0000000180025132 f   sf_runtime:sf_runtime.dll
 0001:00024138       sf_debug_set_chart_decomposition 0000000180025138 f   sf_runtime:sf_runtime.dll
 0001:0002413e       sf_debug_set_chart_substate_count 000000018002513e f   sf_runtime:sf_runtime.dll
 0001:00024144       sf_debug_set_chart_state_info 0000000180025144 f   sf_runtime:sf_runtime.dll
 0001:0002414a       sf_debug_set_chart_data_props 000000018002514a f   sf_runtime:sf_runtime.dll
 0001:00024150       sf_debug_set_chart_event_thresholds 0000000180025150 f   sf_runtime:sf_runtime.dll
 0001:00024156       sf_debug_set_chart_disable_implicit_casting 0000000180025156 f   sf_runtime:sf_runtime.dll
 0001:0002415c       sf_debug_initialize_chart  000000018002515c f   sf_runtime:sf_runtime.dll
 0001:00024162       sf_debug_set_script_translation 0000000180025162 f   sf_runtime:sf_runtime.dll
 0001:00024168       sf_debug_get_script_id     0000000180025168 f   sf_runtime:sf_runtime.dll
 0001:0002416e       sf_get_time                000000018002516e f   sf_runtime:sf_runtime.dll
 0001:00024174       sf_debug_check_for_state_inconsistency 0000000180025174 f   sf_runtime:sf_runtime.dll
 0001:0002417a       sf_debug_symbol_scope_pop  000000018002517a f   sf_runtime:sf_runtime.dll
 0001:00024180       sf_debug_data_range_wrapper 0000000180025180 f   sf_runtime:sf_runtime.dll
 0001:00024186       sf_debug_call              0000000180025186 f   sf_runtime:sf_runtime.dll
 0001:0002418c       sf_debug_symbol_scope_push 000000018002518c f   sf_runtime:sf_runtime.dll
 0001:00024192       eml_debug_line_call        0000000180025192 f   sf_runtime:sf_runtime.dll
 0001:00024198       cv_eml_eval                0000000180025198 f   sf_runtime:sf_runtime.dll
 0001:0002419e       sf_debug_symbol_scope_add_eml 000000018002519e f   sf_runtime:sf_runtime.dll
 0001:000241a4       sf_debug_symbol_scope_add_eml_importable 00000001800251a4 f   sf_runtime:sf_runtime.dll
 0001:000241aa       sf_debug_symbol_scope_push_eml 00000001800251aa f   sf_runtime:sf_runtime.dll
 0001:000241b0       sf_mex_call_debug          00000001800251b0 f   sf_runtime:sf_runtime.dll
 0001:000241b6       sf_debug_eml_data_array_bounds_error_check 00000001800251b6 f   sf_runtime:sf_runtime.dll
 0001:000241bc       sf_debug_integer_check     00000001800251bc f   sf_runtime:sf_runtime.dll
 0001:000241c2       sf_clear_rtw_identifier    00000001800251c2 f   sf_runtime:sf_runtime.dll
 0001:000241c8       sf_debug_terminate         00000001800251c8 f   sf_runtime:sf_runtime.dll
 0001:000241ce       sf_debug_create_debug_instance_struct 00000001800251ce f   sf_runtime:sf_runtime.dll
 0001:000241d4       sf_debug_api               00000001800251d4 f   sf_runtime:sf_runtime.dll
 0001:000241da       callMdlMethodAndReportError 00000001800251da f   sf_runtime:sf_runtime.dll
 0001:000241e0       call_sf_machine_global_method_dispatcher 00000001800251e0 f   sf_runtime:sf_runtime.dll
 0001:000241e6       sf_clear_error_manager_info 00000001800251e6 f   sf_runtime:sf_runtime.dll
 0001:000241ec       sf_mex_error_direct_call   00000001800251ec f   sf_runtime:sf_runtime.dll
 0001:000241f2       mxGetScalar                00000001800251f2 f   libmx:libmx.dll
 0001:000241f8       mxGetPr                    00000001800251f8 f   libmx:libmx.dll
 0001:000241fe       mxCreateDoubleMatrix_730   00000001800251fe f   libmx:libmx.dll
 0001:00024204       mxGetString_730            0000000180025204 f   libmx:libmx.dll
 0001:0002420a       mxIsChar                   000000018002520a f   libmx:libmx.dll
 0001:00024210       mxDestroyArray             0000000180025210 f   libmx:libmx.dll
 0001:00024216       mxDuplicateArray           0000000180025216 f   libmx:libmx.dll
 0001:0002421c       mxCreateDoubleScalar       000000018002521c f   libmx:libmx.dll
 0001:00024222       mxSetField_730             0000000180025222 f   libmx:libmx.dll
 0001:00024228       mxCreateString             0000000180025228 f   libmx:libmx.dll
 0001:0002422e       mxCreateStructMatrix_730   000000018002522e f   libmx:libmx.dll
 0001:00024234       mxCreateCellMatrix_730     0000000180025234 f   libmx:libmx.dll
 0001:0002423a       mxGetNaN                   000000018002523a f   libmx:libmx.dll
 0001:00024240       mxGetClassID               0000000180025240 f   libmx:libmx.dll
 0001:00024246       mxIsNumeric                0000000180025246 f   libmx:libmx.dll
 0001:0002424c       mxIsComplex                000000018002524c f   libmx:libmx.dll
 0001:00024252       mxGetN                     0000000180025252 f   libmx:libmx.dll
 0001:00024258       mxGetM                     0000000180025258 f   libmx:libmx.dll
 0001:0002425e       mxCalloc                   000000018002525e f   libmx:libmx.dll
 0001:00024264       mexMakeArrayPersistent     0000000180025264 f   libmex:libmex.dll
 0001:0002426a       mexUnlock                  000000018002526a f   libmex:libmex.dll
 0001:00024270       mexIsLocked                0000000180025270 f   libmex:libmex.dll
 0001:00024276       mexWarnMsgTxt              0000000180025276 f   libmex:libmex.dll
 0001:0002427c       mexCallMATLAB              000000018002527c f   libmex:libmex.dll
 0001:00024282       mexErrMsgTxt               0000000180025282 f   libmex:libmex.dll
 0001:00024288       mexLock                    0000000180025288 f   libmex:libmex.dll
 0001:0002428e       utMalloc                   000000018002528e f   libut:libut.dll
 0001:00024294       utFree                     0000000180025294 f   libut:libut.dll
 0001:0002429a       muDoubleScalarCos          000000018002529a f   libmwmathutil:libmwmathutil.dll
 0001:000242a0       muDoubleScalarSin          00000001800252a0 f   libmwmathutil:libmwmathutil.dll
 0001:000242a6       muDoubleScalarAtan2        00000001800252a6 f   libmwmathutil:libmwmathutil.dll
 0001:000242ac       muDoubleScalarIsNaN        00000001800252ac f   libmwmathutil:libmwmathutil.dll
 0001:000242b2       muDoubleScalarAbs          00000001800252b2 f   libmwmathutil:libmwmathutil.dll
 0001:000242b8       muDoubleScalarSqrt         00000001800252b8 f   libmwmathutil:libmwmathutil.dll
 0001:000242be       muDoubleScalarPower        00000001800252be f   libmwmathutil:libmwmathutil.dll
 0001:000242c4       __GSHandlerCheckCommon     00000001800252c4 f   MSVCRT:gshandler.obj
 0001:00024328       __GSHandlerCheck           0000000180025328 f   MSVCRT:gshandler.obj
 0001:00024346       strcmp                     0000000180025346 f   MSVCRT:MSVCR100.dll
 0001:00024360       __security_check_cookie    0000000180025360 f   MSVCRT:amdsecgs.obj
 0001:00024380       strlen                     0000000180025380 f   MSVCRT:MSVCR100.dll
 0001:00024386       memset                     0000000180025386 f   MSVCRT:MSVCR100.dll
 0001:0002438c       free                       000000018002538c f   MSVCRT:MSVCR100.dll
 0001:00024392       sprintf                    0000000180025392 f   MSVCRT:MSVCR100.dll
 0001:00024398       malloc                     0000000180025398 f   MSVCRT:MSVCR100.dll
 0001:0002439e       strcat                     000000018002539e f   MSVCRT:MSVCR100.dll
 0001:000243a4       memcpy                     00000001800253a4 f   MSVCRT:MSVCR100.dll
 0001:000243ac       NtCurrentTeb               00000001800253ac f i MSVCRT:crtdll.obj
 0001:00024418       _CRT_INIT                  0000000180025418 f   MSVCRT:crtdll.obj
 0001:000247b0       _DllMainCRTStartup         00000001800257b0 f   MSVCRT:crtdll.obj
 0001:000247f0       __report_gsfailure         00000001800257f0 f   MSVCRT:gs_report.obj
 0001:0002493c       __clean_type_info_names    000000018002593c f   MSVCRT:tncleanup.obj
 0001:00024948       _onexit                    0000000180025948 f   MSVCRT:atonexit.obj
 0001:000249f8       atexit                     00000001800259f8 f   MSVCRT:atonexit.obj
 0001:00024a10       _RTC_Initialize            0000000180025a10 f   MSVCRT:_initsect_.obj
 0001:00024a48       _RTC_Terminate             0000000180025a48 f   MSVCRT:_initsect_.obj
 0001:00024a80       _malloc_crt                0000000180025a80 f   MSVCRT:MSVCR100.dll
 0001:00024a90       _ValidateImageBase         0000000180025a90 f   MSVCRT:pesect.obj
 0001:00024ac0       _FindPESection             0000000180025ac0 f   MSVCRT:pesect.obj
 0001:00024b10       _IsNonwritableInCurrentImage 0000000180025b10 f   MSVCRT:pesect.obj
 0001:00024b52       _initterm                  0000000180025b52 f   MSVCRT:MSVCR100.dll
 0001:00024b58       _initterm_e                0000000180025b58 f   MSVCRT:MSVCR100.dll
 0001:00024b5e       _encoded_null              0000000180025b5e f   MSVCRT:MSVCR100.dll
 0001:00024b64       _amsg_exit                 0000000180025b64 f   MSVCRT:MSVCR100.dll
 0001:00024b6a       __C_specific_handler       0000000180025b6a f   MSVCRT:MSVCR100.dll
 0001:00024b70       __CppXcptFilter            0000000180025b70 f   MSVCRT:MSVCR100.dll
 0001:00024b78       DllMain                    0000000180025b78 f   MSVCRT:dllmain.obj
 0001:00024b9c       __security_init_cookie     0000000180025b9c f   MSVCRT:gs_support.obj
 0001:00024c50       __crt_debugger_hook        0000000180025c50 f   MSVCRT:MSVCR100.dll
 0001:00024c56       __clean_type_info_names_internal 0000000180025c56 f   MSVCRT:MSVCR100.dll
 0001:00024c5c       _unlock                    0000000180025c5c f   MSVCRT:MSVCR100.dll
 0001:00024c62       __dllonexit                0000000180025c62 f   MSVCRT:MSVCR100.dll
 0001:00024c68       _lock                      0000000180025c68 f   MSVCRT:MSVCR100.dll
 0001:00024c6e       EncodePointer              0000000180025c6e f   kernel32:KERNEL32.dll
 0001:00024c74       DecodePointer              0000000180025c74 f   kernel32:KERNEL32.dll
 0001:00024c7a       Sleep                      0000000180025c7a f   kernel32:KERNEL32.dll
 0001:00024c80       TerminateProcess           0000000180025c80 f   kernel32:KERNEL32.dll
 0001:00024c86       GetCurrentProcess          0000000180025c86 f   kernel32:KERNEL32.dll
 0001:00024c8c       UnhandledExceptionFilter   0000000180025c8c f   kernel32:KERNEL32.dll
 0001:00024c92       SetUnhandledExceptionFilter 0000000180025c92 f   kernel32:KERNEL32.dll
 0001:00024c98       IsDebuggerPresent          0000000180025c98 f   kernel32:KERNEL32.dll
 0001:00024c9e       RtlVirtualUnwind           0000000180025c9e f   kernel32:KERNEL32.dll
 0001:00024ca4       RtlLookupFunctionEntry     0000000180025ca4 f   kernel32:KERNEL32.dll
 0001:00024caa       RtlCaptureContext          0000000180025caa f   kernel32:KERNEL32.dll
 0001:00024cb0       DisableThreadLibraryCalls  0000000180025cb0 f   kernel32:KERNEL32.dll
 0001:00024cb6       QueryPerformanceCounter    0000000180025cb6 f   kernel32:KERNEL32.dll
 0001:00024cbc       GetTickCount               0000000180025cbc f   kernel32:KERNEL32.dll
 0001:00024cc2       GetCurrentThreadId         0000000180025cc2 f   kernel32:KERNEL32.dll
 0001:00024cc8       GetCurrentProcessId        0000000180025cc8 f   kernel32:KERNEL32.dll
 0001:00024cce       GetSystemTimeAsFileTime    0000000180025cce f   kernel32:KERNEL32.dll
 0002:00000000       __imp_GetSystemTimeAsFileTime 0000000180026000     kernel32:KERNEL32.dll
 0002:00000008       __imp_GetCurrentProcessId  0000000180026008     kernel32:KERNEL32.dll
 0002:00000010       __imp_GetCurrentThreadId   0000000180026010     kernel32:KERNEL32.dll
 0002:00000018       __imp_GetTickCount         0000000180026018     kernel32:KERNEL32.dll
 0002:00000020       __imp_QueryPerformanceCounter 0000000180026020     kernel32:KERNEL32.dll
 0002:00000028       __imp_DisableThreadLibraryCalls 0000000180026028     kernel32:KERNEL32.dll
 0002:00000030       __imp_RtlCaptureContext    0000000180026030     kernel32:KERNEL32.dll
 0002:00000038       __imp_RtlLookupFunctionEntry 0000000180026038     kernel32:KERNEL32.dll
 0002:00000040       __imp_RtlVirtualUnwind     0000000180026040     kernel32:KERNEL32.dll
 0002:00000048       __imp_IsDebuggerPresent    0000000180026048     kernel32:KERNEL32.dll
 0002:00000050       __imp_SetUnhandledExceptionFilter 0000000180026050     kernel32:KERNEL32.dll
 0002:00000058       __imp_UnhandledExceptionFilter 0000000180026058     kernel32:KERNEL32.dll
 0002:00000060       __imp_GetCurrentProcess    0000000180026060     kernel32:KERNEL32.dll
 0002:00000068       __imp_TerminateProcess     0000000180026068     kernel32:KERNEL32.dll
 0002:00000070       __imp_Sleep                0000000180026070     kernel32:KERNEL32.dll
 0002:00000078       __imp_DecodePointer        0000000180026078     kernel32:KERNEL32.dll
 0002:00000080       __imp_EncodePointer        0000000180026080     kernel32:KERNEL32.dll
 0002:00000088       \177KERNEL32_NULL_THUNK_DATA 0000000180026088     kernel32:KERNEL32.dll
 0002:00000090       __imp__onexit              0000000180026090     MSVCRT:MSVCR100.dll
 0002:00000098       __imp__lock                0000000180026098     MSVCRT:MSVCR100.dll
 0002:000000a0       __imp___dllonexit          00000001800260a0     MSVCRT:MSVCR100.dll
 0002:000000a8       __imp__unlock              00000001800260a8     MSVCRT:MSVCR100.dll
 0002:000000b0       __imp___clean_type_info_names_internal 00000001800260b0     MSVCRT:MSVCR100.dll
 0002:000000b8       __imp___crt_debugger_hook  00000001800260b8     MSVCRT:MSVCR100.dll
 0002:000000c0       __imp___CppXcptFilter      00000001800260c0     MSVCRT:MSVCR100.dll
 0002:000000c8       __imp___C_specific_handler 00000001800260c8     MSVCRT:MSVCR100.dll
 0002:000000d0       __imp__amsg_exit           00000001800260d0     MSVCRT:MSVCR100.dll
 0002:000000d8       __imp__encoded_null        00000001800260d8     MSVCRT:MSVCR100.dll
 0002:000000e0       __imp__initterm_e          00000001800260e0     MSVCRT:MSVCR100.dll
 0002:000000e8       __imp__initterm            00000001800260e8     MSVCRT:MSVCR100.dll
 0002:000000f0       __imp__malloc_crt          00000001800260f0     MSVCRT:MSVCR100.dll
 0002:000000f8       __imp_memcpy               00000001800260f8     MSVCRT:MSVCR100.dll
 0002:00000100       __imp_strcat               0000000180026100     MSVCRT:MSVCR100.dll
 0002:00000108       __imp_malloc               0000000180026108     MSVCRT:MSVCR100.dll
 0002:00000110       __imp_sprintf              0000000180026110     MSVCRT:MSVCR100.dll
 0002:00000118       __imp_free                 0000000180026118     MSVCRT:MSVCR100.dll
 0002:00000120       __imp_memset               0000000180026120     MSVCRT:MSVCR100.dll
 0002:00000128       __imp_strlen               0000000180026128     MSVCRT:MSVCR100.dll
 0002:00000130       __imp_strcmp               0000000180026130     MSVCRT:MSVCR100.dll
 0002:00000138       \177MSVCR100_NULL_THUNK_DATA 0000000180026138     MSVCRT:MSVCR100.dll
 0002:00000140       __imp_mexUnlock            0000000180026140     libmex:libmex.dll
 0002:00000148       __imp_mexIsLocked          0000000180026148     libmex:libmex.dll
 0002:00000150       __imp_mexWarnMsgTxt        0000000180026150     libmex:libmex.dll
 0002:00000158       __imp_mexCallMATLAB        0000000180026158     libmex:libmex.dll
 0002:00000160       __imp_mexErrMsgTxt         0000000180026160     libmex:libmex.dll
 0002:00000168       __imp_mexLock              0000000180026168     libmex:libmex.dll
 0002:00000170       __imp_mexMakeArrayPersistent 0000000180026170     libmex:libmex.dll
 0002:00000178       \177libmex_NULL_THUNK_DATA 0000000180026178     libmex:libmex.dll
 0002:00000180       __imp_muDoubleScalarSin    0000000180026180     libmwmathutil:libmwmathutil.dll
 0002:00000188       __imp_muDoubleScalarAtan2  0000000180026188     libmwmathutil:libmwmathutil.dll
 0002:00000190       __imp_muDoubleScalarIsNaN  0000000180026190     libmwmathutil:libmwmathutil.dll
 0002:00000198       __imp_muDoubleScalarAbs    0000000180026198     libmwmathutil:libmwmathutil.dll
 0002:000001a0       __imp_muDoubleScalarSqrt   00000001800261a0     libmwmathutil:libmwmathutil.dll
 0002:000001a8       __imp_muDoubleScalarPower  00000001800261a8     libmwmathutil:libmwmathutil.dll
 0002:000001b0       __imp_muDoubleScalarCos    00000001800261b0     libmwmathutil:libmwmathutil.dll
 0002:000001b8       \177libmwmathutil_NULL_THUNK_DATA 00000001800261b8     libmwmathutil:libmwmathutil.dll
 0002:000001c0       __imp_mxCalloc             00000001800261c0     libmx:libmx.dll
 0002:000001c8       __imp_mxGetM               00000001800261c8     libmx:libmx.dll
 0002:000001d0       __imp_mxGetN               00000001800261d0     libmx:libmx.dll
 0002:000001d8       __imp_mxIsComplex          00000001800261d8     libmx:libmx.dll
 0002:000001e0       __imp_mxIsNumeric          00000001800261e0     libmx:libmx.dll
 0002:000001e8       __imp_mxGetClassID         00000001800261e8     libmx:libmx.dll
 0002:000001f0       __imp_mxGetNaN             00000001800261f0     libmx:libmx.dll
 0002:000001f8       __imp_mxCreateCellMatrix_730 00000001800261f8     libmx:libmx.dll
 0002:00000200       __imp_mxCreateStructMatrix_730 0000000180026200     libmx:libmx.dll
 0002:00000208       __imp_mxCreateString       0000000180026208     libmx:libmx.dll
 0002:00000210       __imp_mxSetField_730       0000000180026210     libmx:libmx.dll
 0002:00000218       __imp_mxCreateDoubleScalar 0000000180026218     libmx:libmx.dll
 0002:00000220       __imp_mxDuplicateArray     0000000180026220     libmx:libmx.dll
 0002:00000228       __imp_mxDestroyArray       0000000180026228     libmx:libmx.dll
 0002:00000230       __imp_mxIsChar             0000000180026230     libmx:libmx.dll
 0002:00000238       __imp_mxGetString_730      0000000180026238     libmx:libmx.dll
 0002:00000240       __imp_mxGetScalar          0000000180026240     libmx:libmx.dll
 0002:00000248       __imp_mxGetPr              0000000180026248     libmx:libmx.dll
 0002:00000250       __imp_mxCreateDoubleMatrix_730 0000000180026250     libmx:libmx.dll
 0002:00000258       \177libmx_NULL_THUNK_DATA  0000000180026258     libmx:libmx.dll
 0002:00000260       __imp_utMalloc             0000000180026260     libut:libut.dll
 0002:00000268       __imp_utFree               0000000180026268     libut:libut.dll
 0002:00000270       \177libut_NULL_THUNK_DATA  0000000180026270     libut:libut.dll
 0002:00000278       __imp_call_sf_machine_global_method_dispatcher 0000000180026278     sf_runtime:sf_runtime.dll
 0002:00000280       __imp_callMdlMethodAndReportError 0000000180026280     sf_runtime:sf_runtime.dll
 0002:00000288       __imp_sf_debug_api         0000000180026288     sf_runtime:sf_runtime.dll
 0002:00000290       __imp_sf_debug_create_debug_instance_struct 0000000180026290     sf_runtime:sf_runtime.dll
 0002:00000298       __imp_sf_debug_terminate   0000000180026298     sf_runtime:sf_runtime.dll
 0002:000002a0       __imp_sf_clear_rtw_identifier 00000001800262a0     sf_runtime:sf_runtime.dll
 0002:000002a8       __imp_sf_debug_integer_check 00000001800262a8     sf_runtime:sf_runtime.dll
 0002:000002b0       __imp_sf_debug_eml_data_array_bounds_error_check 00000001800262b0     sf_runtime:sf_runtime.dll
 0002:000002b8       __imp_sf_mex_call_debug    00000001800262b8     sf_runtime:sf_runtime.dll
 0002:000002c0       __imp_sf_debug_symbol_scope_push_eml 00000001800262c0     sf_runtime:sf_runtime.dll
 0002:000002c8       __imp_sf_clear_error_manager_info 00000001800262c8     sf_runtime:sf_runtime.dll
 0002:000002d0       __imp_sf_debug_symbol_scope_add_eml 00000001800262d0     sf_runtime:sf_runtime.dll
 0002:000002d8       __imp_cv_eml_eval          00000001800262d8     sf_runtime:sf_runtime.dll
 0002:000002e0       __imp_eml_debug_line_call  00000001800262e0     sf_runtime:sf_runtime.dll
 0002:000002e8       __imp_sf_debug_symbol_scope_push 00000001800262e8     sf_runtime:sf_runtime.dll
 0002:000002f0       __imp_sf_debug_call        00000001800262f0     sf_runtime:sf_runtime.dll
 0002:000002f8       __imp_sf_debug_data_range_wrapper 00000001800262f8     sf_runtime:sf_runtime.dll
 0002:00000300       __imp_sf_debug_symbol_scope_pop 0000000180026300     sf_runtime:sf_runtime.dll
 0002:00000308       __imp_sf_debug_check_for_state_inconsistency 0000000180026308     sf_runtime:sf_runtime.dll
 0002:00000310       __imp_sf_get_time          0000000180026310     sf_runtime:sf_runtime.dll
 0002:00000318       __imp_sf_debug_get_script_id 0000000180026318     sf_runtime:sf_runtime.dll
 0002:00000320       __imp_sf_debug_set_script_translation 0000000180026320     sf_runtime:sf_runtime.dll
 0002:00000328       __imp_sf_mex_error_direct_call 0000000180026328     sf_runtime:sf_runtime.dll
 0002:00000330       __imp_sf_debug_symbol_scope_add_eml_importable 0000000180026330     sf_runtime:sf_runtime.dll
 0002:00000338       __imp_sf_debug_initialize_chart 0000000180026338     sf_runtime:sf_runtime.dll
 0002:00000340       __imp_sf_debug_set_chart_disable_implicit_casting 0000000180026340     sf_runtime:sf_runtime.dll
 0002:00000348       __imp_sf_debug_set_chart_event_thresholds 0000000180026348     sf_runtime:sf_runtime.dll
 0002:00000350       __imp_sf_debug_set_chart_data_props 0000000180026350     sf_runtime:sf_runtime.dll
 0002:00000358       __imp_sf_debug_set_chart_state_info 0000000180026358     sf_runtime:sf_runtime.dll
 0002:00000360       __imp_sf_debug_set_chart_substate_count 0000000180026360     sf_runtime:sf_runtime.dll
 0002:00000368       __imp_sf_debug_set_chart_decomposition 0000000180026368     sf_runtime:sf_runtime.dll
 0002:00000370       __imp_sf_debug_cv_init_chart 0000000180026370     sf_runtime:sf_runtime.dll
 0002:00000378       __imp_sf_debug_cv_init_state 0000000180026378     sf_runtime:sf_runtime.dll
 0002:00000380       __imp_sf_debug_cv_init_trans 0000000180026380     sf_runtime:sf_runtime.dll
 0002:00000388       __imp_cv_eml_init_script   0000000180026388     sf_runtime:sf_runtime.dll
 0002:00000390       __imp_cv_eml_init_fcn      0000000180026390     sf_runtime:sf_runtime.dll
 0002:00000398       __imp_cv_eml_init_if       0000000180026398     sf_runtime:sf_runtime.dll
 0002:000003a0       __imp_cv_eml_init_mcdc     00000001800263a0     sf_runtime:sf_runtime.dll
 0002:000003a8       __imp_cv_script_init_script 00000001800263a8     sf_runtime:sf_runtime.dll
 0002:000003b0       __imp_cv_script_init_fcn   00000001800263b0     sf_runtime:sf_runtime.dll
 0002:000003b8       __imp_cv_script_init_if    00000001800263b8     sf_runtime:sf_runtime.dll
 0002:000003c0       __imp_cv_script_init_mcdc  00000001800263c0     sf_runtime:sf_runtime.dll
 0002:000003c8       __imp_sf_debug_set_chart_data_compiled_props 00000001800263c8     sf_runtime:sf_runtime.dll
 0002:000003d0       __imp_sf_debug_set_instance_data_value_ptr 00000001800263d0     sf_runtime:sf_runtime.dll
 0002:000003d8       __imp_sf_debug_reset_current_state_configuration 00000001800263d8     sf_runtime:sf_runtime.dll
 0002:000003e0       __imp_sim_mode_is_rtw_gen  00000001800263e0     sf_runtime:sf_runtime.dll
 0002:000003e8       __imp_sim_mode_is_external 00000001800263e8     sf_runtime:sf_runtime.dll
 0002:000003f0       __imp_sf_is_chart_inlinable 00000001800263f0     sf_runtime:sf_runtime.dll
 0002:000003f8       __imp_sf_rtw_info_uint_prop 00000001800263f8     sf_runtime:sf_runtime.dll
 0002:00000400       __imp_sf_update_buildInfo  0000000180026400     sf_runtime:sf_runtime.dll
 0002:00000408       __imp_sf_mark_chart_expressionable_inputs 0000000180026408     sf_runtime:sf_runtime.dll
 0002:00000410       __imp_sf_mark_chart_reusable_outputs 0000000180026410     sf_runtime:sf_runtime.dll
 0002:00000418       __imp_sf_set_rtw_dwork_info 0000000180026418     sf_runtime:sf_runtime.dll
 0002:00000420       __imp_sf_mex_import        0000000180026420     sf_runtime:sf_runtime.dll
 0002:00000428       __imp_sf_mex_dup           0000000180026428     sf_runtime:sf_runtime.dll
 0002:00000430       __imp_sf_mex_getcell       0000000180026430     sf_runtime:sf_runtime.dll
 0002:00000438       __imp_sf_mex_decode_encoded_mx_struct_array 0000000180026438     sf_runtime:sf_runtime.dll
 0002:00000440       __imp_sf_mex_setcell       0000000180026440     sf_runtime:sf_runtime.dll
 0002:00000448       __imp_sf_mex_call_matlab   0000000180026448     sf_runtime:sf_runtime.dll
 0002:00000450       __imp_sf_mex_error_message 0000000180026450     sf_runtime:sf_runtime.dll
 0002:00000458       __imp_sf_mex_create        0000000180026458     sf_runtime:sf_runtime.dll
 0002:00000460       __imp_sf_mex_addfield      0000000180026460     sf_runtime:sf_runtime.dll
 0002:00000468       __imp_sf_mex_createcellmatrix 0000000180026468     sf_runtime:sf_runtime.dll
 0002:00000470       __imp_sf_mex_duplicatearraysafe 0000000180026470     sf_runtime:sf_runtime.dll
 0002:00000478       __imp_sf_mex_destroy       0000000180026478     sf_runtime:sf_runtime.dll
 0002:00000480       __imp_sf_mex_createstruct  0000000180026480     sf_runtime:sf_runtime.dll
 0002:00000488       __imp_sf_mex_assign        0000000180026488     sf_runtime:sf_runtime.dll
 0002:00000490       __imp_sf_mex_emlrtNameCapturePostProcessR2012a 0000000180026490     sf_runtime:sf_runtime.dll
 0002:00000498       __imp_sf_load_rtw_optimization_info 0000000180026498     sf_runtime:sf_runtime.dll
 0002:000004a0       __imp_sf_debug_initialize_machine 00000001800264a0     sf_runtime:sf_runtime.dll
 0002:000004a8       __imp_sf_debug_set_machine_event_thresholds 00000001800264a8     sf_runtime:sf_runtime.dll
 0002:000004b0       __imp_sf_debug_set_machine_data_thresholds 00000001800264b0     sf_runtime:sf_runtime.dll
 0002:000004b8       \177sf_runtime_NULL_THUNK_DATA 00000001800264b8     sf_runtime:sf_runtime.dll
 0002:000004c0       __xc_a                     00000001800264c0     MSVCRT:cinitexe.obj
 0002:000004c8       __xc_z                     00000001800264c8     MSVCRT:cinitexe.obj
 0002:000004d0       __xi_a                     00000001800264d0     MSVCRT:cinitexe.obj
 0002:000004e0       __xi_z                     00000001800264e0     MSVCRT:cinitexe.obj
 0002:000004f0       __real@41ee8c6af0800000    00000001800264f0     Organizado5PosicionConEnviarDerivadasslx_sfun.obj
 0002:000004f8       __real@41eb34ffa3000000    00000001800264f8     Organizado5PosicionConEnviarDerivadasslx_sfun.obj
 0002:00000500       __real@41e3a85413800000    0000000180026500     Organizado5PosicionConEnviarDerivadasslx_sfun.obj
 0002:00000508       __real@41e9035c6aa00000    0000000180026508     Organizado5PosicionConEnviarDerivadasslx_sfun.obj
 0002:00000510       __real@41c900e78a000000    0000000180026510     Organizado5PosicionConEnviarDerivadasslx_sfun.obj
 0002:00000518       __real@41eda5398c800000    0000000180026518     Organizado5PosicionConEnviarDerivadasslx_sfun.obj
 0002:00000520       __real@41edcf5b43c00000    0000000180026520     Organizado5PosicionConEnviarDerivadasslx_sfun.obj
 0002:00000528       __real@41e695dff8600000    0000000180026528     Organizado5PosicionConEnviarDerivadasslx_sfun.obj
 0002:00000530       __real@41e4ddf137c00000    0000000180026530     Organizado5PosicionConEnviarDerivadasslx_sfun.obj
 0002:00000538       __real@41d7b1421a000000    0000000180026538     Organizado5PosicionConEnviarDerivadasslx_sfun.obj
 0002:00000540       __real@41d33a88cd400000    0000000180026540     Organizado5PosicionConEnviarDerivadasslx_sfun.obj
 0002:00000548       __real@41dda33f61800000    0000000180026548     Organizado5PosicionConEnviarDerivadasslx_sfun.obj
 0002:00000550       __real@41dce8372d800000    0000000180026550     Organizado5PosicionConEnviarDerivadasslx_sfun.obj
 0002:00000558       __real@41ea8d02c0600000    0000000180026558     Organizado5PosicionConEnviarDerivadasslx_sfun.obj
 0002:00000560       __real@41d2da4d72800000    0000000180026560     Organizado5PosicionConEnviarDerivadasslx_sfun.obj
 0002:00000568       __real@41e96e8f7da00000    0000000180026568     Organizado5PosicionConEnviarDerivadasslx_sfun.obj
 0002:00000570       __real@41ebae2775200000    0000000180026570     c1_Organizado5PosicionConEnviarDerivadasslx.obj
 0002:00000578       __real@41e6160b6dc00000    0000000180026578     c1_Organizado5PosicionConEnviarDerivadasslx.obj
 0002:00000580       __real@41e1942435e00000    0000000180026580     c1_Organizado5PosicionConEnviarDerivadasslx.obj
 0002:00000588       __real@41b036f439000000    0000000180026588     c1_Organizado5PosicionConEnviarDerivadasslx.obj
 0002:00000590       __real@4024000000000000    0000000180026590     c1_Organizado5PosicionConEnviarDerivadasslx.obj
 0002:00000598       __real@3ff0000000000000    0000000180026598     c1_Organizado5PosicionConEnviarDerivadasslx.obj
 0002:000005a0       __real@c072e00000000000    00000001800265a0     c1_Organizado5PosicionConEnviarDerivadasslx.obj
 0002:000005a8       __real@40f61e8000000000    00000001800265a8     c1_Organizado5PosicionConEnviarDerivadasslx.obj
 0002:000005b0       __mask@@NegDouble@         00000001800265b0     c1_Organizado5PosicionConEnviarDerivadasslx.obj
 0002:000005c0       __real@bff0000000000000    00000001800265c0     c1_Organizado5PosicionConEnviarDerivadasslx.obj
 0002:000005c8       __real@4072e00000000000    00000001800265c8     c1_Organizado5PosicionConEnviarDerivadasslx.obj
 0002:000005d0       __real@4062c00000000000    00000001800265d0     c1_Organizado5PosicionConEnviarDerivadasslx.obj
 0002:000005d8       __real@4060680000000000    00000001800265d8     c1_Organizado5PosicionConEnviarDerivadasslx.obj
 0002:000005e0       __real@40504d85f06f6944    00000001800265e0     c1_Organizado5PosicionConEnviarDerivadasslx.obj
 0002:000005e8       __real@4008000000000000    00000001800265e8     c1_Organizado5PosicionConEnviarDerivadasslx.obj
 0002:000005f0       __real@4018000000000000    00000001800265f0     c1_Organizado5PosicionConEnviarDerivadasslx.obj
 0002:000005f8       __real@402c000000000000    00000001800265f8     c1_Organizado5PosicionConEnviarDerivadasslx.obj
 0002:00000600       __real@3cb0000000000000    0000000180026600     c1_Organizado5PosicionConEnviarDerivadasslx.obj
 0002:00000608       __real@0000000000000000    0000000180026608     c1_Organizado5PosicionConEnviarDerivadasslx.obj
 0002:00000610       __real@41d03cd7fcc00000    0000000180026610     c2_Organizado5PosicionConEnviarDerivadasslx.obj
 0002:00000618       __real@41d1841bf9c00000    0000000180026618     c2_Organizado5PosicionConEnviarDerivadasslx.obj
 0002:00000620       __real@41ef6c8a88800000    0000000180026620     c2_Organizado5PosicionConEnviarDerivadasslx.obj
 0002:00000628       __real@41c24b330c800000    0000000180026628     c2_Organizado5PosicionConEnviarDerivadasslx.obj
 0002:00000630       __real@4069000000000000    0000000180026630     c2_Organizado5PosicionConEnviarDerivadasslx.obj
 0002:00000638       __real@c072c00000000000    0000000180026638     c2_Organizado5PosicionConEnviarDerivadasslx.obj
 0002:00000640       __real@4087700000000000    0000000180026640     c2_Organizado5PosicionConEnviarDerivadasslx.obj
 0002:00000648       __real@c07f400000000000    0000000180026648     c2_Organizado5PosicionConEnviarDerivadasslx.obj
 0002:00000650       __real@3fe2c00000000000    0000000180026650     c2_Organizado5PosicionConEnviarDerivadasslx.obj
 0002:00000658       __real@c017700000000000    0000000180026658     c2_Organizado5PosicionConEnviarDerivadasslx.obj
 0002:00000660       __real@402f400000000000    0000000180026660     c2_Organizado5PosicionConEnviarDerivadasslx.obj
 0002:00000668       __real@c022c00000000000    0000000180026668     c2_Organizado5PosicionConEnviarDerivadasslx.obj
 0002:00000670       __real@4047700000000000    0000000180026670     c2_Organizado5PosicionConEnviarDerivadasslx.obj
 0002:00000678       __real@c04f400000000000    0000000180026678     c2_Organizado5PosicionConEnviarDerivadasslx.obj
 0002:00000680       __real@4022c00000000000    0000000180026680     c2_Organizado5PosicionConEnviarDerivadasslx.obj
 0002:00000688       __real@c047700000000000    0000000180026688     c2_Organizado5PosicionConEnviarDerivadasslx.obj
 0002:00000690       __real@404f400000000000    0000000180026690     c2_Organizado5PosicionConEnviarDerivadasslx.obj
 0002:00000698       __real@406b800000000000    0000000180026698     c2_Organizado5PosicionConEnviarDerivadasslx.obj
 0002:000006a0       __real@4065400000000000    00000001800266a0     c2_Organizado5PosicionConEnviarDerivadasslx.obj
 0002:000006a8       __real@4049000000000000    00000001800266a8     c2_Organizado5PosicionConEnviarDerivadasslx.obj
 0002:000006b0       __real@c049000000000000    00000001800266b0     c2_Organizado5PosicionConEnviarDerivadasslx.obj
 0002:000006b8       __real@4010000000000000    00000001800266b8     c2_Organizado5PosicionConEnviarDerivadasslx.obj
 0002:000006c0       __real@4000000000000000    00000001800266c0     c2_Organizado5PosicionConEnviarDerivadasslx.obj
 0002:000006c8       __real@4014000000000000    00000001800266c8     c2_Organizado5PosicionConEnviarDerivadasslx.obj
 0002:000006d0       DYNAMIC_DIMENSION_DEF      00000001800266d0     Organizado5PosicionConEnviarDerivadasslx_sfun_registry.obj
 0002:000006f0       _ssBadLevel2InputAccessMsg 00000001800266f0     Organizado5PosicionConEnviarDerivadasslx_sfun_registry.obj
 0002:00000880       _ssBadLevel2DirectFeedMsg  0000000180026880     Organizado5PosicionConEnviarDerivadasslx_sfun_registry.obj
 0002:000009c0       _ssBadLevel2DirectFeedSolutionMsg 00000001800269c0     Organizado5PosicionConEnviarDerivadasslx_sfun_registry.obj
 0002:00000a30       _ssBadLevel2ZeroDirectFeedMsg 0000000180026a30     Organizado5PosicionConEnviarDerivadasslx_sfun_registry.obj
 0002:00000b70       _ssBadLevel2ZeroDirectFeedMsg2 0000000180026b70     Organizado5PosicionConEnviarDerivadasslx_sfun_registry.obj
 0002:00000c58       __real@41602cbca0000000    0000000180026c58     Organizado5PosicionConEnviarDerivadasslx_sfun_registry.obj
 0002:00000c60       _pRawDllMain               0000000180026c60     MSVCRT:crtdll.obj
 0002:00000c60       _pDefaultRawDllMain        0000000180026c60     MSVCRT:crtdll.obj
 0002:00000c78       ?ProcessDetach@NativeDll@<CrtImplementationDetails>@@0IB 0000000180026c78     MSVCRT:tncleanup.obj
 0002:00000c7c       ?ProcessAttach@NativeDll@<CrtImplementationDetails>@@0IB 0000000180026c7c     MSVCRT:tncleanup.obj
 0002:00000c80       ?ThreadAttach@NativeDll@<CrtImplementationDetails>@@0IB 0000000180026c80     MSVCRT:tncleanup.obj
 0002:00000c84       ?ThreadDetach@NativeDll@<CrtImplementationDetails>@@0IB 0000000180026c84     MSVCRT:tncleanup.obj
 0002:00000c88       ?ProcessVerifier@NativeDll@<CrtImplementationDetails>@@0IB 0000000180026c88     MSVCRT:tncleanup.obj
 0002:00000c90       __rtc_iaa                  0000000180026c90     MSVCRT:_initsect_.obj
 0002:00000c98       __rtc_izz                  0000000180026c98     MSVCRT:_initsect_.obj
 0002:00000ca0       __rtc_taa                  0000000180026ca0     MSVCRT:_initsect_.obj
 0002:00000ca8       __rtc_tzz                  0000000180026ca8     MSVCRT:_initsect_.obj
 0002:00001510       __IMPORT_DESCRIPTOR_sf_runtime 0000000180027510     sf_runtime:sf_runtime.dll
 0002:00001524       __IMPORT_DESCRIPTOR_libmx  0000000180027524     libmx:libmx.dll
 0002:00001538       __IMPORT_DESCRIPTOR_libmex 0000000180027538     libmex:libmex.dll
 0002:0000154c       __IMPORT_DESCRIPTOR_libut  000000018002754c     libut:libut.dll
 0002:00001560       __IMPORT_DESCRIPTOR_libmwmathutil 0000000180027560     libmwmathutil:libmwmathutil.dll
 0002:00001574       __IMPORT_DESCRIPTOR_MSVCR100 0000000180027574     MSVCRT:MSVCR100.dll
 0002:00001588       __IMPORT_DESCRIPTOR_KERNEL32 0000000180027588     kernel32:KERNEL32.dll
 0002:0000159c       __NULL_IMPORT_DESCRIPTOR   000000018002759c     sf_runtime:sf_runtime.dll
 0003:0000a3b0       DYNAMIC_DIMENSION          00000001800333b0     Organizado5PosicionConEnviarDerivadasslx_sfun_registry.obj
 0003:0000afb8       __security_cookie          0000000180033fb8     MSVCRT:gs_cookie.obj
 0003:0000afc0       __security_cookie_complement 0000000180033fc0     MSVCRT:gs_cookie.obj
 0003:0000afc8       _fltused                   0000000180033fc8     MSVCRT:dllsupp.obj
 0003:0000afd0       __native_dllmain_reason    0000000180033fd0     MSVCRT:natstart.obj
 0003:0000afd4       __native_vcclrit_reason    0000000180033fd4     MSVCRT:natstart.obj
 0003:0000b0e8       sfGlobalDebugInstanceStruct 00000001800340e8     Organizado5PosicionConEnviarDerivadasslx_sfun_registry.obj
 0003:0000b670       ?__type_info_root_node@@3U__type_info_node@@A 0000000180034670     MSVCRT:tncleanup.obj
 0003:0000b680       _Organizado5PosicionConEnviarDerivadasslxMachineNumber_ 0000000180034680     <common>
 0003:0000b684       __native_startup_state     0000000180034684     <common>
 0003:0000b688       __native_startup_lock      0000000180034688     <common>
 0003:0000b690       __onexitend                0000000180034690     <common>
 0003:0000b698       __onexitbegin              0000000180034698     <common>
 0003:0000b6a0       __dyn_tls_init_callback    00000001800346a0     <common>

 entry point at        0001:000247b0

 Static symbols

 0001:00000c70       c1_info_helper             0000000180001c70 f   c1_Organizado5PosicionConEnviarDerivadasslx.obj
 0001:0000a8e0       c1_emlrt_marshallOut       000000018000b8e0 f   c1_Organizado5PosicionConEnviarDerivadasslx.obj
 0001:0000a970       c1_b_emlrt_marshallOut     000000018000b970 f   c1_Organizado5PosicionConEnviarDerivadasslx.obj
 0001:0000a9e0       c1_b_info_helper           000000018000b9e0 f   c1_Organizado5PosicionConEnviarDerivadasslx.obj
 0001:0000cd30       get_sim_state_c1_Organizado5PosicionConEnviarDerivadasslx 000000018000dd30 f   c1_Organizado5PosicionConEnviarDerivadasslx.obj
 0001:0000d060       sf_get_sim_state_info_c1_Organizado5PosicionConEnviarDerivadasslx 000000018000e060 f   c1_Organizado5PosicionConEnviarDerivadasslx.obj
 0001:0000d230       set_sim_state_c1_Organizado5PosicionConEnviarDerivadasslx 000000018000e230 f   c1_Organizado5PosicionConEnviarDerivadasslx.obj
 0001:0000d3a0       c1_update_debugger_state_c1_Organizado5PosicionConEnviarDerivada 000000018000e3a0 f   c1_Organizado5PosicionConEnviarDerivadasslx.obj
 0001:0000d3b0       c1_emlrt_marshallIn        000000018000e3b0 f   c1_Organizado5PosicionConEnviarDerivadasslx.obj
 0001:0000d420       c1_b_emlrt_marshallIn      000000018000e420 f   c1_Organizado5PosicionConEnviarDerivadasslx.obj
 0001:0000d4b0       c1_i_emlrt_marshallIn      000000018000e4b0 f   c1_Organizado5PosicionConEnviarDerivadasslx.obj
 0001:0000d510       c1_j_emlrt_marshallIn      000000018000e510 f   c1_Organizado5PosicionConEnviarDerivadasslx.obj
 0001:0000d610       mdlProcessParameters_c1_Organizado5PosicionConEnviarDerivadasslx 000000018000e610 f   c1_Organizado5PosicionConEnviarDerivadasslx.obj
 0001:0000d6f0       initialize_params_c1_Organizado5PosicionConEnviarDerivadasslx 000000018000e6f0 f   c1_Organizado5PosicionConEnviarDerivadasslx.obj
 0001:0000d700       mdlSetWorkWidths_c1_Organizado5PosicionConEnviarDerivadasslx 000000018000e700 f   c1_Organizado5PosicionConEnviarDerivadasslx.obj
 0001:0000dc30       sf_get_instance_specialization 000000018000ec30 f   c1_Organizado5PosicionConEnviarDerivadasslx.obj
 0001:0000dc40       mdlStart_c1_Organizado5PosicionConEnviarDerivadasslx 000000018000ec40 f   c1_Organizado5PosicionConEnviarDerivadasslx.obj
 0001:0000de70       init_dsm_address_info      000000018000ee70 f   c1_Organizado5PosicionConEnviarDerivadasslx.obj
 0001:0000de80       chart_debug_initialization 000000018000ee80 f   c1_Organizado5PosicionConEnviarDerivadasslx.obj
 0001:0000ee10       init_script_number_translation 000000018000fe10 f   c1_Organizado5PosicionConEnviarDerivadasslx.obj
 0001:0000ee60       c1_sf_marshallOut          000000018000fe60 f   c1_Organizado5PosicionConEnviarDerivadasslx.obj
 0001:0000ef10       c1_sf_marshallIn           000000018000ff10 f   c1_Organizado5PosicionConEnviarDerivadasslx.obj
 0001:0000efb0       sf_opaque_initialize_c1_Organizado5PosicionConEnviarDerivadasslx 000000018000ffb0 f   c1_Organizado5PosicionConEnviarDerivadasslx.obj
 0001:0000eff0       initialize_c1_Organizado5PosicionConEnviarDerivadasslx 000000018000fff0 f   c1_Organizado5PosicionConEnviarDerivadasslx.obj
 0001:0000f040       sf_opaque_enable_c1_Organizado5PosicionConEnviarDerivadasslx 0000000180010040 f   c1_Organizado5PosicionConEnviarDerivadasslx.obj
 0001:0000f060       enable_c1_Organizado5PosicionConEnviarDerivadasslx 0000000180010060 f   c1_Organizado5PosicionConEnviarDerivadasslx.obj
 0001:0000f090       sf_opaque_disable_c1_Organizado5PosicionConEnviarDerivadasslx 0000000180010090 f   c1_Organizado5PosicionConEnviarDerivadasslx.obj
 0001:0000f0b0       disable_c1_Organizado5PosicionConEnviarDerivadasslx 00000001800100b0 f   c1_Organizado5PosicionConEnviarDerivadasslx.obj
 0001:0000f0e0       sf_opaque_gateway_c1_Organizado5PosicionConEnviarDerivadasslx 00000001800100e0 f   c1_Organizado5PosicionConEnviarDerivadasslx.obj
 0001:0000f100       sf_gateway_c1_Organizado5PosicionConEnviarDerivadasslx 0000000180010100 f   c1_Organizado5PosicionConEnviarDerivadasslx.obj
 0001:0000f490       c1_chartstep_c1_Organizado5PosicionConEnviarDerivadasslx 0000000180010490 f   c1_Organizado5PosicionConEnviarDerivadasslx.obj
 0001:000132c0       c1_b_sf_marshallOut        00000001800142c0 f   c1_Organizado5PosicionConEnviarDerivadasslx.obj
 0001:000133e0       c1_b_sf_marshallIn         00000001800143e0 f   c1_Organizado5PosicionConEnviarDerivadasslx.obj
 0001:000134b0       c1_c_emlrt_marshallIn      00000001800144b0 f   c1_Organizado5PosicionConEnviarDerivadasslx.obj
 0001:00013580       c1_c_sf_marshallOut        0000000180014580 f   c1_Organizado5PosicionConEnviarDerivadasslx.obj
 0001:000136e0       c1_c_sf_marshallIn         00000001800146e0 f   c1_Organizado5PosicionConEnviarDerivadasslx.obj
 0001:000137e0       c1_d_emlrt_marshallIn      00000001800147e0 f   c1_Organizado5PosicionConEnviarDerivadasslx.obj
 0001:000138d0       c1_eml_scalar_eg           00000001800148d0 f   c1_Organizado5PosicionConEnviarDerivadasslx.obj
 0001:000138e0       c1_threshold               00000001800148e0 f   c1_Organizado5PosicionConEnviarDerivadasslx.obj
 0001:000138f0       c1_mpower                  00000001800148f0 f   c1_Organizado5PosicionConEnviarDerivadasslx.obj
 0001:00013960       c1_b_eml_scalar_eg         0000000180014960 f   c1_Organizado5PosicionConEnviarDerivadasslx.obj
 0001:00013970       c1_atan2                   0000000180014970 f   c1_Organizado5PosicionConEnviarDerivadasslx.obj
 0001:000139d0       c1_b_mpower                00000001800149d0 f   c1_Organizado5PosicionConEnviarDerivadasslx.obj
 0001:00013fc0       c1_inv2x2                  0000000180014fc0 f   c1_Organizado5PosicionConEnviarDerivadasslx.obj
 0001:00014760       c1_norm                    0000000180015760 f   c1_Organizado5PosicionConEnviarDerivadasslx.obj
 0001:00014a80       c1_eml_warning             0000000180015a80 f   c1_Organizado5PosicionConEnviarDerivadasslx.obj
 0001:00014bd0       c1_b_eml_warning           0000000180015bd0 f   c1_Organizado5PosicionConEnviarDerivadasslx.obj
 0001:00014dd0       c1_c_eml_scalar_eg         0000000180015dd0 f   c1_Organizado5PosicionConEnviarDerivadasslx.obj
 0001:00014de0       c1_f_emlrt_marshallIn      0000000180015de0 f   c1_Organizado5PosicionConEnviarDerivadasslx.obj
 0001:00014e50       c1_g_emlrt_marshallIn      0000000180015e50 f   c1_Organizado5PosicionConEnviarDerivadasslx.obj
 0001:00014f50       c1_b_sqrt                  0000000180015f50 f   c1_Organizado5PosicionConEnviarDerivadasslx.obj
 0001:00014fa0       c1_eml_error               0000000180015fa0 f   c1_Organizado5PosicionConEnviarDerivadasslx.obj
 0001:000151b0       sf_opaque_get_sim_state_c1_Organizado5PosicionConEnviarDerivadasslx 00000001800161b0 f   c1_Organizado5PosicionConEnviarDerivadasslx.obj
 0001:000151d0       sf_opaque_set_sim_state_c1_Organizado5PosicionConEnviarDerivadasslx 00000001800161d0 f   c1_Organizado5PosicionConEnviarDerivadasslx.obj
 0001:00015200       sf_opaque_terminate_c1_Organizado5PosicionConEnviarDerivadasslx 0000000180016200 f   c1_Organizado5PosicionConEnviarDerivadasslx.obj
 0001:000152a0       finalize_c1_Organizado5PosicionConEnviarDerivadasslx 00000001800162a0 f   c1_Organizado5PosicionConEnviarDerivadasslx.obj
 0001:000152b0       sf_opaque_init_subchart_simstructs 00000001800162b0 f   c1_Organizado5PosicionConEnviarDerivadasslx.obj
 0001:000152d0       initSimStructsc1_Organizado5PosicionConEnviarDerivadasslx 00000001800162d0 f   c1_Organizado5PosicionConEnviarDerivadasslx.obj
 0001:000152e0       mdlRTW_c1_Organizado5PosicionConEnviarDerivadasslx 00000001800162e0 f   c1_Organizado5PosicionConEnviarDerivadasslx.obj
 0001:00015390       c2_info_helper             0000000180016390 f   c2_Organizado5PosicionConEnviarDerivadasslx.obj
 0001:00018440       c2_emlrt_marshallOut       0000000180019440 f   c2_Organizado5PosicionConEnviarDerivadasslx.obj
 0001:000184d0       c2_b_emlrt_marshallOut     00000001800194d0 f   c2_Organizado5PosicionConEnviarDerivadasslx.obj
 0001:00018de0       get_sim_state_c2_Organizado5PosicionConEnviarDerivadasslx 0000000180019de0 f   c2_Organizado5PosicionConEnviarDerivadasslx.obj
 0001:00019120       sf_get_sim_state_info_c2_Organizado5PosicionConEnviarDerivadasslx 000000018001a120 f   c2_Organizado5PosicionConEnviarDerivadasslx.obj
 0001:000192f0       set_sim_state_c2_Organizado5PosicionConEnviarDerivadasslx 000000018001a2f0 f   c2_Organizado5PosicionConEnviarDerivadasslx.obj
 0001:00019460       c2_update_debugger_state_c2_Organizado5PosicionConEnviarDerivada 000000018001a460 f   c2_Organizado5PosicionConEnviarDerivadasslx.obj
 0001:00019470       c2_emlrt_marshallIn        000000018001a470 f   c2_Organizado5PosicionConEnviarDerivadasslx.obj
 0001:000194e0       c2_b_emlrt_marshallIn      000000018001a4e0 f   c2_Organizado5PosicionConEnviarDerivadasslx.obj
 0001:00019570       c2_d_emlrt_marshallIn      000000018001a570 f   c2_Organizado5PosicionConEnviarDerivadasslx.obj
 0001:000195d0       c2_e_emlrt_marshallIn      000000018001a5d0 f   c2_Organizado5PosicionConEnviarDerivadasslx.obj
 0001:000196d0       mdlProcessParameters_c2_Organizado5PosicionConEnviarDerivadasslx 000000018001a6d0 f   c2_Organizado5PosicionConEnviarDerivadasslx.obj
 0001:000197b0       initialize_params_c2_Organizado5PosicionConEnviarDerivadasslx 000000018001a7b0 f   c2_Organizado5PosicionConEnviarDerivadasslx.obj
 0001:000197c0       mdlSetWorkWidths_c2_Organizado5PosicionConEnviarDerivadasslx 000000018001a7c0 f   c2_Organizado5PosicionConEnviarDerivadasslx.obj
 0001:00019c90       sf_get_instance_specialization 000000018001ac90 f   c2_Organizado5PosicionConEnviarDerivadasslx.obj
 0001:00019ca0       mdlStart_c2_Organizado5PosicionConEnviarDerivadasslx 000000018001aca0 f   c2_Organizado5PosicionConEnviarDerivadasslx.obj
 0001:00019ed0       init_dsm_address_info      000000018001aed0 f   c2_Organizado5PosicionConEnviarDerivadasslx.obj
 0001:00019ee0       chart_debug_initialization 000000018001aee0 f   c2_Organizado5PosicionConEnviarDerivadasslx.obj
 0001:0001aa90       init_script_number_translation 000000018001ba90 f   c2_Organizado5PosicionConEnviarDerivadasslx.obj
 0001:0001aab0       c2_sf_marshallOut          000000018001bab0 f   c2_Organizado5PosicionConEnviarDerivadasslx.obj
 0001:0001ab60       c2_sf_marshallIn           000000018001bb60 f   c2_Organizado5PosicionConEnviarDerivadasslx.obj
 0001:0001ac00       sf_opaque_initialize_c2_Organizado5PosicionConEnviarDerivadasslx 000000018001bc00 f   c2_Organizado5PosicionConEnviarDerivadasslx.obj
 0001:0001ac40       initialize_c2_Organizado5PosicionConEnviarDerivadasslx 000000018001bc40 f   c2_Organizado5PosicionConEnviarDerivadasslx.obj
 0001:0001ac90       sf_opaque_enable_c2_Organizado5PosicionConEnviarDerivadasslx 000000018001bc90 f   c2_Organizado5PosicionConEnviarDerivadasslx.obj
 0001:0001acb0       enable_c2_Organizado5PosicionConEnviarDerivadasslx 000000018001bcb0 f   c2_Organizado5PosicionConEnviarDerivadasslx.obj
 0001:0001ace0       sf_opaque_disable_c2_Organizado5PosicionConEnviarDerivadasslx 000000018001bce0 f   c2_Organizado5PosicionConEnviarDerivadasslx.obj
 0001:0001ad00       disable_c2_Organizado5PosicionConEnviarDerivadasslx 000000018001bd00 f   c2_Organizado5PosicionConEnviarDerivadasslx.obj
 0001:0001ad30       sf_opaque_gateway_c2_Organizado5PosicionConEnviarDerivadasslx 000000018001bd30 f   c2_Organizado5PosicionConEnviarDerivadasslx.obj
 0001:0001ad50       sf_gateway_c2_Organizado5PosicionConEnviarDerivadasslx 000000018001bd50 f   c2_Organizado5PosicionConEnviarDerivadasslx.obj
 0001:0001b010       c2_chartstep_c2_Organizado5PosicionConEnviarDerivadasslx 000000018001c010 f   c2_Organizado5PosicionConEnviarDerivadasslx.obj
 0001:0001d7f0       c2_mpower                  000000018001e7f0 f   c2_Organizado5PosicionConEnviarDerivadasslx.obj
 0001:0001d870       c2_eml_scalar_eg           000000018001e870 f   c2_Organizado5PosicionConEnviarDerivadasslx.obj
 0001:0001d880       c2_b_mpower                000000018001e880 f   c2_Organizado5PosicionConEnviarDerivadasslx.obj
 0001:0001d900       c2_c_mpower                000000018001e900 f   c2_Organizado5PosicionConEnviarDerivadasslx.obj
 0001:0001d980       c2_d_mpower                000000018001e980 f   c2_Organizado5PosicionConEnviarDerivadasslx.obj
 0001:0001d9f0       sf_opaque_get_sim_state_c2_Organizado5PosicionConEnviarDerivadasslx 000000018001e9f0 f   c2_Organizado5PosicionConEnviarDerivadasslx.obj
 0001:0001da10       sf_opaque_set_sim_state_c2_Organizado5PosicionConEnviarDerivadasslx 000000018001ea10 f   c2_Organizado5PosicionConEnviarDerivadasslx.obj
 0001:0001da40       sf_opaque_terminate_c2_Organizado5PosicionConEnviarDerivadasslx 000000018001ea40 f   c2_Organizado5PosicionConEnviarDerivadasslx.obj
 0001:0001dae0       finalize_c2_Organizado5PosicionConEnviarDerivadasslx 000000018001eae0 f   c2_Organizado5PosicionConEnviarDerivadasslx.obj
 0001:0001daf0       sf_opaque_init_subchart_simstructs 000000018001eaf0 f   c2_Organizado5PosicionConEnviarDerivadasslx.obj
 0001:0001db10       initSimStructsc2_Organizado5PosicionConEnviarDerivadasslx 000000018001eb10 f   c2_Organizado5PosicionConEnviarDerivadasslx.obj
 0001:0001db20       mdlRTW_c2_Organizado5PosicionConEnviarDerivadasslx 000000018001eb20 f   c2_Organizado5PosicionConEnviarDerivadasslx.obj
 0001:0001e490       getChartInfoFromSimStruct  000000018001f490 f   Organizado5PosicionConEnviarDerivadasslx_sfun_registry.obj
 0001:0001fb30       _ssFatalError              0000000180020b30 f   Organizado5PosicionConEnviarDerivadasslx_sfun_registry.obj
 0001:00022be0       ProcessMexSfunctionCmdLineCall 0000000180023be0 f   Organizado5PosicionConEnviarDerivadasslx_sfun_registry.obj
 0001:00022d10       sf_debug_api_wrapper       0000000180023d10 f   Organizado5PosicionConEnviarDerivadasslx_sfun_registry.obj
 0001:00022d60       mdlStart                   0000000180023d60 f   Organizado5PosicionConEnviarDerivadasslx_sfun_registry.obj
 0001:00022d90       mdl_start_processing       0000000180023d90 f   Organizado5PosicionConEnviarDerivadasslx_sfun_registry.obj
 0001:00022e20       mdlTerminate               0000000180023e20 f   Organizado5PosicionConEnviarDerivadasslx_sfun_registry.obj
 0001:00022e50       mdl_terminate_processing   0000000180023e50 f   Organizado5PosicionConEnviarDerivadasslx_sfun_registry.obj
 0001:00022ed0       mdlInitializeSampleTimes   0000000180023ed0 f   Organizado5PosicionConEnviarDerivadasslx_sfun_registry.obj
 0001:00022f00       mdlZeroCrossings           0000000180023f00 f   Organizado5PosicionConEnviarDerivadasslx_sfun_registry.obj
 0001:00022f30       mdl_zeroCrossings_processing 0000000180023f30 f   Organizado5PosicionConEnviarDerivadasslx_sfun_registry.obj
 0001:00022f70       mdlDerivatives             0000000180023f70 f   Organizado5PosicionConEnviarDerivadasslx_sfun_registry.obj
 0001:00022fa0       mdl_derivatives_processing 0000000180023fa0 f   Organizado5PosicionConEnviarDerivadasslx_sfun_registry.obj
 0001:00022ff0       mdlInitializeConditions    0000000180023ff0 f   Organizado5PosicionConEnviarDerivadasslx_sfun_registry.obj
 0001:00023020       mdl_initialize_conditions_processing 0000000180024020 f   Organizado5PosicionConEnviarDerivadasslx_sfun_registry.obj
 0001:00023070       mdlEnable                  0000000180024070 f   Organizado5PosicionConEnviarDerivadasslx_sfun_registry.obj
 0001:000230a0       mdl_enable_processing      00000001800240a0 f   Organizado5PosicionConEnviarDerivadasslx_sfun_registry.obj
 0001:000230e0       mdlDisable                 00000001800240e0 f   Organizado5PosicionConEnviarDerivadasslx_sfun_registry.obj
 0001:00023110       mdl_disable_processing     0000000180024110 f   Organizado5PosicionConEnviarDerivadasslx_sfun_registry.obj
 0001:00023150       mdlOutputs                 0000000180024150 f   Organizado5PosicionConEnviarDerivadasslx_sfun_registry.obj
 0001:00023180       mdl_outputs_processing     0000000180024180 f   Organizado5PosicionConEnviarDerivadasslx_sfun_registry.obj
 0001:00023260       mdl_outputs_continuous_legacy 0000000180024260 f   Organizado5PosicionConEnviarDerivadasslx_sfun_registry.obj
 0001:00023350       mdlGetTimeOfNextVarHit     0000000180024350 f   Organizado5PosicionConEnviarDerivadasslx_sfun_registry.obj
 0001:000233a0       _ProcessMexSfunctionCmdLineCall 00000001800243a0 f   Organizado5PosicionConEnviarDerivadasslx_sfun_registry.obj
 0001:00023af0       mdlSetWorkWidths           0000000180024af0 f   Organizado5PosicionConEnviarDerivadasslx_sfun_registry.obj
 0001:00023b20       mdlProcessParameters       0000000180024b20 f   Organizado5PosicionConEnviarDerivadasslx_sfun_registry.obj
 0001:00023b50       mdlInitializeSizes         0000000180024b50 f   Organizado5PosicionConEnviarDerivadasslx_sfun_registry.obj
 0001:00023b80       mdlExtModeExec             0000000180024b80 f   Organizado5PosicionConEnviarDerivadasslx_sfun_registry.obj
 0001:00023bb0       mdl_ext_mode_exec_processing 0000000180024bb0 f   Organizado5PosicionConEnviarDerivadasslx_sfun_registry.obj
 0001:00023bf0       mdlRTW                     0000000180024bf0 f   Organizado5PosicionConEnviarDerivadasslx_sfun_registry.obj
 0001:00023c30       _CreateSimStruct           0000000180024c30 f   Organizado5PosicionConEnviarDerivadasslx_sfun_registry.obj
 0001:00023dc0       _RegNumInputPortsCB        0000000180024dc0 f   Organizado5PosicionConEnviarDerivadasslx_sfun_registry.obj
 0001:00023e40       _RegNumOutputPortsCB       0000000180024e40 f   Organizado5PosicionConEnviarDerivadasslx_sfun_registry.obj
 0001:000243b8       pre_c_init                 00000001800253b8 f   MSVCRT:crtdll.obj
 0001:00024674       __DllMainCRTStartup        0000000180025674 f   MSVCRT:crtdll.obj
 0001:00024ce0       __DllMainCRTStartup$filt$0 0000000180025ce0 f   MSVCRT:crtdll.obj
 0001:00024d10       __DllMainCRTStartup$fin$1  0000000180025d10 f   MSVCRT:crtdll.obj
 0001:00024d2a       _onexit$fin$0              0000000180025d2a f   MSVCRT:atonexit.obj
 0001:00024d50       _IsNonwritableInCurrentImage$filt$0 0000000180025d50 f   MSVCRT:pesect.obj
